openjdk version "17.0.18" 2026-01-20
OpenJDK Runtime Environment Temurin-17.0.18+8 (build 17.0.18+8)
OpenJDK 64-Bit Server VM Temurin-17.0.18+8 (build 17.0.18+8, mixed mode, sharing)
> Task :core:common:checkKotlinGradlePluginConfigurationErrors SKIPPED
> Task :core:common:compileKotlin UP-TO-DATE
> Task :core:common:compileJava NO-SOURCE
> Task :core:common:processResources NO-SOURCE
> Task :core:common:classes UP-TO-DATE
> Task :core:common:jar UP-TO-DATE
> Task :core:domain:checkKotlinGradlePluginConfigurationErrors SKIPPED
> Task :core:model:checkKotlinGradlePluginConfigurationErrors SKIPPED
> Task :core:model:compileKotlin UP-TO-DATE
> Task :core:model:compileJava NO-SOURCE
> Task :core:model:processResources NO-SOURCE
> Task :core:model:classes UP-TO-DATE
> Task :core:model:jar UP-TO-DATE
> Task :core:domain:compileKotlin UP-TO-DATE
> Task :core:domain:compileJava NO-SOURCE
> Task :core:domain:processResources NO-SOURCE
> Task :core:domain:classes UP-TO-DATE
> Task :core:domain:jar UP-TO-DATE
> Task :app:preBuild UP-TO-DATE
> Task :app:preReleaseBuild UP-TO-DATE
> Task :app:mergeReleaseJniLibFolders
> Task :core:database:preBuild UP-TO-DATE
> Task :core:database:preReleaseBuild UP-TO-DATE
> Task :core:database:mergeReleaseJniLibFolders
> Task :core:database:mergeReleaseNativeLibs NO-SOURCE
> Task :core:datastore:preBuild UP-TO-DATE
> Task :core:datastore:preReleaseBuild UP-TO-DATE
> Task :core:database:copyReleaseJniLibsProjectOnly
> Task :core:datastore:mergeReleaseJniLibFolders
> Task :core:datastore:mergeReleaseNativeLibs NO-SOURCE
> Task :core:designsystem:preBuild UP-TO-DATE
> Task :core:designsystem:preReleaseBuild UP-TO-DATE
> Task :core:datastore:copyReleaseJniLibsProjectOnly
> Task :core:designsystem:mergeReleaseJniLibFolders
> Task :core:designsystem:mergeReleaseNativeLibs NO-SOURCE
> Task :core:files:preBuild UP-TO-DATE
> Task :core:files:preReleaseBuild UP-TO-DATE
> Task :core:designsystem:copyReleaseJniLibsProjectOnly
> Task :core:files:mergeReleaseJniLibFolders
> Task :core:files:mergeReleaseNativeLibs NO-SOURCE
> Task :core:notifications:preBuild UP-TO-DATE
> Task :core:notifications:preReleaseBuild UP-TO-DATE
> Task :core:files:copyReleaseJniLibsProjectOnly
> Task :core:notifications:mergeReleaseJniLibFolders
> Task :core:notifications:mergeReleaseNativeLibs NO-SOURCE
> Task :core:security:preBuild UP-TO-DATE
> Task :core:security:preReleaseBuild UP-TO-DATE
> Task :core:notifications:copyReleaseJniLibsProjectOnly
> Task :core:security:mergeReleaseJniLibFolders
> Task :core:security:mergeReleaseNativeLibs NO-SOURCE
> Task :core:ui:preBuild UP-TO-DATE
> Task :core:ui:preReleaseBuild UP-TO-DATE
> Task :core:security:copyReleaseJniLibsProjectOnly
> Task :core:ui:mergeReleaseJniLibFolders
> Task :core:ui:mergeReleaseNativeLibs NO-SOURCE
> Task :feature:appointments:preBuild UP-TO-DATE
> Task :feature:appointments:preReleaseBuild UP-TO-DATE
> Task :core:ui:copyReleaseJniLibsProjectOnly
> Task :feature:appointments:mergeReleaseJniLibFolders
> Task :feature:appointments:mergeReleaseNativeLibs NO-SOURCE
> Task :feature:dashboard:preBuild UP-TO-DATE
> Task :feature:dashboard:preReleaseBuild UP-TO-DATE
> Task :feature:appointments:copyReleaseJniLibsProjectOnly
> Task :feature:dashboard:mergeReleaseJniLibFolders
> Task :feature:dashboard:mergeReleaseNativeLibs NO-SOURCE
> Task :feature:medications:preBuild UP-TO-DATE
> Task :feature:medications:preReleaseBuild UP-TO-DATE
> Task :feature:dashboard:copyReleaseJniLibsProjectOnly
> Task :feature:medications:mergeReleaseJniLibFolders
> Task :feature:medications:mergeReleaseNativeLibs NO-SOURCE
> Task :feature:onboarding:preBuild UP-TO-DATE
> Task :feature:onboarding:preReleaseBuild UP-TO-DATE
> Task :feature:medications:copyReleaseJniLibsProjectOnly
> Task :feature:onboarding:mergeReleaseJniLibFolders
> Task :feature:onboarding:mergeReleaseNativeLibs NO-SOURCE
> Task :feature:profile:preBuild UP-TO-DATE
> Task :feature:profile:preReleaseBuild UP-TO-DATE
> Task :feature:onboarding:copyReleaseJniLibsProjectOnly
> Task :feature:profile:mergeReleaseJniLibFolders
> Task :feature:profile:mergeReleaseNativeLibs NO-SOURCE
> Task :feature:records:preBuild UP-TO-DATE
> Task :feature:records:preReleaseBuild UP-TO-DATE
> Task :feature:profile:copyReleaseJniLibsProjectOnly
> Task :feature:records:mergeReleaseJniLibFolders
> Task :feature:records:mergeReleaseNativeLibs NO-SOURCE
> Task :feature:reminders:preBuild UP-TO-DATE
> Task :feature:reminders:preReleaseBuild UP-TO-DATE
> Task :feature:records:copyReleaseJniLibsProjectOnly
> Task :feature:reminders:mergeReleaseJniLibFolders
> Task :feature:reminders:mergeReleaseNativeLibs NO-SOURCE
> Task :feature:reports:preBuild UP-TO-DATE
> Task :feature:reports:preReleaseBuild UP-TO-DATE
> Task :feature:reminders:copyReleaseJniLibsProjectOnly
> Task :feature:reports:mergeReleaseJniLibFolders
> Task :feature:reports:mergeReleaseNativeLibs NO-SOURCE
> Task :feature:settings:preBuild UP-TO-DATE
> Task :feature:settings:preReleaseBuild UP-TO-DATE
> Task :feature:reports:copyReleaseJniLibsProjectOnly
> Task :feature:settings:mergeReleaseJniLibFolders
> Task :feature:settings:mergeReleaseNativeLibs NO-SOURCE
> Task :feature:symptoms:preBuild UP-TO-DATE
> Task :feature:symptoms:preReleaseBuild UP-TO-DATE
> Task :feature:settings:copyReleaseJniLibsProjectOnly
> Task :feature:symptoms:mergeReleaseJniLibFolders
> Task :feature:symptoms:mergeReleaseNativeLibs NO-SOURCE
> Task :feature:timeline:preBuild UP-TO-DATE
> Task :feature:timeline:preReleaseBuild UP-TO-DATE
> Task :feature:symptoms:copyReleaseJniLibsProjectOnly
> Task :feature:timeline:mergeReleaseJniLibFolders
> Task :feature:timeline:mergeReleaseNativeLibs NO-SOURCE
> Task :core:database:checkKotlinGradlePluginConfigurationErrors SKIPPED
> Task :feature:timeline:copyReleaseJniLibsProjectOnly
> Task :core:database:generateReleaseResValues
> Task :core:database:generateReleaseResources
> Task :app:mergeReleaseNativeLibs
> Task :core:database:packageReleaseResources
> Task :core:database:processReleaseNavigationResources

> Task :app:stripReleaseDebugSymbols
Unable to strip the following libraries, packaging them as they are: libandroidx.graphics.path.so, libdatastore_shared_counter.so. Run with --info option to learn more.

> Task :core:database:parseReleaseLocalResources
> Task :core:database:generateReleaseRFile
> Task :app:extractReleaseNativeDebugMetadata
> Task :app:mergeReleaseNativeDebugMetadata NO-SOURCE
> Task :core:database:javaPreCompileRelease
> Task :core:notifications:checkKotlinGradlePluginConfigurationErrors SKIPPED
> Task :core:notifications:generateReleaseResValues
> Task :core:notifications:generateReleaseResources
> Task :core:notifications:packageReleaseResources
> Task :core:notifications:processReleaseNavigationResources
> Task :core:notifications:parseReleaseLocalResources
> Task :core:notifications:generateReleaseRFile
> Task :core:notifications:javaPreCompileRelease
> Task :core:security:checkKotlinGradlePluginConfigurationErrors SKIPPED
> Task :core:security:generateReleaseResValues
> Task :core:security:generateReleaseResources
> Task :core:security:packageReleaseResources
> Task :core:security:processReleaseNavigationResources
> Task :core:security:parseReleaseLocalResources
> Task :core:security:generateReleaseRFile
> Task :core:security:compileReleaseKotlin
> Task :core:security:javaPreCompileRelease
> Task :core:security:compileReleaseJavaWithJavac NO-SOURCE
> Task :core:security:mergeReleaseGeneratedProguardFiles
> Task :core:security:exportReleaseConsumerProguardFiles
> Task :core:files:checkKotlinGradlePluginConfigurationErrors SKIPPED
> Task :core:files:generateReleaseResValues
> Task :core:files:generateReleaseResources
> Task :core:files:packageReleaseResources
> Task :core:files:processReleaseNavigationResources
> Task :core:files:parseReleaseLocalResources
> Task :core:files:generateReleaseRFile
> Task :core:files:compileReleaseKotlin
> Task :core:files:javaPreCompileRelease
> Task :core:files:compileReleaseJavaWithJavac NO-SOURCE
> Task :core:files:mergeReleaseGeneratedProguardFiles
> Task :core:files:exportReleaseConsumerProguardFiles
> Task :core:datastore:checkKotlinGradlePluginConfigurationErrors SKIPPED
> Task :core:datastore:generateReleaseResValues
> Task :core:datastore:generateReleaseResources
> Task :core:datastore:packageReleaseResources
> Task :core:datastore:processReleaseNavigationResources
> Task :core:datastore:parseReleaseLocalResources
> Task :core:datastore:generateReleaseRFile
> Task :core:database:kspReleaseKotlin
> Task :core:datastore:compileReleaseKotlin
> Task :core:datastore:javaPreCompileRelease
> Task :core:datastore:compileReleaseJavaWithJavac NO-SOURCE
> Task :core:datastore:mergeReleaseGeneratedProguardFiles
> Task :core:datastore:exportReleaseConsumerProguardFiles
> Task :core:designsystem:checkKotlinGradlePluginConfigurationErrors SKIPPED
> Task :core:designsystem:generateReleaseResValues
> Task :core:designsystem:generateReleaseResources
> Task :core:designsystem:packageReleaseResources
> Task :core:designsystem:processReleaseNavigationResources
> Task :core:designsystem:parseReleaseLocalResources
> Task :core:designsystem:generateReleaseRFile
> Task :core:database:compileReleaseKotlin
> Task :core:designsystem:compileReleaseKotlin
> Task :core:database:compileReleaseJavaWithJavac
> Task :core:database:mergeReleaseGeneratedProguardFiles
> Task :core:database:exportReleaseConsumerProguardFiles
> Task :core:database:bundleLibCompileToJarRelease
> Task :core:designsystem:javaPreCompileRelease
> Task :core:designsystem:compileReleaseJavaWithJavac NO-SOURCE
> Task :core:designsystem:bundleLibCompileToJarRelease
> Task :core:ui:checkKotlinGradlePluginConfigurationErrors SKIPPED
> Task :core:ui:generateReleaseResValues
> Task :core:ui:generateReleaseResources
> Task :core:ui:packageReleaseResources
> Task :core:ui:processReleaseNavigationResources
> Task :core:ui:parseReleaseLocalResources
> Task :core:ui:generateReleaseRFile
> Task :core:notifications:compileReleaseKotlin
> Task :core:notifications:compileReleaseJavaWithJavac NO-SOURCE
> Task :core:notifications:mergeReleaseGeneratedProguardFiles
> Task :core:notifications:exportReleaseConsumerProguardFiles
> Task :core:ui:javaPreCompileRelease
> Task :feature:onboarding:checkKotlinGradlePluginConfigurationErrors SKIPPED
> Task :feature:onboarding:generateReleaseResValues
> Task :feature:onboarding:generateReleaseResources
> Task :feature:onboarding:packageReleaseResources
> Task :feature:onboarding:processReleaseNavigationResources
> Task :feature:onboarding:parseReleaseLocalResources
> Task :feature:onboarding:generateReleaseRFile
> Task :feature:onboarding:javaPreCompileRelease
> Task :feature:dashboard:checkKotlinGradlePluginConfigurationErrors SKIPPED
> Task :feature:dashboard:generateReleaseResValues
> Task :feature:dashboard:generateReleaseResources
> Task :feature:dashboard:packageReleaseResources
> Task :feature:dashboard:processReleaseNavigationResources
> Task :feature:dashboard:parseReleaseLocalResources
> Task :feature:dashboard:generateReleaseRFile
> Task :feature:dashboard:javaPreCompileRelease
> Task :feature:profile:checkKotlinGradlePluginConfigurationErrors SKIPPED
> Task :feature:profile:generateReleaseResValues
> Task :feature:profile:generateReleaseResources
> Task :feature:profile:packageReleaseResources
> Task :feature:profile:processReleaseNavigationResources
> Task :feature:profile:parseReleaseLocalResources
> Task :feature:profile:generateReleaseRFile
> Task :feature:profile:javaPreCompileRelease
> Task :feature:timeline:checkKotlinGradlePluginConfigurationErrors SKIPPED
> Task :feature:timeline:generateReleaseResValues
> Task :feature:timeline:generateReleaseResources
> Task :feature:timeline:packageReleaseResources
> Task :feature:timeline:processReleaseNavigationResources
> Task :feature:timeline:parseReleaseLocalResources
> Task :feature:timeline:generateReleaseRFile
> Task :feature:timeline:javaPreCompileRelease
> Task :feature:symptoms:checkKotlinGradlePluginConfigurationErrors SKIPPED
> Task :feature:symptoms:generateReleaseResValues
> Task :feature:symptoms:generateReleaseResources
> Task :feature:symptoms:packageReleaseResources
> Task :feature:symptoms:processReleaseNavigationResources
> Task :feature:symptoms:parseReleaseLocalResources
> Task :feature:symptoms:generateReleaseRFile
> Task :feature:symptoms:javaPreCompileRelease
> Task :feature:records:checkKotlinGradlePluginConfigurationErrors SKIPPED
> Task :feature:records:generateReleaseResValues
> Task :feature:records:generateReleaseResources
> Task :feature:records:packageReleaseResources
> Task :feature:records:processReleaseNavigationResources
> Task :feature:records:parseReleaseLocalResources
> Task :feature:records:generateReleaseRFile
> Task :feature:records:javaPreCompileRelease
> Task :feature:medications:checkKotlinGradlePluginConfigurationErrors SKIPPED
> Task :feature:medications:generateReleaseResValues
> Task :feature:medications:generateReleaseResources
> Task :feature:medications:packageReleaseResources
> Task :feature:medications:processReleaseNavigationResources
> Task :feature:medications:parseReleaseLocalResources
> Task :feature:medications:generateReleaseRFile
> Task :feature:medications:javaPreCompileRelease
> Task :feature:reminders:checkKotlinGradlePluginConfigurationErrors SKIPPED
> Task :feature:reminders:generateReleaseResValues
> Task :feature:reminders:generateReleaseResources
> Task :feature:reminders:packageReleaseResources
> Task :feature:reminders:processReleaseNavigationResources
> Task :feature:reminders:parseReleaseLocalResources
> Task :feature:reminders:generateReleaseRFile
> Task :feature:reminders:javaPreCompileRelease
> Task :feature:appointments:checkKotlinGradlePluginConfigurationErrors SKIPPED
> Task :feature:appointments:generateReleaseResValues
> Task :feature:appointments:generateReleaseResources
> Task :feature:appointments:packageReleaseResources
> Task :feature:appointments:processReleaseNavigationResources
> Task :feature:appointments:parseReleaseLocalResources
> Task :feature:appointments:generateReleaseRFile
> Task :feature:appointments:javaPreCompileRelease
> Task :feature:reports:checkKotlinGradlePluginConfigurationErrors SKIPPED
> Task :feature:reports:generateReleaseResValues
> Task :feature:reports:generateReleaseResources
> Task :core:ui:compileReleaseKotlin
> Task :feature:reports:packageReleaseResources
> Task :core:ui:compileReleaseJavaWithJavac NO-SOURCE
> Task :feature:reports:processReleaseNavigationResources
> Task :core:ui:bundleLibCompileToJarRelease
> Task :feature:reports:parseReleaseLocalResources
> Task :feature:dashboard:compileReleaseKotlin
> Task :feature:dashboard:compileReleaseJavaWithJavac NO-SOURCE
> Task :feature:dashboard:mergeReleaseGeneratedProguardFiles
> Task :feature:dashboard:exportReleaseConsumerProguardFiles
> Task :feature:onboarding:compileReleaseKotlin
> Task :feature:onboarding:compileReleaseJavaWithJavac NO-SOURCE
> Task :feature:onboarding:mergeReleaseGeneratedProguardFiles
> Task :feature:onboarding:exportReleaseConsumerProguardFiles
> Task :feature:profile:compileReleaseKotlin
> Task :feature:profile:compileReleaseJavaWithJavac NO-SOURCE
> Task :feature:profile:mergeReleaseGeneratedProguardFiles
> Task :feature:profile:exportReleaseConsumerProguardFiles
> Task :feature:timeline:compileReleaseKotlin
> Task :feature:timeline:compileReleaseJavaWithJavac NO-SOURCE
> Task :feature:timeline:mergeReleaseGeneratedProguardFiles
> Task :feature:timeline:exportReleaseConsumerProguardFiles
> Task :feature:symptoms:compileReleaseKotlin
> Task :feature:symptoms:compileReleaseJavaWithJavac NO-SOURCE
> Task :feature:symptoms:mergeReleaseGeneratedProguardFiles
> Task :feature:symptoms:exportReleaseConsumerProguardFiles
> Task :feature:records:compileReleaseKotlin
> Task :feature:records:compileReleaseJavaWithJavac NO-SOURCE
> Task :feature:records:mergeReleaseGeneratedProguardFiles
> Task :feature:records:exportReleaseConsumerProguardFiles
> Task :feature:medications:compileReleaseKotlin
> Task :feature:medications:compileReleaseJavaWithJavac NO-SOURCE
> Task :feature:medications:mergeReleaseGeneratedProguardFiles
> Task :feature:medications:exportReleaseConsumerProguardFiles
> Task :feature:reminders:compileReleaseKotlin
> Task :feature:reminders:compileReleaseJavaWithJavac NO-SOURCE
> Task :feature:reminders:mergeReleaseGeneratedProguardFiles
> Task :feature:reminders:exportReleaseConsumerProguardFiles
> Task :feature:reports:generateReleaseRFile
> Task :feature:appointments:compileReleaseKotlin
> Task :feature:appointments:compileReleaseJavaWithJavac NO-SOURCE
> Task :feature:appointments:mergeReleaseGeneratedProguardFiles
> Task :feature:appointments:exportReleaseConsumerProguardFiles
> Task :feature:reports:javaPreCompileRelease
> Task :feature:settings:checkKotlinGradlePluginConfigurationErrors SKIPPED
> Task :feature:settings:generateReleaseResValues
> Task :feature:settings:generateReleaseResources
> Task :feature:settings:packageReleaseResources
> Task :feature:settings:processReleaseNavigationResources
> Task :feature:settings:parseReleaseLocalResources
> Task :feature:reports:compileReleaseKotlin
> Task :feature:reports:compileReleaseJavaWithJavac NO-SOURCE
> Task :feature:settings:generateReleaseRFile
> Task :feature:reports:mergeReleaseGeneratedProguardFiles
> Task :feature:reports:exportReleaseConsumerProguardFiles
> Task :feature:settings:javaPreCompileRelease
> Task :core:ui:mergeReleaseGeneratedProguardFiles
> Task :core:ui:exportReleaseConsumerProguardFiles
> Task :core:designsystem:mergeReleaseGeneratedProguardFiles
> Task :core:designsystem:exportReleaseConsumerProguardFiles
> Task :app:checkReleaseDuplicateClasses
> Task :core:database:prepareReleaseArtProfile
> Task :core:datastore:prepareReleaseArtProfile
> Task :core:designsystem:prepareReleaseArtProfile
> Task :core:files:prepareReleaseArtProfile
> Task :core:notifications:prepareReleaseArtProfile
> Task :core:security:prepareReleaseArtProfile
> Task :core:ui:prepareReleaseArtProfile
> Task :feature:appointments:prepareReleaseArtProfile
> Task :feature:dashboard:prepareReleaseArtProfile
> Task :feature:medications:prepareReleaseArtProfile
> Task :feature:onboarding:prepareReleaseArtProfile
> Task :feature:profile:prepareReleaseArtProfile
> Task :feature:records:prepareReleaseArtProfile
> Task :feature:reminders:prepareReleaseArtProfile
> Task :feature:reports:prepareReleaseArtProfile
> Task :feature:settings:prepareReleaseArtProfile
> Task :feature:symptoms:prepareReleaseArtProfile
> Task :feature:timeline:prepareReleaseArtProfile
> Task :feature:settings:compileReleaseKotlin
> Task :feature:settings:compileReleaseJavaWithJavac NO-SOURCE
> Task :feature:settings:mergeReleaseGeneratedProguardFiles
> Task :app:mergeReleaseArtProfile
> Task :feature:settings:exportReleaseConsumerProguardFiles
> Task :app:buildKotlinToolingMetadata
> Task :app:checkKotlinGradlePluginConfigurationErrors SKIPPED
> Task :core:database:writeReleaseAarMetadata
> Task :core:datastore:writeReleaseAarMetadata
> Task :core:designsystem:writeReleaseAarMetadata
> Task :core:files:writeReleaseAarMetadata
> Task :core:notifications:writeReleaseAarMetadata
> Task :core:security:writeReleaseAarMetadata
> Task :core:ui:writeReleaseAarMetadata
> Task :feature:appointments:writeReleaseAarMetadata
> Task :feature:dashboard:writeReleaseAarMetadata
> Task :feature:medications:writeReleaseAarMetadata
> Task :feature:onboarding:writeReleaseAarMetadata
> Task :feature:profile:writeReleaseAarMetadata
> Task :feature:records:writeReleaseAarMetadata
> Task :feature:reminders:writeReleaseAarMetadata
> Task :feature:reports:writeReleaseAarMetadata
> Task :feature:settings:writeReleaseAarMetadata
> Task :feature:symptoms:writeReleaseAarMetadata
> Task :feature:timeline:writeReleaseAarMetadata
> Task :app:processReleaseNavigationResources
> Task :app:compileReleaseNavigationResources
> Task :app:checkReleaseAarMetadata
> Task :app:generateReleaseResValues
> Task :app:mapReleaseSourceSetPaths
> Task :app:generateReleaseResources
> Task :app:packageReleaseResources
> Task :app:parseReleaseLocalResources
> Task :app:createReleaseCompatibleScreenManifests
> Task :app:extractDeepLinksRelease
> Task :core:database:extractDeepLinksRelease
> Task :core:database:processReleaseManifest
> Task :core:datastore:extractDeepLinksRelease
> Task :core:datastore:processReleaseManifest
> Task :core:designsystem:extractDeepLinksRelease
> Task :core:designsystem:processReleaseManifest
> Task :core:files:extractDeepLinksRelease
> Task :core:files:processReleaseManifest
> Task :core:notifications:extractDeepLinksRelease
> Task :core:notifications:processReleaseManifest
> Task :core:security:extractDeepLinksRelease
> Task :core:security:processReleaseManifest
> Task :core:ui:extractDeepLinksRelease
> Task :core:ui:processReleaseManifest
> Task :feature:appointments:extractDeepLinksRelease
> Task :feature:appointments:processReleaseManifest
> Task :feature:dashboard:extractDeepLinksRelease
> Task :feature:dashboard:processReleaseManifest
> Task :feature:medications:extractDeepLinksRelease
> Task :feature:medications:processReleaseManifest
> Task :feature:onboarding:extractDeepLinksRelease
> Task :feature:onboarding:processReleaseManifest
> Task :feature:profile:extractDeepLinksRelease
> Task :app:mergeReleaseResources
> Task :feature:records:extractDeepLinksRelease
> Task :feature:profile:processReleaseManifest
> Task :feature:records:processReleaseManifest
> Task :feature:reminders:extractDeepLinksRelease
> Task :feature:reports:extractDeepLinksRelease
> Task :feature:reminders:processReleaseManifest
> Task :feature:settings:extractDeepLinksRelease
> Task :feature:reports:processReleaseManifest
> Task :feature:settings:processReleaseManifest
> Task :feature:symptoms:extractDeepLinksRelease
> Task :feature:timeline:extractDeepLinksRelease
> Task :feature:symptoms:processReleaseManifest
> Task :feature:timeline:processReleaseManifest
> Task :core:datastore:bundleLibCompileToJarRelease
> Task :app:processReleaseMainManifest
> Task :app:processReleaseManifest
> Task :app:processReleaseManifestForPackage
> Task :core:files:bundleLibCompileToJarRelease
> Task :core:notifications:bundleLibCompileToJarRelease
> Task :core:security:bundleLibCompileToJarRelease
> Task :feature:appointments:bundleLibCompileToJarRelease
> Task :feature:dashboard:bundleLibCompileToJarRelease
> Task :feature:medications:bundleLibCompileToJarRelease
> Task :feature:onboarding:bundleLibCompileToJarRelease
> Task :feature:profile:bundleLibCompileToJarRelease
> Task :feature:records:bundleLibCompileToJarRelease
> Task :feature:reminders:bundleLibCompileToJarRelease
> Task :feature:reports:bundleLibCompileToJarRelease
> Task :feature:settings:bundleLibCompileToJarRelease
> Task :feature:symptoms:bundleLibCompileToJarRelease
> Task :feature:timeline:bundleLibCompileToJarRelease
> Task :app:javaPreCompileRelease
> Task :core:notifications:bundleLibRuntimeToJarRelease
> Task :core:database:bundleLibRuntimeToJarRelease
> Task :core:security:bundleLibRuntimeToJarRelease
> Task :core:files:bundleLibRuntimeToJarRelease
> Task :core:datastore:bundleLibRuntimeToJarRelease
> Task :feature:onboarding:bundleLibRuntimeToJarRelease
> Task :feature:dashboard:bundleLibRuntimeToJarRelease
> Task :feature:profile:bundleLibRuntimeToJarRelease
> Task :feature:timeline:bundleLibRuntimeToJarRelease
> Task :feature:symptoms:bundleLibRuntimeToJarRelease
> Task :feature:records:bundleLibRuntimeToJarRelease
> Task :feature:medications:bundleLibRuntimeToJarRelease
> Task :feature:reminders:bundleLibRuntimeToJarRelease
> Task :feature:appointments:bundleLibRuntimeToJarRelease
> Task :feature:reports:bundleLibRuntimeToJarRelease
> Task :feature:settings:bundleLibRuntimeToJarRelease
> Task :core:ui:bundleLibRuntimeToJarRelease
> Task :core:designsystem:bundleLibRuntimeToJarRelease
> Task :app:extractProguardFiles
> Task :core:database:processReleaseJavaRes
> Task :core:datastore:processReleaseJavaRes
> Task :core:designsystem:processReleaseJavaRes
> Task :core:files:processReleaseJavaRes
> Task :core:notifications:processReleaseJavaRes
> Task :core:security:processReleaseJavaRes
> Task :core:ui:processReleaseJavaRes
> Task :feature:appointments:processReleaseJavaRes
> Task :feature:dashboard:processReleaseJavaRes
> Task :feature:medications:processReleaseJavaRes
> Task :feature:onboarding:processReleaseJavaRes
> Task :feature:profile:processReleaseJavaRes
> Task :feature:records:processReleaseJavaRes
> Task :feature:reminders:processReleaseJavaRes
> Task :feature:reports:processReleaseJavaRes
> Task :feature:settings:processReleaseJavaRes
> Task :feature:symptoms:processReleaseJavaRes
> Task :feature:timeline:processReleaseJavaRes
> Task :app:mergeReleaseStartupProfile
> Task :app:mergeReleaseShaders
> Task :app:compileReleaseShaders NO-SOURCE
> Task :app:generateReleaseAssets UP-TO-DATE
> Task :core:database:mergeReleaseShaders
> Task :core:database:compileReleaseShaders NO-SOURCE
> Task :core:database:generateReleaseAssets UP-TO-DATE
> Task :core:database:mergeReleaseAssets
> Task :core:datastore:mergeReleaseShaders
> Task :core:datastore:compileReleaseShaders NO-SOURCE
> Task :core:datastore:generateReleaseAssets UP-TO-DATE
> Task :core:datastore:mergeReleaseAssets
> Task :core:designsystem:mergeReleaseShaders
> Task :core:designsystem:compileReleaseShaders NO-SOURCE
> Task :core:designsystem:generateReleaseAssets UP-TO-DATE
> Task :core:designsystem:mergeReleaseAssets
> Task :core:files:mergeReleaseShaders
> Task :core:files:compileReleaseShaders NO-SOURCE
> Task :core:files:generateReleaseAssets UP-TO-DATE
> Task :core:files:mergeReleaseAssets
> Task :core:notifications:mergeReleaseShaders
> Task :core:notifications:compileReleaseShaders NO-SOURCE
> Task :core:notifications:generateReleaseAssets UP-TO-DATE
> Task :core:notifications:mergeReleaseAssets
> Task :core:security:mergeReleaseShaders
> Task :core:security:compileReleaseShaders NO-SOURCE
> Task :core:security:generateReleaseAssets UP-TO-DATE
> Task :core:security:mergeReleaseAssets
> Task :core:ui:mergeReleaseShaders
> Task :core:ui:compileReleaseShaders NO-SOURCE
> Task :core:ui:generateReleaseAssets UP-TO-DATE
> Task :core:ui:mergeReleaseAssets
> Task :app:processReleaseResources
> Task :feature:appointments:mergeReleaseShaders
> Task :feature:appointments:compileReleaseShaders NO-SOURCE
> Task :feature:appointments:generateReleaseAssets UP-TO-DATE
> Task :feature:appointments:mergeReleaseAssets
> Task :feature:dashboard:mergeReleaseShaders
> Task :feature:dashboard:compileReleaseShaders NO-SOURCE
> Task :feature:dashboard:generateReleaseAssets UP-TO-DATE
> Task :feature:dashboard:mergeReleaseAssets
> Task :feature:medications:mergeReleaseShaders
> Task :feature:medications:compileReleaseShaders NO-SOURCE
> Task :feature:medications:generateReleaseAssets UP-TO-DATE
> Task :feature:medications:mergeReleaseAssets
> Task :feature:onboarding:mergeReleaseShaders
> Task :feature:onboarding:compileReleaseShaders NO-SOURCE
> Task :feature:onboarding:generateReleaseAssets UP-TO-DATE
> Task :feature:onboarding:mergeReleaseAssets
> Task :feature:profile:mergeReleaseShaders
> Task :feature:profile:compileReleaseShaders NO-SOURCE
> Task :feature:profile:generateReleaseAssets UP-TO-DATE
> Task :feature:profile:mergeReleaseAssets
> Task :feature:records:mergeReleaseShaders
> Task :feature:records:compileReleaseShaders NO-SOURCE
> Task :feature:records:generateReleaseAssets UP-TO-DATE
> Task :feature:records:mergeReleaseAssets
> Task :feature:reminders:mergeReleaseShaders
> Task :feature:reminders:compileReleaseShaders NO-SOURCE
> Task :feature:reminders:generateReleaseAssets UP-TO-DATE
> Task :feature:reminders:mergeReleaseAssets
> Task :feature:reports:mergeReleaseShaders
> Task :feature:reports:compileReleaseShaders NO-SOURCE
> Task :feature:reports:generateReleaseAssets UP-TO-DATE
> Task :feature:reports:mergeReleaseAssets
> Task :feature:settings:mergeReleaseShaders
> Task :feature:settings:compileReleaseShaders NO-SOURCE
> Task :feature:settings:generateReleaseAssets UP-TO-DATE
> Task :feature:settings:mergeReleaseAssets
> Task :feature:symptoms:mergeReleaseShaders
> Task :feature:symptoms:compileReleaseShaders NO-SOURCE
> Task :feature:symptoms:generateReleaseAssets UP-TO-DATE
> Task :feature:symptoms:mergeReleaseAssets
> Task :feature:timeline:mergeReleaseShaders
> Task :feature:timeline:compileReleaseShaders NO-SOURCE
> Task :feature:timeline:generateReleaseAssets UP-TO-DATE
> Task :feature:timeline:mergeReleaseAssets
> Task :app:mergeReleaseAssets
> Task :app:compressReleaseAssets
> Task :app:extractReleaseVersionControlInfo
> Task :core:database:createFullJarRelease
> Task :core:database:extractProguardFiles
> Task :core:database:generateReleaseLintModel
> Task :core:database:prepareLintJarForPublish UP-TO-DATE
> Task :core:datastore:createFullJarRelease
> Task :core:datastore:extractProguardFiles
> Task :core:datastore:generateReleaseLintModel
> Task :core:datastore:prepareLintJarForPublish UP-TO-DATE
> Task :core:designsystem:createFullJarRelease
> Task :core:designsystem:extractProguardFiles
> Task :core:designsystem:generateReleaseLintModel
> Task :core:designsystem:prepareLintJarForPublish UP-TO-DATE
> Task :core:files:createFullJarRelease
> Task :core:files:extractProguardFiles
> Task :core:files:generateReleaseLintModel
> Task :core:files:prepareLintJarForPublish UP-TO-DATE
> Task :core:notifications:createFullJarRelease
> Task :core:notifications:extractProguardFiles
> Task :app:kspReleaseKotlin
> Task :core:notifications:generateReleaseLintModel
> Task :core:notifications:prepareLintJarForPublish UP-TO-DATE
> Task :core:security:createFullJarRelease
> Task :core:security:extractProguardFiles
> Task :core:security:generateReleaseLintModel
> Task :core:security:prepareLintJarForPublish UP-TO-DATE
> Task :core:ui:createFullJarRelease
> Task :core:ui:extractProguardFiles
> Task :core:ui:generateReleaseLintModel
> Task :core:ui:prepareLintJarForPublish UP-TO-DATE
> Task :feature:appointments:createFullJarRelease
> Task :feature:appointments:extractProguardFiles
> Task :feature:appointments:generateReleaseLintModel
> Task :feature:appointments:prepareLintJarForPublish UP-TO-DATE
> Task :feature:dashboard:createFullJarRelease
> Task :feature:dashboard:extractProguardFiles
> Task :feature:dashboard:generateReleaseLintModel
> Task :feature:dashboard:prepareLintJarForPublish UP-TO-DATE
> Task :feature:medications:createFullJarRelease
> Task :feature:medications:extractProguardFiles
> Task :feature:medications:generateReleaseLintModel
> Task :feature:medications:prepareLintJarForPublish UP-TO-DATE
> Task :feature:onboarding:createFullJarRelease
> Task :feature:onboarding:extractProguardFiles
> Task :feature:onboarding:generateReleaseLintModel
> Task :feature:onboarding:prepareLintJarForPublish UP-TO-DATE
> Task :feature:profile:createFullJarRelease
> Task :feature:profile:extractProguardFiles
> Task :feature:profile:generateReleaseLintModel
> Task :feature:profile:prepareLintJarForPublish UP-TO-DATE
> Task :feature:records:createFullJarRelease
> Task :feature:records:extractProguardFiles
> Task :feature:records:generateReleaseLintModel
> Task :feature:records:prepareLintJarForPublish UP-TO-DATE
> Task :feature:reminders:createFullJarRelease
> Task :feature:reminders:extractProguardFiles
> Task :feature:reminders:generateReleaseLintModel
> Task :feature:reminders:prepareLintJarForPublish UP-TO-DATE
> Task :feature:reports:createFullJarRelease
> Task :feature:reports:extractProguardFiles
> Task :feature:reports:generateReleaseLintModel
> Task :feature:reports:prepareLintJarForPublish UP-TO-DATE
> Task :feature:settings:createFullJarRelease
> Task :feature:settings:extractProguardFiles
> Task :feature:settings:generateReleaseLintModel
> Task :feature:settings:prepareLintJarForPublish UP-TO-DATE
> Task :feature:symptoms:createFullJarRelease
> Task :feature:symptoms:extractProguardFiles
> Task :feature:symptoms:generateReleaseLintModel
> Task :feature:symptoms:prepareLintJarForPublish UP-TO-DATE
> Task :feature:timeline:createFullJarRelease
> Task :feature:timeline:extractProguardFiles
> Task :feature:timeline:generateReleaseLintModel
> Task :feature:timeline:prepareLintJarForPublish UP-TO-DATE
> Task :core:notifications:checkReleaseAarMetadata
> Task :core:notifications:stripReleaseDebugSymbols NO-SOURCE
> Task :core:notifications:copyReleaseJniLibsProjectAndLocalJars
> Task :core:notifications:extractDeepLinksForAarRelease
> Task :core:notifications:extractReleaseAnnotations
> Task :core:notifications:mergeReleaseConsumerProguardFiles
> Task :core:notifications:mergeReleaseJavaResource
> Task :core:notifications:syncReleaseLibJars
> Task :core:notifications:bundleReleaseLocalLintAar
> Task :core:database:checkReleaseAarMetadata
> Task :core:database:stripReleaseDebugSymbols NO-SOURCE
> Task :core:database:copyReleaseJniLibsProjectAndLocalJars
> Task :core:database:extractDeepLinksForAarRelease
> Task :core:database:extractReleaseAnnotations
> Task :core:database:mergeReleaseConsumerProguardFiles
> Task :core:database:mergeReleaseJavaResource
> Task :core:database:syncReleaseLibJars
> Task :core:database:bundleReleaseLocalLintAar
> Task :core:security:checkReleaseAarMetadata
> Task :core:security:stripReleaseDebugSymbols NO-SOURCE
> Task :core:security:copyReleaseJniLibsProjectAndLocalJars
> Task :core:security:extractDeepLinksForAarRelease
> Task :core:security:extractReleaseAnnotations
> Task :core:security:mergeReleaseConsumerProguardFiles
> Task :core:security:mergeReleaseJavaResource
> Task :core:security:syncReleaseLibJars
> Task :core:security:bundleReleaseLocalLintAar
> Task :core:files:checkReleaseAarMetadata
> Task :core:files:stripReleaseDebugSymbols NO-SOURCE
> Task :core:files:copyReleaseJniLibsProjectAndLocalJars
> Task :core:files:extractDeepLinksForAarRelease
> Task :core:files:extractReleaseAnnotations
> Task :core:files:mergeReleaseConsumerProguardFiles
> Task :core:files:mergeReleaseJavaResource
> Task :core:files:syncReleaseLibJars
> Task :core:files:bundleReleaseLocalLintAar
> Task :core:datastore:checkReleaseAarMetadata
> Task :core:datastore:stripReleaseDebugSymbols NO-SOURCE
> Task :core:datastore:copyReleaseJniLibsProjectAndLocalJars
> Task :core:datastore:extractDeepLinksForAarRelease
> Task :core:datastore:extractReleaseAnnotations
> Task :core:datastore:mergeReleaseConsumerProguardFiles
> Task :core:datastore:mergeReleaseJavaResource
> Task :core:datastore:syncReleaseLibJars
> Task :core:datastore:bundleReleaseLocalLintAar
> Task :feature:onboarding:checkReleaseAarMetadata
> Task :feature:onboarding:stripReleaseDebugSymbols NO-SOURCE
> Task :feature:onboarding:copyReleaseJniLibsProjectAndLocalJars
> Task :feature:onboarding:extractDeepLinksForAarRelease
> Task :feature:onboarding:extractReleaseAnnotations
> Task :feature:onboarding:mergeReleaseConsumerProguardFiles
> Task :feature:onboarding:mergeReleaseJavaResource
> Task :feature:onboarding:syncReleaseLibJars
> Task :feature:onboarding:bundleReleaseLocalLintAar
> Task :feature:dashboard:checkReleaseAarMetadata
> Task :feature:dashboard:stripReleaseDebugSymbols NO-SOURCE
> Task :feature:dashboard:copyReleaseJniLibsProjectAndLocalJars
> Task :feature:dashboard:extractDeepLinksForAarRelease
> Task :feature:dashboard:extractReleaseAnnotations
> Task :feature:dashboard:mergeReleaseConsumerProguardFiles
> Task :feature:dashboard:mergeReleaseJavaResource
> Task :feature:dashboard:syncReleaseLibJars
> Task :feature:dashboard:bundleReleaseLocalLintAar
> Task :feature:profile:checkReleaseAarMetadata
> Task :feature:profile:stripReleaseDebugSymbols NO-SOURCE
> Task :feature:profile:copyReleaseJniLibsProjectAndLocalJars
> Task :feature:profile:extractDeepLinksForAarRelease
> Task :feature:profile:extractReleaseAnnotations
> Task :feature:profile:mergeReleaseConsumerProguardFiles
> Task :feature:profile:mergeReleaseJavaResource
> Task :feature:profile:syncReleaseLibJars
> Task :feature:profile:bundleReleaseLocalLintAar
> Task :feature:timeline:checkReleaseAarMetadata
> Task :feature:timeline:stripReleaseDebugSymbols NO-SOURCE
> Task :feature:timeline:copyReleaseJniLibsProjectAndLocalJars
> Task :feature:timeline:extractDeepLinksForAarRelease
> Task :feature:timeline:extractReleaseAnnotations
> Task :feature:timeline:mergeReleaseConsumerProguardFiles
> Task :feature:timeline:mergeReleaseJavaResource
> Task :feature:timeline:syncReleaseLibJars
> Task :feature:timeline:bundleReleaseLocalLintAar
> Task :feature:symptoms:checkReleaseAarMetadata
> Task :feature:symptoms:stripReleaseDebugSymbols NO-SOURCE
> Task :feature:symptoms:copyReleaseJniLibsProjectAndLocalJars
> Task :feature:symptoms:extractDeepLinksForAarRelease
> Task :feature:symptoms:extractReleaseAnnotations
> Task :feature:symptoms:mergeReleaseConsumerProguardFiles
> Task :feature:symptoms:mergeReleaseJavaResource
> Task :feature:symptoms:syncReleaseLibJars
> Task :feature:symptoms:bundleReleaseLocalLintAar
> Task :feature:records:checkReleaseAarMetadata
> Task :feature:records:stripReleaseDebugSymbols NO-SOURCE
> Task :feature:records:copyReleaseJniLibsProjectAndLocalJars
> Task :feature:records:extractDeepLinksForAarRelease
> Task :feature:records:extractReleaseAnnotations
> Task :feature:records:mergeReleaseConsumerProguardFiles
> Task :feature:records:mergeReleaseJavaResource
> Task :feature:records:syncReleaseLibJars
> Task :feature:records:bundleReleaseLocalLintAar
> Task :feature:medications:checkReleaseAarMetadata
> Task :feature:medications:stripReleaseDebugSymbols NO-SOURCE
> Task :feature:medications:copyReleaseJniLibsProjectAndLocalJars
> Task :feature:medications:extractDeepLinksForAarRelease
> Task :feature:medications:extractReleaseAnnotations
> Task :feature:medications:mergeReleaseConsumerProguardFiles
> Task :feature:medications:mergeReleaseJavaResource
> Task :feature:medications:syncReleaseLibJars
> Task :feature:medications:bundleReleaseLocalLintAar
> Task :feature:reminders:checkReleaseAarMetadata
> Task :feature:reminders:stripReleaseDebugSymbols NO-SOURCE
> Task :feature:reminders:copyReleaseJniLibsProjectAndLocalJars
> Task :feature:reminders:extractDeepLinksForAarRelease
> Task :feature:reminders:extractReleaseAnnotations
> Task :feature:reminders:mergeReleaseConsumerProguardFiles
> Task :feature:reminders:mergeReleaseJavaResource
> Task :feature:reminders:syncReleaseLibJars
> Task :feature:reminders:bundleReleaseLocalLintAar
> Task :feature:appointments:checkReleaseAarMetadata
> Task :feature:appointments:stripReleaseDebugSymbols NO-SOURCE
> Task :feature:appointments:copyReleaseJniLibsProjectAndLocalJars
> Task :feature:appointments:extractDeepLinksForAarRelease
> Task :feature:appointments:extractReleaseAnnotations
> Task :feature:appointments:mergeReleaseConsumerProguardFiles
> Task :feature:appointments:mergeReleaseJavaResource
> Task :feature:appointments:syncReleaseLibJars
> Task :feature:appointments:bundleReleaseLocalLintAar
> Task :feature:reports:checkReleaseAarMetadata
> Task :feature:reports:stripReleaseDebugSymbols NO-SOURCE
> Task :feature:reports:copyReleaseJniLibsProjectAndLocalJars
> Task :feature:reports:extractDeepLinksForAarRelease
> Task :feature:reports:extractReleaseAnnotations
> Task :feature:reports:mergeReleaseConsumerProguardFiles
> Task :feature:reports:mergeReleaseJavaResource
> Task :feature:reports:syncReleaseLibJars
> Task :feature:reports:bundleReleaseLocalLintAar
> Task :feature:settings:checkReleaseAarMetadata
> Task :feature:settings:stripReleaseDebugSymbols NO-SOURCE
> Task :feature:settings:copyReleaseJniLibsProjectAndLocalJars
> Task :feature:settings:extractDeepLinksForAarRelease
> Task :feature:settings:extractReleaseAnnotations
> Task :feature:settings:mergeReleaseConsumerProguardFiles
> Task :feature:settings:mergeReleaseJavaResource
> Task :feature:settings:syncReleaseLibJars
> Task :feature:settings:bundleReleaseLocalLintAar
> Task :core:ui:checkReleaseAarMetadata
> Task :core:ui:stripReleaseDebugSymbols NO-SOURCE
> Task :core:ui:copyReleaseJniLibsProjectAndLocalJars
> Task :core:ui:extractDeepLinksForAarRelease
> Task :core:ui:extractReleaseAnnotations
> Task :core:ui:mergeReleaseConsumerProguardFiles
> Task :core:ui:mergeReleaseJavaResource
> Task :core:ui:syncReleaseLibJars
> Task :core:ui:bundleReleaseLocalLintAar
> Task :core:designsystem:checkReleaseAarMetadata
> Task :core:designsystem:stripReleaseDebugSymbols NO-SOURCE
> Task :core:designsystem:copyReleaseJniLibsProjectAndLocalJars
> Task :core:designsystem:extractDeepLinksForAarRelease
> Task :core:designsystem:extractReleaseAnnotations
> Task :core:designsystem:mergeReleaseConsumerProguardFiles
> Task :core:designsystem:mergeReleaseJavaResource
> Task :core:designsystem:syncReleaseLibJars
> Task :core:designsystem:bundleReleaseLocalLintAar
> Task :app:compileReleaseKotlin
> Task :app:compileReleaseJavaWithJavac
> Task :app:hiltAggregateDepsRelease
> Task :core:database:lintVitalAnalyzeRelease
> Task :app:hiltJavaCompileRelease
> Task :app:processReleaseJavaRes
> Task :app:transformReleaseClassesWithAsm
> Task :app:mergeReleaseJavaResource
> Task :app:mergeReleaseGeneratedProguardFiles
> Task :app:generateReleaseLintVitalReportModel
> Task :core:database:writeReleaseLintModelMetadata
> Task :core:datastore:lintVitalAnalyzeRelease
> Task :core:datastore:writeReleaseLintModelMetadata
> Task :app:expandReleaseArtProfileWildcards
> Task :core:designsystem:lintVitalAnalyzeRelease
> Task :core:designsystem:writeReleaseLintModelMetadata
> Task :core:files:lintVitalAnalyzeRelease
> Task :core:files:writeReleaseLintModelMetadata
> Task :core:notifications:lintVitalAnalyzeRelease
> Task :core:notifications:writeReleaseLintModelMetadata
> Task :app:minifyReleaseWithR8
> Task :core:security:lintVitalAnalyzeRelease
> Task :core:security:writeReleaseLintModelMetadata
> Task :core:ui:lintVitalAnalyzeRelease
> Task :core:ui:writeReleaseLintModelMetadata
> Task :feature:appointments:lintVitalAnalyzeRelease
> Task :feature:appointments:writeReleaseLintModelMetadata
> Task :feature:dashboard:lintVitalAnalyzeRelease
> Task :feature:dashboard:writeReleaseLintModelMetadata
> Task :feature:medications:lintVitalAnalyzeRelease
> Task :feature:medications:writeReleaseLintModelMetadata
> Task :feature:onboarding:lintVitalAnalyzeRelease
> Task :feature:onboarding:writeReleaseLintModelMetadata
> Task :feature:profile:lintVitalAnalyzeRelease
> Task :feature:profile:writeReleaseLintModelMetadata
> Task :feature:records:lintVitalAnalyzeRelease
> Task :feature:records:writeReleaseLintModelMetadata
> Task :feature:reminders:lintVitalAnalyzeRelease
> Task :feature:reminders:writeReleaseLintModelMetadata
> Task :feature:reports:lintVitalAnalyzeRelease
> Task :feature:reports:writeReleaseLintModelMetadata
> Task :feature:settings:lintVitalAnalyzeRelease
> Task :feature:settings:writeReleaseLintModelMetadata
> Task :feature:symptoms:lintVitalAnalyzeRelease
> Task :feature:symptoms:writeReleaseLintModelMetadata
> Task :feature:timeline:lintVitalAnalyzeRelease
> Task :feature:timeline:writeReleaseLintModelMetadata
> Task :app:lintVitalAnalyzeRelease
> Task :core:database:generateReleaseLintVitalModel
> Task :core:datastore:generateReleaseLintVitalModel
> Task :core:designsystem:generateReleaseLintVitalModel
> Task :core:files:generateReleaseLintVitalModel
> Task :core:notifications:generateReleaseLintVitalModel
> Task :core:security:generateReleaseLintVitalModel
> Task :core:ui:generateReleaseLintVitalModel
> Task :feature:appointments:generateReleaseLintVitalModel
> Task :feature:dashboard:generateReleaseLintVitalModel
> Task :feature:medications:generateReleaseLintVitalModel
> Task :feature:onboarding:generateReleaseLintVitalModel
> Task :feature:profile:generateReleaseLintVitalModel
> Task :feature:records:generateReleaseLintVitalModel
> Task :feature:reminders:generateReleaseLintVitalModel
> Task :feature:reports:generateReleaseLintVitalModel
> Task :feature:settings:generateReleaseLintVitalModel
> Task :feature:symptoms:generateReleaseLintVitalModel
> Task :feature:timeline:generateReleaseLintVitalModel
> Task :app:lintVitalReportRelease
> Task :app:lintVitalRelease
> Task :app:collectReleaseDependencies
> Task :app:sdkReleaseDependencyData
> Task :app:writeReleaseAppMetadata
> Task :app:writeReleaseSigningConfigVersions
> Task :core:database:bundleReleaseAar
> Task :core:database:mapReleaseSourceSetPaths
> Task :core:database:mergeReleaseResources
> Task :core:database:verifyReleaseResources
> Task :core:database:assembleRelease
> Task :core:datastore:bundleReleaseAar
> Task :core:datastore:mapReleaseSourceSetPaths
> Task :core:datastore:mergeReleaseResources
> Task :core:datastore:verifyReleaseResources
> Task :core:datastore:assembleRelease
> Task :core:designsystem:bundleReleaseAar
> Task :core:designsystem:mapReleaseSourceSetPaths
> Task :core:designsystem:mergeReleaseResources
> Task :core:designsystem:verifyReleaseResources
> Task :core:designsystem:assembleRelease
> Task :core:files:bundleReleaseAar
> Task :core:files:mapReleaseSourceSetPaths
> Task :core:files:mergeReleaseResources
> Task :core:files:verifyReleaseResources
> Task :core:files:assembleRelease
> Task :core:notifications:bundleReleaseAar
> Task :core:database:compileReleaseLibraryResources
> Task :core:notifications:mapReleaseSourceSetPaths
> Task :core:notifications:mergeReleaseResources
> Task :core:notifications:verifyReleaseResources
> Task :core:notifications:assembleRelease
> Task :core:security:bundleReleaseAar
> Task :core:security:mapReleaseSourceSetPaths
> Task :core:security:mergeReleaseResources
> Task :core:security:verifyReleaseResources
> Task :core:security:assembleRelease
> Task :core:ui:bundleReleaseAar
> Task :core:designsystem:compileReleaseLibraryResources
> Task :core:ui:mapReleaseSourceSetPaths
> Task :core:ui:mergeReleaseResources
> Task :core:ui:verifyReleaseResources
> Task :core:ui:assembleRelease
> Task :feature:appointments:bundleReleaseAar
> Task :core:ui:compileReleaseLibraryResources
> Task :feature:appointments:mapReleaseSourceSetPaths
> Task :feature:appointments:mergeReleaseResources
> Task :feature:appointments:verifyReleaseResources
> Task :feature:appointments:assembleRelease
> Task :feature:dashboard:bundleReleaseAar
> Task :feature:dashboard:mapReleaseSourceSetPaths
> Task :feature:dashboard:mergeReleaseResources
> Task :feature:dashboard:verifyReleaseResources
> Task :feature:dashboard:assembleRelease
> Task :feature:medications:bundleReleaseAar
> Task :feature:medications:mapReleaseSourceSetPaths
> Task :feature:medications:mergeReleaseResources
> Task :feature:medications:verifyReleaseResources
> Task :feature:medications:assembleRelease
> Task :feature:onboarding:bundleReleaseAar
> Task :feature:onboarding:mapReleaseSourceSetPaths
> Task :feature:onboarding:mergeReleaseResources
> Task :feature:onboarding:verifyReleaseResources
> Task :feature:onboarding:assembleRelease
> Task :feature:profile:bundleReleaseAar
> Task :feature:profile:mapReleaseSourceSetPaths
> Task :feature:profile:mergeReleaseResources
> Task :feature:profile:verifyReleaseResources
> Task :feature:profile:assembleRelease
> Task :feature:records:bundleReleaseAar
> Task :feature:records:mapReleaseSourceSetPaths
> Task :feature:records:mergeReleaseResources
> Task :feature:records:verifyReleaseResources
> Task :feature:records:assembleRelease
> Task :feature:reminders:bundleReleaseAar
> Task :feature:reminders:mapReleaseSourceSetPaths
> Task :feature:reminders:mergeReleaseResources
> Task :feature:reminders:verifyReleaseResources
> Task :feature:reminders:assembleRelease
> Task :feature:reports:bundleReleaseAar
> Task :feature:reports:mapReleaseSourceSetPaths
> Task :feature:reports:mergeReleaseResources
> Task :feature:reports:verifyReleaseResources
> Task :feature:reports:assembleRelease
> Task :feature:settings:bundleReleaseAar
> Task :feature:settings:mapReleaseSourceSetPaths
> Task :feature:settings:mergeReleaseResources
> Task :feature:settings:verifyReleaseResources
> Task :feature:settings:assembleRelease
> Task :feature:symptoms:bundleReleaseAar
> Task :feature:symptoms:mapReleaseSourceSetPaths
> Task :feature:symptoms:mergeReleaseResources
> Task :feature:symptoms:verifyReleaseResources
> Task :feature:symptoms:assembleRelease
> Task :feature:timeline:bundleReleaseAar
> Task :feature:timeline:mapReleaseSourceSetPaths
> Task :feature:timeline:mergeReleaseResources
> Task :feature:timeline:verifyReleaseResources
> Task :feature:timeline:assembleRelease
> Task :app:convertShrunkResourcesToBinaryRelease
> Task :app:compileReleaseArtProfile
> Task :app:optimizeReleaseResources
> Task :app:packageRelease
> Task :app:createReleaseApkListingFileRedirect
> Task :app:assembleRelease

BUILD SUCCESSFUL in 7m 16s
784 actionable tasks: 760 executed, 24 up-to-date
