openjdk version "17.0.18" 2026-01-20
OpenJDK Runtime Environment Temurin-17.0.18+8 (build 17.0.18+8)
OpenJDK 64-Bit Server VM Temurin-17.0.18+8 (build 17.0.18+8, mixed mode, sharing)
> Task :app:preBuild UP-TO-DATE
> Task :app:preDebugBuild UP-TO-DATE
> Task :app:mergeDebugNativeDebugMetadata NO-SOURCE
> Task :core:common:checkKotlinGradlePluginConfigurationErrors SKIPPED
> Task :core:common:processResources NO-SOURCE
> Task :core:domain:checkKotlinGradlePluginConfigurationErrors SKIPPED
> Task :core:model:checkKotlinGradlePluginConfigurationErrors SKIPPED
> Task :core:model:processResources NO-SOURCE
> Task :core:domain:processResources NO-SOURCE
> Task :app:checkKotlinGradlePluginConfigurationErrors SKIPPED
> Task :core:database:preBuild UP-TO-DATE
> Task :core:database:preDebugBuild UP-TO-DATE
> Task :core:database:writeDebugAarMetadata
> Task :core:datastore:preBuild UP-TO-DATE
> Task :core:datastore:preDebugBuild UP-TO-DATE
> Task :core:datastore:writeDebugAarMetadata
> Task :core:designsystem:preBuild UP-TO-DATE
> Task :core:designsystem:preDebugBuild UP-TO-DATE
> Task :core:designsystem:writeDebugAarMetadata
> Task :core:files:preBuild UP-TO-DATE
> Task :core:files:preDebugBuild UP-TO-DATE
> Task :core:files:writeDebugAarMetadata
> Task :core:notifications:preBuild UP-TO-DATE
> Task :core:notifications:preDebugBuild UP-TO-DATE
> Task :core:notifications:writeDebugAarMetadata
> Task :core:security:preBuild UP-TO-DATE
> Task :core:security:preDebugBuild UP-TO-DATE
> Task :core:security:writeDebugAarMetadata
> Task :core:ui:preBuild UP-TO-DATE
> Task :core:ui:preDebugBuild UP-TO-DATE
> Task :core:ui:writeDebugAarMetadata
> Task :feature:appointments:preBuild UP-TO-DATE
> Task :feature:appointments:preDebugBuild UP-TO-DATE
> Task :feature:appointments:writeDebugAarMetadata
> Task :feature:dashboard:preBuild UP-TO-DATE
> Task :feature:dashboard:preDebugBuild UP-TO-DATE
> Task :feature:dashboard:writeDebugAarMetadata
> Task :feature:medications:preBuild UP-TO-DATE
> Task :feature:medications:preDebugBuild UP-TO-DATE
> Task :feature:medications:writeDebugAarMetadata
> Task :feature:onboarding:preBuild UP-TO-DATE
> Task :feature:onboarding:preDebugBuild UP-TO-DATE
> Task :feature:onboarding:writeDebugAarMetadata
> Task :feature:profile:preBuild UP-TO-DATE
> Task :feature:profile:preDebugBuild UP-TO-DATE
> Task :feature:profile:writeDebugAarMetadata
> Task :feature:records:preBuild UP-TO-DATE
> Task :feature:records:preDebugBuild UP-TO-DATE
> Task :feature:records:writeDebugAarMetadata
> Task :feature:reminders:preBuild UP-TO-DATE
> Task :feature:reminders:preDebugBuild UP-TO-DATE
> Task :feature:reminders:writeDebugAarMetadata
> Task :feature:reports:preBuild UP-TO-DATE
> Task :feature:reports:preDebugBuild UP-TO-DATE
> Task :feature:reports:writeDebugAarMetadata
> Task :feature:settings:preBuild UP-TO-DATE
> Task :feature:settings:preDebugBuild UP-TO-DATE
> Task :feature:settings:writeDebugAarMetadata
> Task :feature:symptoms:preBuild UP-TO-DATE
> Task :feature:symptoms:preDebugBuild UP-TO-DATE
> Task :feature:symptoms:writeDebugAarMetadata
> Task :feature:timeline:preBuild UP-TO-DATE
> Task :feature:timeline:preDebugBuild UP-TO-DATE
> Task :feature:timeline:writeDebugAarMetadata
> Task :app:checkDebugAarMetadata
> Task :core:database:processDebugNavigationResources
> Task :core:datastore:processDebugNavigationResources
> Task :core:designsystem:processDebugNavigationResources
> Task :core:files:processDebugNavigationResources
> Task :core:notifications:processDebugNavigationResources
> Task :core:security:processDebugNavigationResources
> Task :core:ui:processDebugNavigationResources
> Task :feature:appointments:processDebugNavigationResources
> Task :feature:dashboard:processDebugNavigationResources
> Task :feature:medications:processDebugNavigationResources
> Task :feature:onboarding:processDebugNavigationResources
> Task :feature:profile:processDebugNavigationResources
> Task :feature:records:processDebugNavigationResources
> Task :feature:reminders:processDebugNavigationResources
> Task :feature:reports:processDebugNavigationResources
> Task :feature:settings:processDebugNavigationResources
> Task :feature:symptoms:processDebugNavigationResources
> Task :feature:timeline:processDebugNavigationResources
> Task :app:processDebugNavigationResources
> Task :app:compileDebugNavigationResources
> Task :app:generateDebugResValues
> Task :core:database:generateDebugResValues
> Task :core:database:generateDebugResources
> Task :core:database:packageDebugResources
> Task :core:datastore:generateDebugResValues
> Task :core:datastore:generateDebugResources
> Task :core:datastore:packageDebugResources
> Task :core:designsystem:generateDebugResValues
> Task :core:designsystem:generateDebugResources
> Task :core:designsystem:packageDebugResources
> Task :core:files:generateDebugResValues
> Task :core:files:generateDebugResources
> Task :core:files:packageDebugResources
> Task :core:notifications:generateDebugResValues
> Task :core:notifications:generateDebugResources
> Task :core:notifications:packageDebugResources
> Task :core:security:generateDebugResValues
> Task :core:security:generateDebugResources
> Task :core:security:packageDebugResources
> Task :core:ui:generateDebugResValues
> Task :core:ui:generateDebugResources
> Task :core:ui:packageDebugResources
> Task :feature:appointments:generateDebugResValues
> Task :feature:appointments:generateDebugResources
> Task :feature:appointments:packageDebugResources
> Task :feature:dashboard:generateDebugResValues
> Task :feature:dashboard:generateDebugResources
> Task :feature:dashboard:packageDebugResources
> Task :feature:medications:generateDebugResValues
> Task :feature:medications:generateDebugResources
> Task :feature:medications:packageDebugResources
> Task :feature:onboarding:generateDebugResValues
> Task :feature:onboarding:generateDebugResources
> Task :feature:onboarding:packageDebugResources
> Task :feature:profile:generateDebugResValues
> Task :feature:profile:generateDebugResources
> Task :feature:profile:packageDebugResources
> Task :feature:records:generateDebugResValues
> Task :feature:records:generateDebugResources
> Task :feature:records:packageDebugResources
> Task :feature:reminders:generateDebugResValues
> Task :feature:reminders:generateDebugResources
> Task :feature:reminders:packageDebugResources
> Task :feature:reports:generateDebugResValues
> Task :feature:reports:generateDebugResources
> Task :feature:reports:packageDebugResources
> Task :feature:settings:generateDebugResValues
> Task :feature:settings:generateDebugResources
> Task :feature:settings:packageDebugResources
> Task :feature:symptoms:generateDebugResValues
> Task :feature:symptoms:generateDebugResources
> Task :feature:symptoms:packageDebugResources
> Task :feature:timeline:generateDebugResValues
> Task :feature:timeline:generateDebugResources
> Task :feature:timeline:packageDebugResources
> Task :app:mapDebugSourceSetPaths
> Task :app:generateDebugResources
> Task :app:mergeDebugResources
> Task :app:packageDebugResources
> Task :app:parseDebugLocalResources
> Task :app:createDebugCompatibleScreenManifests
> Task :app:extractDeepLinksDebug
> Task :core:database:extractDeepLinksDebug
> Task :core:database:processDebugManifest
> Task :core:datastore:extractDeepLinksDebug
> Task :core:datastore:processDebugManifest
> Task :core:designsystem:extractDeepLinksDebug
> Task :core:designsystem:processDebugManifest
> Task :core:files:extractDeepLinksDebug
> Task :core:files:processDebugManifest
> Task :core:notifications:extractDeepLinksDebug
> Task :core:notifications:processDebugManifest
> Task :core:security:extractDeepLinksDebug
> Task :core:security:processDebugManifest
> Task :core:ui:extractDeepLinksDebug
> Task :core:ui:processDebugManifest
> Task :feature:appointments:extractDeepLinksDebug
> Task :feature:appointments:processDebugManifest
> Task :feature:dashboard:extractDeepLinksDebug
> Task :feature:dashboard:processDebugManifest
> Task :feature:medications:extractDeepLinksDebug
> Task :feature:medications:processDebugManifest
> Task :feature:onboarding:extractDeepLinksDebug
> Task :feature:onboarding:processDebugManifest
> Task :feature:profile:extractDeepLinksDebug
> Task :feature:profile:processDebugManifest
> Task :feature:records:extractDeepLinksDebug
> Task :feature:records:processDebugManifest
> Task :feature:reminders:extractDeepLinksDebug
> Task :core:common:compileKotlin
> Task :core:common:compileJava NO-SOURCE
> Task :core:common:classes UP-TO-DATE
> Task :feature:reminders:processDebugManifest
> Task :core:common:jar
> Task :feature:reports:extractDeepLinksDebug
> Task :feature:reports:processDebugManifest
> Task :feature:settings:extractDeepLinksDebug
> Task :feature:settings:processDebugManifest
> Task :feature:symptoms:extractDeepLinksDebug
> Task :feature:symptoms:processDebugManifest
> Task :feature:timeline:extractDeepLinksDebug
> Task :feature:timeline:processDebugManifest
> Task :app:processDebugMainManifest
> Task :app:processDebugManifest
> Task :app:processDebugManifestForPackage
> Task :core:database:compileDebugLibraryResources
> Task :core:database:parseDebugLocalResources
> Task :core:database:generateDebugRFile
> Task :core:datastore:compileDebugLibraryResources
> Task :core:datastore:parseDebugLocalResources
> Task :core:datastore:generateDebugRFile
> Task :core:designsystem:compileDebugLibraryResources
> Task :core:designsystem:parseDebugLocalResources
> Task :core:designsystem:generateDebugRFile
> Task :core:files:compileDebugLibraryResources
> Task :core:files:parseDebugLocalResources
> Task :core:files:generateDebugRFile
> Task :core:notifications:compileDebugLibraryResources
> Task :core:notifications:parseDebugLocalResources
> Task :core:notifications:generateDebugRFile
> Task :core:security:compileDebugLibraryResources
> Task :core:security:parseDebugLocalResources
> Task :core:security:generateDebugRFile
> Task :core:ui:compileDebugLibraryResources
> Task :core:ui:parseDebugLocalResources
> Task :core:ui:generateDebugRFile
> Task :feature:appointments:compileDebugLibraryResources
> Task :feature:appointments:parseDebugLocalResources
> Task :feature:appointments:generateDebugRFile
> Task :feature:dashboard:compileDebugLibraryResources
> Task :feature:dashboard:parseDebugLocalResources
> Task :feature:dashboard:generateDebugRFile
> Task :feature:medications:compileDebugLibraryResources
> Task :feature:medications:parseDebugLocalResources
> Task :feature:medications:generateDebugRFile
> Task :feature:onboarding:compileDebugLibraryResources
> Task :feature:onboarding:parseDebugLocalResources
> Task :feature:onboarding:generateDebugRFile
> Task :feature:profile:compileDebugLibraryResources
> Task :feature:profile:parseDebugLocalResources
> Task :feature:profile:generateDebugRFile
> Task :feature:records:compileDebugLibraryResources
> Task :feature:records:parseDebugLocalResources
> Task :feature:records:generateDebugRFile
> Task :feature:reminders:compileDebugLibraryResources
> Task :feature:reminders:parseDebugLocalResources
> Task :feature:reminders:generateDebugRFile
> Task :feature:reports:compileDebugLibraryResources
> Task :feature:reports:parseDebugLocalResources
> Task :feature:reports:generateDebugRFile
> Task :feature:settings:compileDebugLibraryResources
> Task :feature:settings:parseDebugLocalResources
> Task :feature:settings:generateDebugRFile
> Task :feature:symptoms:compileDebugLibraryResources
> Task :feature:symptoms:parseDebugLocalResources
> Task :feature:symptoms:generateDebugRFile
> Task :feature:timeline:compileDebugLibraryResources
> Task :feature:timeline:parseDebugLocalResources
> Task :feature:timeline:generateDebugRFile
> Task :core:model:compileKotlin
> Task :core:model:compileJava NO-SOURCE
> Task :core:model:classes UP-TO-DATE
> Task :core:model:jar
> Task :app:processDebugResources
> Task :core:database:checkKotlinGradlePluginConfigurationErrors SKIPPED
> Task :core:domain:compileKotlin
> Task :core:database:kspDebugKotlin
> Task :core:domain:compileJava NO-SOURCE
> Task :core:domain:classes UP-TO-DATE
> Task :core:domain:jar
> Task :core:database:javaPreCompileDebug
> Task :core:datastore:checkKotlinGradlePluginConfigurationErrors SKIPPED
> Task :core:datastore:compileDebugKotlin
> Task :core:datastore:javaPreCompileDebug
> Task :core:datastore:compileDebugJavaWithJavac NO-SOURCE
> Task :core:datastore:bundleLibCompileToJarDebug
> Task :core:designsystem:checkKotlinGradlePluginConfigurationErrors SKIPPED
> Task :core:database:compileDebugKotlin
> Task :core:database:compileDebugJavaWithJavac
> Task :core:database:bundleLibCompileToJarDebug
> Task :core:designsystem:javaPreCompileDebug
> Task :core:files:checkKotlinGradlePluginConfigurationErrors SKIPPED
> Task :core:designsystem:compileDebugKotlin
> Task :core:designsystem:compileDebugJavaWithJavac NO-SOURCE
> Task :core:designsystem:bundleLibCompileToJarDebug
> Task :core:files:javaPreCompileDebug
> Task :core:notifications:checkKotlinGradlePluginConfigurationErrors SKIPPED
> Task :core:files:compileDebugKotlin
> Task :core:files:compileDebugJavaWithJavac NO-SOURCE
> Task :core:files:bundleLibCompileToJarDebug
> Task :core:notifications:javaPreCompileDebug
> Task :core:security:checkKotlinGradlePluginConfigurationErrors SKIPPED
> Task :core:notifications:compileDebugKotlin
> Task :core:notifications:compileDebugJavaWithJavac NO-SOURCE
> Task :core:notifications:bundleLibCompileToJarDebug
> Task :core:security:javaPreCompileDebug
> Task :core:ui:checkKotlinGradlePluginConfigurationErrors SKIPPED
> Task :core:security:compileDebugKotlin
> Task :core:security:compileDebugJavaWithJavac NO-SOURCE
> Task :core:security:bundleLibCompileToJarDebug
> Task :core:ui:javaPreCompileDebug
> Task :feature:appointments:checkKotlinGradlePluginConfigurationErrors SKIPPED
> Task :feature:appointments:javaPreCompileDebug
> Task :feature:dashboard:checkKotlinGradlePluginConfigurationErrors SKIPPED
> Task :feature:dashboard:javaPreCompileDebug
> Task :feature:medications:checkKotlinGradlePluginConfigurationErrors SKIPPED
> Task :feature:medications:javaPreCompileDebug
> Task :feature:onboarding:checkKotlinGradlePluginConfigurationErrors SKIPPED
> Task :feature:onboarding:javaPreCompileDebug
> Task :feature:profile:checkKotlinGradlePluginConfigurationErrors SKIPPED
> Task :feature:profile:javaPreCompileDebug
> Task :feature:records:checkKotlinGradlePluginConfigurationErrors SKIPPED
> Task :feature:records:javaPreCompileDebug
> Task :feature:reminders:checkKotlinGradlePluginConfigurationErrors SKIPPED
> Task :feature:reminders:javaPreCompileDebug
> Task :feature:reports:checkKotlinGradlePluginConfigurationErrors SKIPPED
> Task :feature:reports:javaPreCompileDebug
> Task :feature:settings:checkKotlinGradlePluginConfigurationErrors SKIPPED
> Task :feature:settings:javaPreCompileDebug
> Task :feature:symptoms:checkKotlinGradlePluginConfigurationErrors SKIPPED
> Task :feature:symptoms:javaPreCompileDebug
> Task :feature:timeline:checkKotlinGradlePluginConfigurationErrors SKIPPED
> Task :feature:timeline:javaPreCompileDebug
> Task :app:javaPreCompileDebug
> Task :app:mergeDebugShaders
> Task :app:compileDebugShaders NO-SOURCE
> Task :app:generateDebugAssets UP-TO-DATE
> Task :core:database:mergeDebugShaders
> Task :core:database:compileDebugShaders NO-SOURCE
> Task :core:database:generateDebugAssets UP-TO-DATE
> Task :core:database:mergeDebugAssets
> Task :core:datastore:mergeDebugShaders
> Task :core:datastore:compileDebugShaders NO-SOURCE
> Task :core:datastore:generateDebugAssets UP-TO-DATE
> Task :core:datastore:mergeDebugAssets
> Task :core:designsystem:mergeDebugShaders
> Task :core:designsystem:compileDebugShaders NO-SOURCE
> Task :core:designsystem:generateDebugAssets UP-TO-DATE
> Task :core:designsystem:mergeDebugAssets
> Task :core:files:mergeDebugShaders
> Task :core:files:compileDebugShaders NO-SOURCE
> Task :core:files:generateDebugAssets UP-TO-DATE
> Task :core:files:mergeDebugAssets
> Task :core:notifications:mergeDebugShaders
> Task :core:notifications:compileDebugShaders NO-SOURCE
> Task :core:notifications:generateDebugAssets UP-TO-DATE
> Task :core:notifications:mergeDebugAssets
> Task :core:security:mergeDebugShaders
> Task :core:security:compileDebugShaders NO-SOURCE
> Task :core:security:generateDebugAssets UP-TO-DATE
> Task :core:security:mergeDebugAssets
> Task :core:ui:mergeDebugShaders
> Task :core:ui:compileDebugShaders NO-SOURCE
> Task :core:ui:generateDebugAssets UP-TO-DATE
> Task :core:ui:mergeDebugAssets
> Task :feature:appointments:mergeDebugShaders
> Task :feature:appointments:compileDebugShaders NO-SOURCE
> Task :feature:appointments:generateDebugAssets UP-TO-DATE
> Task :feature:appointments:mergeDebugAssets
> Task :feature:dashboard:mergeDebugShaders
> Task :feature:dashboard:compileDebugShaders NO-SOURCE
> Task :feature:dashboard:generateDebugAssets UP-TO-DATE
> Task :feature:dashboard:mergeDebugAssets
> Task :feature:medications:mergeDebugShaders
> Task :feature:medications:compileDebugShaders NO-SOURCE
> Task :feature:medications:generateDebugAssets UP-TO-DATE
> Task :feature:medications:mergeDebugAssets
> Task :feature:onboarding:mergeDebugShaders
> Task :feature:onboarding:compileDebugShaders NO-SOURCE
> Task :feature:onboarding:generateDebugAssets UP-TO-DATE
> Task :feature:onboarding:mergeDebugAssets
> Task :feature:profile:mergeDebugShaders
> Task :feature:profile:compileDebugShaders NO-SOURCE
> Task :feature:profile:generateDebugAssets UP-TO-DATE
> Task :feature:profile:mergeDebugAssets
> Task :feature:records:mergeDebugShaders
> Task :feature:records:compileDebugShaders NO-SOURCE
> Task :feature:records:generateDebugAssets UP-TO-DATE
> Task :feature:records:mergeDebugAssets
> Task :feature:reminders:mergeDebugShaders
> Task :feature:reminders:compileDebugShaders NO-SOURCE
> Task :feature:reminders:generateDebugAssets UP-TO-DATE
> Task :feature:reminders:mergeDebugAssets
> Task :feature:reports:mergeDebugShaders
> Task :feature:reports:compileDebugShaders NO-SOURCE
> Task :feature:reports:generateDebugAssets UP-TO-DATE
> Task :feature:reports:mergeDebugAssets
> Task :feature:settings:mergeDebugShaders
> Task :feature:settings:compileDebugShaders NO-SOURCE
> Task :feature:settings:generateDebugAssets UP-TO-DATE
> Task :feature:settings:mergeDebugAssets
> Task :feature:symptoms:mergeDebugShaders
> Task :feature:symptoms:compileDebugShaders NO-SOURCE
> Task :feature:symptoms:generateDebugAssets UP-TO-DATE
> Task :feature:symptoms:mergeDebugAssets
> Task :feature:timeline:mergeDebugShaders
> Task :feature:timeline:compileDebugShaders NO-SOURCE
> Task :feature:timeline:generateDebugAssets UP-TO-DATE
> Task :feature:timeline:mergeDebugAssets
> Task :app:mergeDebugAssets
> Task :app:compressDebugAssets
> Task :core:notifications:bundleLibRuntimeToJarDebug
> Task :core:database:bundleLibRuntimeToJarDebug
> Task :core:ui:compileDebugKotlin
> Task :core:ui:compileDebugJavaWithJavac NO-SOURCE
> Task :core:ui:bundleLibCompileToJarDebug
> Task :feature:appointments:compileDebugKotlin
> Task :feature:appointments:compileDebugJavaWithJavac NO-SOURCE
> Task :feature:appointments:bundleLibCompileToJarDebug
> Task :feature:dashboard:compileDebugKotlin
> Task :feature:dashboard:compileDebugJavaWithJavac NO-SOURCE
> Task :feature:dashboard:bundleLibCompileToJarDebug
> Task :feature:onboarding:compileDebugKotlin
> Task :feature:medications:compileDebugKotlin
> Task :feature:onboarding:compileDebugJavaWithJavac NO-SOURCE
> Task :feature:medications:compileDebugJavaWithJavac NO-SOURCE
> Task :feature:medications:bundleLibCompileToJarDebug
> Task :feature:onboarding:bundleLibCompileToJarDebug
> Task :feature:records:compileDebugKotlin
> Task :feature:records:compileDebugJavaWithJavac NO-SOURCE
> Task :feature:records:bundleLibCompileToJarDebug
> Task :feature:profile:compileDebugKotlin
> Task :feature:profile:compileDebugJavaWithJavac NO-SOURCE
> Task :feature:profile:bundleLibCompileToJarDebug
> Task :feature:reminders:compileDebugKotlin
> Task :feature:reminders:compileDebugJavaWithJavac NO-SOURCE
> Task :feature:reminders:bundleLibCompileToJarDebug
> Task :feature:reports:compileDebugKotlin
> Task :feature:reports:compileDebugJavaWithJavac NO-SOURCE
> Task :feature:reports:bundleLibCompileToJarDebug
> Task :feature:settings:compileDebugKotlin
> Task :feature:settings:compileDebugJavaWithJavac NO-SOURCE
> Task :feature:settings:bundleLibCompileToJarDebug
> Task :feature:symptoms:compileDebugKotlin
> Task :feature:symptoms:compileDebugJavaWithJavac NO-SOURCE
> Task :feature:symptoms:bundleLibCompileToJarDebug
> Task :core:security:bundleLibRuntimeToJarDebug
> Task :core:files:bundleLibRuntimeToJarDebug
> Task :feature:timeline:compileDebugKotlin
> Task :feature:timeline:compileDebugJavaWithJavac NO-SOURCE
> Task :feature:timeline:bundleLibCompileToJarDebug
> Task :core:datastore:bundleLibRuntimeToJarDebug
> Task :feature:onboarding:bundleLibRuntimeToJarDebug
> Task :feature:dashboard:bundleLibRuntimeToJarDebug
> Task :feature:profile:bundleLibRuntimeToJarDebug
> Task :feature:timeline:bundleLibRuntimeToJarDebug
> Task :feature:symptoms:bundleLibRuntimeToJarDebug
> Task :feature:records:bundleLibRuntimeToJarDebug
> Task :feature:medications:bundleLibRuntimeToJarDebug
> Task :feature:reminders:bundleLibRuntimeToJarDebug
> Task :feature:appointments:bundleLibRuntimeToJarDebug
> Task :feature:reports:bundleLibRuntimeToJarDebug
> Task :feature:settings:bundleLibRuntimeToJarDebug
> Task :core:ui:bundleLibRuntimeToJarDebug
> Task :core:designsystem:bundleLibRuntimeToJarDebug
> Task :app:desugarDebugFileDependencies
> Task :core:database:processDebugJavaRes
> Task :core:datastore:processDebugJavaRes
> Task :core:designsystem:processDebugJavaRes
> Task :core:files:processDebugJavaRes
> Task :core:notifications:processDebugJavaRes
> Task :core:security:processDebugJavaRes
> Task :core:ui:processDebugJavaRes
> Task :feature:appointments:processDebugJavaRes
> Task :feature:dashboard:processDebugJavaRes
> Task :feature:medications:processDebugJavaRes
> Task :feature:onboarding:processDebugJavaRes
> Task :feature:profile:processDebugJavaRes
> Task :feature:records:processDebugJavaRes
> Task :feature:reminders:processDebugJavaRes
> Task :feature:reports:processDebugJavaRes
> Task :feature:settings:processDebugJavaRes
> Task :feature:symptoms:processDebugJavaRes
> Task :feature:timeline:processDebugJavaRes
> Task :app:checkDebugDuplicateClasses
> Task :app:kspDebugKotlin
> Task :app:mergeExtDexDebug
> Task :core:notifications:bundleLibRuntimeToDirDebug
> Task :core:database:bundleLibRuntimeToDirDebug
> Task :core:security:bundleLibRuntimeToDirDebug
> Task :core:files:bundleLibRuntimeToDirDebug
> Task :core:datastore:bundleLibRuntimeToDirDebug
> Task :feature:onboarding:bundleLibRuntimeToDirDebug
> Task :feature:dashboard:bundleLibRuntimeToDirDebug
> Task :feature:profile:bundleLibRuntimeToDirDebug
> Task :feature:timeline:bundleLibRuntimeToDirDebug
> Task :feature:symptoms:bundleLibRuntimeToDirDebug
> Task :feature:records:bundleLibRuntimeToDirDebug
> Task :feature:medications:bundleLibRuntimeToDirDebug
> Task :feature:reminders:bundleLibRuntimeToDirDebug
> Task :feature:appointments:bundleLibRuntimeToDirDebug
> Task :feature:reports:bundleLibRuntimeToDirDebug
> Task :feature:settings:bundleLibRuntimeToDirDebug
> Task :core:ui:bundleLibRuntimeToDirDebug
> Task :core:designsystem:bundleLibRuntimeToDirDebug
> Task :app:mergeLibDexDebug
> Task :app:mergeDebugJniLibFolders
> Task :core:database:mergeDebugJniLibFolders
> Task :core:database:mergeDebugNativeLibs NO-SOURCE
> Task :core:database:copyDebugJniLibsProjectOnly
> Task :core:datastore:mergeDebugJniLibFolders
> Task :core:datastore:mergeDebugNativeLibs NO-SOURCE
> Task :core:datastore:copyDebugJniLibsProjectOnly
> Task :core:designsystem:mergeDebugJniLibFolders
> Task :core:designsystem:mergeDebugNativeLibs NO-SOURCE
> Task :core:designsystem:copyDebugJniLibsProjectOnly
> Task :core:files:mergeDebugJniLibFolders
> Task :core:files:mergeDebugNativeLibs NO-SOURCE
> Task :core:files:copyDebugJniLibsProjectOnly
> Task :core:notifications:mergeDebugJniLibFolders
> Task :core:notifications:mergeDebugNativeLibs NO-SOURCE
> Task :core:notifications:copyDebugJniLibsProjectOnly
> Task :core:security:mergeDebugJniLibFolders
> Task :core:security:mergeDebugNativeLibs NO-SOURCE
> Task :core:security:copyDebugJniLibsProjectOnly
> Task :core:ui:mergeDebugJniLibFolders
> Task :core:ui:mergeDebugNativeLibs NO-SOURCE
> Task :core:ui:copyDebugJniLibsProjectOnly
> Task :feature:appointments:mergeDebugJniLibFolders
> Task :feature:appointments:mergeDebugNativeLibs NO-SOURCE
> Task :feature:appointments:copyDebugJniLibsProjectOnly
> Task :feature:dashboard:mergeDebugJniLibFolders
> Task :feature:dashboard:mergeDebugNativeLibs NO-SOURCE
> Task :feature:dashboard:copyDebugJniLibsProjectOnly
> Task :feature:medications:mergeDebugJniLibFolders
> Task :feature:medications:mergeDebugNativeLibs NO-SOURCE
> Task :feature:medications:copyDebugJniLibsProjectOnly
> Task :feature:onboarding:mergeDebugJniLibFolders
> Task :feature:onboarding:mergeDebugNativeLibs NO-SOURCE
> Task :feature:onboarding:copyDebugJniLibsProjectOnly
> Task :feature:profile:mergeDebugJniLibFolders
> Task :feature:profile:mergeDebugNativeLibs NO-SOURCE
> Task :feature:profile:copyDebugJniLibsProjectOnly
> Task :feature:records:mergeDebugJniLibFolders
> Task :feature:records:mergeDebugNativeLibs NO-SOURCE
> Task :feature:records:copyDebugJniLibsProjectOnly
> Task :feature:reminders:mergeDebugJniLibFolders
> Task :feature:reminders:mergeDebugNativeLibs NO-SOURCE
> Task :feature:reminders:copyDebugJniLibsProjectOnly
> Task :feature:reports:mergeDebugJniLibFolders
> Task :feature:reports:mergeDebugNativeLibs NO-SOURCE
> Task :feature:reports:copyDebugJniLibsProjectOnly
> Task :feature:settings:mergeDebugJniLibFolders
> Task :feature:settings:mergeDebugNativeLibs NO-SOURCE
> Task :feature:settings:copyDebugJniLibsProjectOnly
> Task :feature:symptoms:mergeDebugJniLibFolders
> Task :feature:symptoms:mergeDebugNativeLibs NO-SOURCE
> Task :feature:symptoms:copyDebugJniLibsProjectOnly
> Task :feature:timeline:mergeDebugJniLibFolders
> Task :feature:timeline:mergeDebugNativeLibs NO-SOURCE
> Task :feature:timeline:copyDebugJniLibsProjectOnly
> Task :app:mergeDebugNativeLibs

> Task :app:stripDebugDebugSymbols
Unable to strip the following libraries, packaging them as they are: libandroidx.graphics.path.so, libdatastore_shared_counter.so. Run with --info option to learn more.

> Task :app:validateSigningDebug
> Task :app:writeDebugAppMetadata
> Task :app:writeDebugSigningConfigVersions
> Task :core:database:checkDebugAarMetadata
> Task :core:database:stripDebugDebugSymbols NO-SOURCE
> Task :core:database:copyDebugJniLibsProjectAndLocalJars
> Task :core:database:extractDebugAnnotations
> Task :core:database:extractDeepLinksForAarDebug UP-TO-DATE
> Task :core:database:mergeDebugGeneratedProguardFiles UP-TO-DATE
> Task :core:database:mergeDebugConsumerProguardFiles UP-TO-DATE
> Task :core:database:prepareDebugArtProfile UP-TO-DATE
> Task :core:database:prepareLintJarForPublish UP-TO-DATE
> Task :core:database:mergeDebugJavaResource
> Task :core:database:syncDebugLibJars
> Task :core:database:bundleDebugAar
> Task :core:database:assembleDebug
> Task :core:datastore:checkDebugAarMetadata
> Task :core:datastore:stripDebugDebugSymbols NO-SOURCE
> Task :core:datastore:copyDebugJniLibsProjectAndLocalJars
> Task :core:datastore:extractDebugAnnotations
> Task :core:datastore:extractDeepLinksForAarDebug UP-TO-DATE
> Task :core:datastore:mergeDebugGeneratedProguardFiles UP-TO-DATE
> Task :core:datastore:mergeDebugConsumerProguardFiles UP-TO-DATE
> Task :core:datastore:prepareDebugArtProfile UP-TO-DATE
> Task :core:datastore:prepareLintJarForPublish UP-TO-DATE
> Task :core:datastore:mergeDebugJavaResource
> Task :core:datastore:syncDebugLibJars
> Task :core:datastore:bundleDebugAar
> Task :core:datastore:assembleDebug
> Task :core:designsystem:checkDebugAarMetadata
> Task :core:designsystem:stripDebugDebugSymbols NO-SOURCE
> Task :core:designsystem:copyDebugJniLibsProjectAndLocalJars
> Task :core:designsystem:extractDebugAnnotations
> Task :core:designsystem:extractDeepLinksForAarDebug UP-TO-DATE
> Task :core:designsystem:mergeDebugGeneratedProguardFiles UP-TO-DATE
> Task :core:designsystem:mergeDebugConsumerProguardFiles UP-TO-DATE
> Task :core:designsystem:prepareDebugArtProfile UP-TO-DATE
> Task :core:designsystem:prepareLintJarForPublish UP-TO-DATE
> Task :core:designsystem:mergeDebugJavaResource
> Task :core:designsystem:syncDebugLibJars
> Task :core:designsystem:bundleDebugAar
> Task :core:designsystem:assembleDebug
> Task :core:files:checkDebugAarMetadata
> Task :core:files:stripDebugDebugSymbols NO-SOURCE
> Task :core:files:copyDebugJniLibsProjectAndLocalJars
> Task :core:files:extractDebugAnnotations
> Task :core:files:extractDeepLinksForAarDebug UP-TO-DATE
> Task :core:files:mergeDebugGeneratedProguardFiles UP-TO-DATE
> Task :core:files:mergeDebugConsumerProguardFiles UP-TO-DATE
> Task :core:files:prepareDebugArtProfile UP-TO-DATE
> Task :core:files:prepareLintJarForPublish UP-TO-DATE
> Task :core:files:mergeDebugJavaResource
> Task :core:files:syncDebugLibJars
> Task :core:files:bundleDebugAar
> Task :core:files:assembleDebug
> Task :core:notifications:checkDebugAarMetadata
> Task :core:notifications:stripDebugDebugSymbols NO-SOURCE
> Task :core:notifications:copyDebugJniLibsProjectAndLocalJars
> Task :core:notifications:extractDebugAnnotations
> Task :core:notifications:extractDeepLinksForAarDebug UP-TO-DATE
> Task :core:notifications:mergeDebugGeneratedProguardFiles UP-TO-DATE
> Task :core:notifications:mergeDebugConsumerProguardFiles UP-TO-DATE
> Task :core:notifications:prepareDebugArtProfile UP-TO-DATE
> Task :core:notifications:prepareLintJarForPublish UP-TO-DATE
> Task :core:notifications:mergeDebugJavaResource
> Task :core:notifications:syncDebugLibJars
> Task :core:notifications:bundleDebugAar
> Task :core:notifications:assembleDebug
> Task :core:security:checkDebugAarMetadata
> Task :core:security:stripDebugDebugSymbols NO-SOURCE
> Task :core:security:copyDebugJniLibsProjectAndLocalJars
> Task :core:security:extractDebugAnnotations
> Task :core:security:extractDeepLinksForAarDebug UP-TO-DATE
> Task :core:security:mergeDebugGeneratedProguardFiles UP-TO-DATE
> Task :core:security:mergeDebugConsumerProguardFiles UP-TO-DATE
> Task :core:security:prepareDebugArtProfile UP-TO-DATE
> Task :core:security:prepareLintJarForPublish UP-TO-DATE
> Task :core:security:mergeDebugJavaResource
> Task :core:security:syncDebugLibJars
> Task :core:security:bundleDebugAar
> Task :core:security:assembleDebug
> Task :core:ui:checkDebugAarMetadata
> Task :core:ui:stripDebugDebugSymbols NO-SOURCE
> Task :core:ui:copyDebugJniLibsProjectAndLocalJars
> Task :core:ui:extractDebugAnnotations
> Task :core:ui:extractDeepLinksForAarDebug UP-TO-DATE
> Task :core:ui:mergeDebugGeneratedProguardFiles UP-TO-DATE
> Task :core:ui:mergeDebugConsumerProguardFiles UP-TO-DATE
> Task :core:ui:prepareDebugArtProfile UP-TO-DATE
> Task :core:ui:prepareLintJarForPublish UP-TO-DATE
> Task :core:ui:mergeDebugJavaResource
> Task :core:ui:syncDebugLibJars
> Task :core:ui:bundleDebugAar
> Task :core:ui:assembleDebug
> Task :feature:appointments:checkDebugAarMetadata
> Task :feature:appointments:stripDebugDebugSymbols NO-SOURCE
> Task :feature:appointments:copyDebugJniLibsProjectAndLocalJars
> Task :feature:appointments:extractDebugAnnotations
> Task :feature:appointments:extractDeepLinksForAarDebug UP-TO-DATE
> Task :feature:appointments:mergeDebugGeneratedProguardFiles UP-TO-DATE
> Task :feature:appointments:mergeDebugConsumerProguardFiles UP-TO-DATE
> Task :feature:appointments:prepareDebugArtProfile UP-TO-DATE
> Task :feature:appointments:prepareLintJarForPublish UP-TO-DATE
> Task :feature:appointments:mergeDebugJavaResource
> Task :feature:appointments:syncDebugLibJars
> Task :feature:appointments:bundleDebugAar
> Task :feature:appointments:assembleDebug
> Task :feature:dashboard:checkDebugAarMetadata
> Task :feature:dashboard:stripDebugDebugSymbols NO-SOURCE
> Task :feature:dashboard:copyDebugJniLibsProjectAndLocalJars
> Task :feature:dashboard:extractDebugAnnotations
> Task :feature:dashboard:extractDeepLinksForAarDebug UP-TO-DATE
> Task :feature:dashboard:mergeDebugGeneratedProguardFiles UP-TO-DATE
> Task :feature:dashboard:mergeDebugConsumerProguardFiles UP-TO-DATE
> Task :feature:dashboard:prepareDebugArtProfile UP-TO-DATE
> Task :feature:dashboard:prepareLintJarForPublish UP-TO-DATE
> Task :feature:dashboard:mergeDebugJavaResource
> Task :feature:dashboard:syncDebugLibJars
> Task :feature:dashboard:bundleDebugAar
> Task :feature:dashboard:assembleDebug
> Task :feature:medications:checkDebugAarMetadata
> Task :feature:medications:stripDebugDebugSymbols NO-SOURCE
> Task :feature:medications:copyDebugJniLibsProjectAndLocalJars
> Task :feature:medications:extractDebugAnnotations
> Task :feature:medications:extractDeepLinksForAarDebug UP-TO-DATE
> Task :feature:medications:mergeDebugGeneratedProguardFiles UP-TO-DATE
> Task :feature:medications:mergeDebugConsumerProguardFiles UP-TO-DATE
> Task :feature:medications:prepareDebugArtProfile UP-TO-DATE
> Task :feature:medications:prepareLintJarForPublish UP-TO-DATE
> Task :feature:medications:mergeDebugJavaResource
> Task :feature:medications:syncDebugLibJars
> Task :feature:medications:bundleDebugAar
> Task :feature:medications:assembleDebug
> Task :feature:onboarding:checkDebugAarMetadata
> Task :feature:onboarding:stripDebugDebugSymbols NO-SOURCE
> Task :feature:onboarding:copyDebugJniLibsProjectAndLocalJars
> Task :feature:onboarding:extractDebugAnnotations
> Task :feature:onboarding:extractDeepLinksForAarDebug UP-TO-DATE
> Task :feature:onboarding:mergeDebugGeneratedProguardFiles UP-TO-DATE
> Task :feature:onboarding:mergeDebugConsumerProguardFiles UP-TO-DATE
> Task :feature:onboarding:prepareDebugArtProfile UP-TO-DATE
> Task :feature:onboarding:prepareLintJarForPublish UP-TO-DATE
> Task :feature:onboarding:mergeDebugJavaResource
> Task :feature:onboarding:syncDebugLibJars
> Task :feature:onboarding:bundleDebugAar
> Task :feature:onboarding:assembleDebug
> Task :feature:profile:checkDebugAarMetadata
> Task :feature:profile:stripDebugDebugSymbols NO-SOURCE
> Task :feature:profile:copyDebugJniLibsProjectAndLocalJars
> Task :feature:profile:extractDebugAnnotations
> Task :feature:profile:extractDeepLinksForAarDebug UP-TO-DATE
> Task :feature:profile:mergeDebugGeneratedProguardFiles UP-TO-DATE
> Task :feature:profile:mergeDebugConsumerProguardFiles UP-TO-DATE
> Task :feature:profile:prepareDebugArtProfile UP-TO-DATE
> Task :feature:profile:prepareLintJarForPublish UP-TO-DATE
> Task :feature:profile:mergeDebugJavaResource
> Task :feature:profile:syncDebugLibJars
> Task :feature:profile:bundleDebugAar
> Task :feature:profile:assembleDebug
> Task :app:compileDebugKotlin
> Task :feature:records:checkDebugAarMetadata
> Task :feature:records:stripDebugDebugSymbols NO-SOURCE
> Task :feature:records:copyDebugJniLibsProjectAndLocalJars
> Task :feature:records:extractDebugAnnotations
> Task :feature:records:extractDeepLinksForAarDebug UP-TO-DATE
> Task :feature:records:mergeDebugGeneratedProguardFiles UP-TO-DATE
> Task :feature:records:mergeDebugConsumerProguardFiles UP-TO-DATE
> Task :feature:records:prepareDebugArtProfile UP-TO-DATE
> Task :feature:records:prepareLintJarForPublish UP-TO-DATE
> Task :feature:records:mergeDebugJavaResource
> Task :feature:records:syncDebugLibJars
> Task :feature:records:bundleDebugAar
> Task :feature:records:assembleDebug
> Task :feature:reminders:checkDebugAarMetadata
> Task :feature:reminders:stripDebugDebugSymbols NO-SOURCE
> Task :feature:reminders:copyDebugJniLibsProjectAndLocalJars
> Task :feature:reminders:extractDebugAnnotations
> Task :feature:reminders:extractDeepLinksForAarDebug UP-TO-DATE
> Task :feature:reminders:mergeDebugGeneratedProguardFiles UP-TO-DATE
> Task :feature:reminders:mergeDebugConsumerProguardFiles UP-TO-DATE
> Task :feature:reminders:prepareDebugArtProfile UP-TO-DATE
> Task :feature:reminders:prepareLintJarForPublish UP-TO-DATE
> Task :feature:reminders:mergeDebugJavaResource
> Task :feature:reminders:syncDebugLibJars
> Task :feature:reminders:bundleDebugAar
> Task :feature:reminders:assembleDebug
> Task :feature:reports:checkDebugAarMetadata
> Task :feature:reports:stripDebugDebugSymbols NO-SOURCE
> Task :feature:reports:copyDebugJniLibsProjectAndLocalJars
> Task :feature:reports:extractDebugAnnotations
> Task :feature:reports:extractDeepLinksForAarDebug UP-TO-DATE
> Task :feature:reports:mergeDebugGeneratedProguardFiles UP-TO-DATE
> Task :feature:reports:mergeDebugConsumerProguardFiles UP-TO-DATE
> Task :feature:reports:prepareDebugArtProfile UP-TO-DATE
> Task :feature:reports:prepareLintJarForPublish UP-TO-DATE
> Task :feature:reports:mergeDebugJavaResource
> Task :feature:reports:syncDebugLibJars
> Task :feature:reports:bundleDebugAar
> Task :feature:reports:assembleDebug
> Task :feature:settings:checkDebugAarMetadata
> Task :feature:settings:stripDebugDebugSymbols NO-SOURCE
> Task :feature:settings:copyDebugJniLibsProjectAndLocalJars
> Task :feature:settings:extractDebugAnnotations
> Task :feature:settings:extractDeepLinksForAarDebug UP-TO-DATE
> Task :feature:settings:mergeDebugGeneratedProguardFiles UP-TO-DATE
> Task :feature:settings:mergeDebugConsumerProguardFiles UP-TO-DATE
> Task :feature:settings:prepareDebugArtProfile UP-TO-DATE
> Task :feature:settings:prepareLintJarForPublish UP-TO-DATE
> Task :feature:settings:mergeDebugJavaResource
> Task :feature:settings:syncDebugLibJars
> Task :feature:settings:bundleDebugAar
> Task :feature:settings:assembleDebug
> Task :feature:symptoms:checkDebugAarMetadata
> Task :feature:symptoms:stripDebugDebugSymbols NO-SOURCE
> Task :feature:symptoms:copyDebugJniLibsProjectAndLocalJars
> Task :feature:symptoms:extractDebugAnnotations
> Task :feature:symptoms:extractDeepLinksForAarDebug UP-TO-DATE
> Task :feature:symptoms:mergeDebugGeneratedProguardFiles UP-TO-DATE
> Task :feature:symptoms:mergeDebugConsumerProguardFiles UP-TO-DATE
> Task :feature:symptoms:prepareDebugArtProfile UP-TO-DATE
> Task :feature:symptoms:prepareLintJarForPublish UP-TO-DATE
> Task :feature:symptoms:mergeDebugJavaResource
> Task :feature:symptoms:syncDebugLibJars
> Task :feature:symptoms:bundleDebugAar
> Task :feature:symptoms:assembleDebug
> Task :feature:timeline:checkDebugAarMetadata
> Task :feature:timeline:stripDebugDebugSymbols NO-SOURCE
> Task :feature:timeline:copyDebugJniLibsProjectAndLocalJars
> Task :feature:timeline:extractDebugAnnotations
> Task :feature:timeline:extractDeepLinksForAarDebug UP-TO-DATE
> Task :feature:timeline:mergeDebugGeneratedProguardFiles UP-TO-DATE
> Task :feature:timeline:mergeDebugConsumerProguardFiles UP-TO-DATE
> Task :feature:timeline:prepareDebugArtProfile UP-TO-DATE
> Task :feature:timeline:prepareLintJarForPublish UP-TO-DATE
> Task :feature:timeline:mergeDebugJavaResource
> Task :feature:timeline:syncDebugLibJars
> Task :feature:timeline:bundleDebugAar
> Task :feature:timeline:assembleDebug
> Task :app:compileDebugJavaWithJavac
> Task :app:hiltAggregateDepsDebug
> Task :app:hiltJavaCompileDebug
> Task :app:processDebugJavaRes
> Task :app:transformDebugClassesWithAsm
> Task :app:mergeDebugJavaResource
> Task :app:dexBuilderDebug
> Task :app:mergeDebugGlobalSynthetics
> Task :app:mergeProjectDexDebug
> Task :app:packageDebug
> Task :app:createDebugApkListingFileRedirect
> Task :app:assembleDebug

BUILD SUCCESSFUL in 3m 19s
608 actionable tasks: 518 executed, 90 up-to-date
