openjdk version "17.0.18" 2026-01-20
OpenJDK Runtime Environment Temurin-17.0.18+8 (build 17.0.18+8)
OpenJDK 64-Bit Server VM Temurin-17.0.18+8 (build 17.0.18+8, mixed mode, sharing)
> Task :app:preBuild UP-TO-DATE
> Task :app:preReleaseBuild UP-TO-DATE
> Task :app:extractReleaseVersionControlInfo UP-TO-DATE
> Task :app:mergeReleaseShaders UP-TO-DATE
> Task :app:compileReleaseShaders NO-SOURCE
> Task :app:generateReleaseAssets UP-TO-DATE
> Task :core:database:preBuild UP-TO-DATE
> Task :core:database:preReleaseBuild UP-TO-DATE
> Task :core:database:mergeReleaseShaders UP-TO-DATE
> Task :core:database:compileReleaseShaders NO-SOURCE
> Task :core:database:generateReleaseAssets UP-TO-DATE
> Task :core:database:mergeReleaseAssets UP-TO-DATE
> Task :core:datastore:preBuild UP-TO-DATE
> Task :core:datastore:preReleaseBuild UP-TO-DATE
> Task :core:datastore:mergeReleaseShaders UP-TO-DATE
> Task :core:datastore:compileReleaseShaders NO-SOURCE
> Task :core:datastore:generateReleaseAssets UP-TO-DATE
> Task :core:datastore:mergeReleaseAssets UP-TO-DATE
> Task :core:designsystem:preBuild UP-TO-DATE
> Task :core:designsystem:preReleaseBuild UP-TO-DATE
> Task :core:designsystem:mergeReleaseShaders UP-TO-DATE
> Task :core:designsystem:compileReleaseShaders NO-SOURCE
> Task :core:designsystem:generateReleaseAssets UP-TO-DATE
> Task :core:designsystem:mergeReleaseAssets UP-TO-DATE
> Task :core:files:preBuild UP-TO-DATE
> Task :core:files:preReleaseBuild UP-TO-DATE
> Task :core:files:mergeReleaseShaders UP-TO-DATE
> Task :core:files:compileReleaseShaders NO-SOURCE
> Task :core:files:generateReleaseAssets UP-TO-DATE
> Task :core:files:mergeReleaseAssets UP-TO-DATE
> Task :core:notifications:preBuild UP-TO-DATE
> Task :core:notifications:preReleaseBuild UP-TO-DATE
> Task :core:notifications:mergeReleaseShaders UP-TO-DATE
> Task :core:notifications:compileReleaseShaders NO-SOURCE
> Task :core:notifications:generateReleaseAssets UP-TO-DATE
> Task :core:notifications:mergeReleaseAssets UP-TO-DATE
> Task :core:security:preBuild UP-TO-DATE
> Task :core:security:preReleaseBuild UP-TO-DATE
> Task :core:security:mergeReleaseShaders UP-TO-DATE
> Task :core:security:compileReleaseShaders NO-SOURCE
> Task :core:security:generateReleaseAssets UP-TO-DATE
> Task :core:security:mergeReleaseAssets UP-TO-DATE
> Task :core:ui:preBuild UP-TO-DATE
> Task :core:ui:preReleaseBuild UP-TO-DATE
> Task :core:ui:mergeReleaseShaders UP-TO-DATE
> Task :core:ui:compileReleaseShaders NO-SOURCE
> Task :core:ui:generateReleaseAssets UP-TO-DATE
> Task :core:ui:mergeReleaseAssets UP-TO-DATE
> Task :feature:appointments:preBuild UP-TO-DATE
> Task :feature:appointments:preReleaseBuild UP-TO-DATE
> Task :feature:appointments:mergeReleaseShaders UP-TO-DATE
> Task :feature:appointments:compileReleaseShaders NO-SOURCE
> Task :feature:appointments:generateReleaseAssets UP-TO-DATE
> Task :feature:appointments:mergeReleaseAssets UP-TO-DATE
> Task :feature:dashboard:preBuild UP-TO-DATE
> Task :feature:dashboard:preReleaseBuild UP-TO-DATE
> Task :feature:dashboard:mergeReleaseShaders UP-TO-DATE
> Task :feature:dashboard:compileReleaseShaders NO-SOURCE
> Task :feature:dashboard:generateReleaseAssets UP-TO-DATE
> Task :feature:dashboard:mergeReleaseAssets UP-TO-DATE
> Task :feature:medications:preBuild UP-TO-DATE
> Task :feature:medications:preReleaseBuild UP-TO-DATE
> Task :feature:medications:mergeReleaseShaders UP-TO-DATE
> Task :feature:medications:compileReleaseShaders NO-SOURCE
> Task :feature:medications:generateReleaseAssets UP-TO-DATE
> Task :feature:medications:mergeReleaseAssets UP-TO-DATE
> Task :feature:onboarding:preBuild UP-TO-DATE
> Task :feature:onboarding:preReleaseBuild UP-TO-DATE
> Task :feature:onboarding:mergeReleaseShaders UP-TO-DATE
> Task :feature:onboarding:compileReleaseShaders NO-SOURCE
> Task :feature:onboarding:generateReleaseAssets UP-TO-DATE
> Task :feature:onboarding:mergeReleaseAssets UP-TO-DATE
> Task :feature:profile:preBuild UP-TO-DATE
> Task :feature:profile:preReleaseBuild UP-TO-DATE
> Task :feature:profile:mergeReleaseShaders UP-TO-DATE
> Task :feature:profile:compileReleaseShaders NO-SOURCE
> Task :feature:profile:generateReleaseAssets UP-TO-DATE
> Task :feature:profile:mergeReleaseAssets UP-TO-DATE
> Task :feature:records:preBuild UP-TO-DATE
> Task :feature:records:preReleaseBuild UP-TO-DATE
> Task :feature:records:mergeReleaseShaders UP-TO-DATE
> Task :feature:records:compileReleaseShaders NO-SOURCE
> Task :feature:records:generateReleaseAssets UP-TO-DATE
> Task :feature:records:mergeReleaseAssets UP-TO-DATE
> Task :feature:reminders:preBuild UP-TO-DATE
> Task :feature:reminders:preReleaseBuild UP-TO-DATE
> Task :feature:reminders:mergeReleaseShaders UP-TO-DATE
> Task :feature:reminders:compileReleaseShaders NO-SOURCE
> Task :feature:reminders:generateReleaseAssets UP-TO-DATE
> Task :feature:reminders:mergeReleaseAssets UP-TO-DATE
> Task :feature:reports:preBuild UP-TO-DATE
> Task :feature:reports:preReleaseBuild UP-TO-DATE
> Task :feature:reports:mergeReleaseShaders UP-TO-DATE
> Task :feature:reports:compileReleaseShaders NO-SOURCE
> Task :feature:reports:generateReleaseAssets UP-TO-DATE
> Task :feature:reports:mergeReleaseAssets UP-TO-DATE
> Task :feature:settings:preBuild UP-TO-DATE
> Task :feature:settings:preReleaseBuild UP-TO-DATE
> Task :feature:settings:mergeReleaseShaders UP-TO-DATE
> Task :feature:settings:compileReleaseShaders NO-SOURCE
> Task :feature:settings:generateReleaseAssets UP-TO-DATE
> Task :feature:settings:mergeReleaseAssets UP-TO-DATE
> Task :feature:symptoms:preBuild UP-TO-DATE
> Task :feature:symptoms:preReleaseBuild UP-TO-DATE
> Task :feature:symptoms:mergeReleaseShaders UP-TO-DATE
> Task :feature:symptoms:compileReleaseShaders NO-SOURCE
> Task :feature:symptoms:generateReleaseAssets UP-TO-DATE
> Task :feature:symptoms:mergeReleaseAssets UP-TO-DATE
> Task :feature:timeline:preBuild UP-TO-DATE
> Task :feature:timeline:preReleaseBuild UP-TO-DATE
> Task :feature:timeline:mergeReleaseShaders UP-TO-DATE
> Task :feature:timeline:compileReleaseShaders NO-SOURCE
> Task :feature:timeline:generateReleaseAssets UP-TO-DATE
> Task :feature:timeline:mergeReleaseAssets UP-TO-DATE
> Task :app:mergeReleaseAssets UP-TO-DATE
> Task :core:common:checkKotlinGradlePluginConfigurationErrors SKIPPED
> Task :core:common:compileKotlin UP-TO-DATE
> Task :core:common:compileJava NO-SOURCE
> Task :core:common:processResources NO-SOURCE
> Task :core:common:classes UP-TO-DATE
> Task :core:common:jar UP-TO-DATE
> Task :core:domain:checkKotlinGradlePluginConfigurationErrors SKIPPED
> Task :core:model:checkKotlinGradlePluginConfigurationErrors SKIPPED
> Task :core:model:compileKotlin UP-TO-DATE
> Task :core:model:compileJava NO-SOURCE
> Task :core:model:processResources NO-SOURCE
> Task :core:model:classes UP-TO-DATE
> Task :core:model:jar UP-TO-DATE
> Task :core:domain:compileKotlin UP-TO-DATE
> Task :core:domain:compileJava NO-SOURCE
> Task :core:domain:processResources NO-SOURCE
> Task :core:domain:classes UP-TO-DATE
> Task :core:domain:jar UP-TO-DATE
> Task :core:database:checkKotlinGradlePluginConfigurationErrors SKIPPED
> Task :core:database:generateReleaseResValues UP-TO-DATE
> Task :core:database:generateReleaseResources UP-TO-DATE
> Task :core:database:packageReleaseResources UP-TO-DATE
> Task :core:database:processReleaseNavigationResources UP-TO-DATE
> Task :core:database:parseReleaseLocalResources UP-TO-DATE
> Task :core:database:generateReleaseRFile UP-TO-DATE
> Task :core:database:kspReleaseKotlin UP-TO-DATE
> Task :core:database:compileReleaseKotlin UP-TO-DATE
> Task :core:database:javaPreCompileRelease UP-TO-DATE
> Task :core:database:compileReleaseJavaWithJavac UP-TO-DATE
> Task :core:database:bundleLibCompileToJarRelease UP-TO-DATE
> Task :core:notifications:checkKotlinGradlePluginConfigurationErrors SKIPPED
> Task :core:notifications:generateReleaseResValues UP-TO-DATE
> Task :core:notifications:generateReleaseResources UP-TO-DATE
> Task :core:notifications:packageReleaseResources UP-TO-DATE
> Task :core:notifications:processReleaseNavigationResources UP-TO-DATE
> Task :core:notifications:parseReleaseLocalResources UP-TO-DATE
> Task :core:notifications:generateReleaseRFile UP-TO-DATE
> Task :core:notifications:compileReleaseKotlin UP-TO-DATE
> Task :core:notifications:javaPreCompileRelease UP-TO-DATE
> Task :core:notifications:compileReleaseJavaWithJavac NO-SOURCE
> Task :core:notifications:mergeReleaseGeneratedProguardFiles UP-TO-DATE
> Task :core:notifications:exportReleaseConsumerProguardFiles UP-TO-DATE
> Task :core:database:mergeReleaseGeneratedProguardFiles UP-TO-DATE
> Task :core:database:exportReleaseConsumerProguardFiles UP-TO-DATE
> Task :core:security:checkKotlinGradlePluginConfigurationErrors SKIPPED
> Task :core:security:generateReleaseResValues UP-TO-DATE
> Task :core:security:generateReleaseResources UP-TO-DATE
> Task :core:security:packageReleaseResources UP-TO-DATE
> Task :core:security:processReleaseNavigationResources UP-TO-DATE
> Task :core:security:parseReleaseLocalResources UP-TO-DATE
> Task :core:security:generateReleaseRFile UP-TO-DATE
> Task :core:security:compileReleaseKotlin UP-TO-DATE
> Task :core:security:javaPreCompileRelease UP-TO-DATE
> Task :core:security:compileReleaseJavaWithJavac NO-SOURCE
> Task :core:security:mergeReleaseGeneratedProguardFiles UP-TO-DATE
> Task :core:security:exportReleaseConsumerProguardFiles UP-TO-DATE
> Task :core:files:checkKotlinGradlePluginConfigurationErrors SKIPPED
> Task :core:files:generateReleaseResValues UP-TO-DATE
> Task :core:files:generateReleaseResources UP-TO-DATE
> Task :core:files:packageReleaseResources UP-TO-DATE
> Task :core:files:processReleaseNavigationResources UP-TO-DATE
> Task :core:files:parseReleaseLocalResources UP-TO-DATE
> Task :core:files:generateReleaseRFile UP-TO-DATE
> Task :core:files:compileReleaseKotlin UP-TO-DATE
> Task :core:files:javaPreCompileRelease UP-TO-DATE
> Task :core:files:compileReleaseJavaWithJavac NO-SOURCE
> Task :core:files:mergeReleaseGeneratedProguardFiles UP-TO-DATE
> Task :core:files:exportReleaseConsumerProguardFiles UP-TO-DATE
> Task :core:datastore:checkKotlinGradlePluginConfigurationErrors SKIPPED
> Task :core:datastore:generateReleaseResValues UP-TO-DATE
> Task :core:datastore:generateReleaseResources UP-TO-DATE
> Task :core:datastore:packageReleaseResources UP-TO-DATE
> Task :core:datastore:processReleaseNavigationResources UP-TO-DATE
> Task :core:datastore:parseReleaseLocalResources UP-TO-DATE
> Task :core:datastore:generateReleaseRFile UP-TO-DATE
> Task :core:datastore:compileReleaseKotlin UP-TO-DATE
> Task :core:datastore:javaPreCompileRelease UP-TO-DATE
> Task :core:datastore:compileReleaseJavaWithJavac NO-SOURCE
> Task :core:datastore:mergeReleaseGeneratedProguardFiles UP-TO-DATE
> Task :core:datastore:exportReleaseConsumerProguardFiles UP-TO-DATE
> Task :core:designsystem:checkKotlinGradlePluginConfigurationErrors SKIPPED
> Task :core:designsystem:generateReleaseResValues UP-TO-DATE
> Task :core:designsystem:generateReleaseResources UP-TO-DATE
> Task :core:designsystem:packageReleaseResources UP-TO-DATE
> Task :core:designsystem:processReleaseNavigationResources UP-TO-DATE
> Task :core:designsystem:parseReleaseLocalResources UP-TO-DATE
> Task :core:designsystem:generateReleaseRFile UP-TO-DATE
> Task :core:designsystem:compileReleaseKotlin UP-TO-DATE
> Task :core:designsystem:javaPreCompileRelease UP-TO-DATE
> Task :core:designsystem:compileReleaseJavaWithJavac NO-SOURCE
> Task :core:designsystem:bundleLibCompileToJarRelease UP-TO-DATE
> Task :core:ui:checkKotlinGradlePluginConfigurationErrors SKIPPED
> Task :core:ui:generateReleaseResValues UP-TO-DATE
> Task :core:ui:generateReleaseResources UP-TO-DATE
> Task :core:ui:packageReleaseResources UP-TO-DATE
> Task :core:ui:processReleaseNavigationResources UP-TO-DATE
> Task :core:ui:parseReleaseLocalResources UP-TO-DATE
> Task :core:ui:generateReleaseRFile UP-TO-DATE
> Task :core:ui:compileReleaseKotlin UP-TO-DATE
> Task :core:ui:javaPreCompileRelease UP-TO-DATE
> Task :core:ui:compileReleaseJavaWithJavac NO-SOURCE
> Task :core:ui:bundleLibCompileToJarRelease UP-TO-DATE
> Task :feature:onboarding:checkKotlinGradlePluginConfigurationErrors SKIPPED
> Task :feature:onboarding:generateReleaseResValues UP-TO-DATE
> Task :feature:onboarding:generateReleaseResources UP-TO-DATE
> Task :feature:onboarding:packageReleaseResources UP-TO-DATE
> Task :feature:onboarding:processReleaseNavigationResources UP-TO-DATE
> Task :feature:onboarding:parseReleaseLocalResources UP-TO-DATE
> Task :feature:onboarding:generateReleaseRFile UP-TO-DATE
> Task :feature:onboarding:compileReleaseKotlin UP-TO-DATE
> Task :feature:onboarding:javaPreCompileRelease UP-TO-DATE
> Task :feature:onboarding:compileReleaseJavaWithJavac NO-SOURCE
> Task :feature:onboarding:mergeReleaseGeneratedProguardFiles UP-TO-DATE
> Task :feature:onboarding:exportReleaseConsumerProguardFiles UP-TO-DATE
> Task :feature:dashboard:checkKotlinGradlePluginConfigurationErrors SKIPPED
> Task :feature:dashboard:generateReleaseResValues UP-TO-DATE
> Task :feature:dashboard:generateReleaseResources UP-TO-DATE
> Task :feature:dashboard:packageReleaseResources UP-TO-DATE
> Task :feature:dashboard:processReleaseNavigationResources UP-TO-DATE
> Task :feature:dashboard:parseReleaseLocalResources UP-TO-DATE
> Task :feature:dashboard:generateReleaseRFile UP-TO-DATE
> Task :feature:dashboard:compileReleaseKotlin UP-TO-DATE
> Task :feature:dashboard:javaPreCompileRelease UP-TO-DATE
> Task :feature:dashboard:compileReleaseJavaWithJavac NO-SOURCE
> Task :feature:dashboard:mergeReleaseGeneratedProguardFiles UP-TO-DATE
> Task :feature:dashboard:exportReleaseConsumerProguardFiles UP-TO-DATE
> Task :feature:profile:checkKotlinGradlePluginConfigurationErrors SKIPPED
> Task :feature:profile:generateReleaseResValues UP-TO-DATE
> Task :feature:profile:generateReleaseResources UP-TO-DATE
> Task :feature:profile:packageReleaseResources UP-TO-DATE
> Task :feature:profile:processReleaseNavigationResources UP-TO-DATE
> Task :feature:profile:parseReleaseLocalResources UP-TO-DATE
> Task :feature:profile:generateReleaseRFile UP-TO-DATE
> Task :feature:profile:compileReleaseKotlin UP-TO-DATE
> Task :feature:profile:javaPreCompileRelease UP-TO-DATE
> Task :feature:profile:compileReleaseJavaWithJavac NO-SOURCE
> Task :feature:profile:mergeReleaseGeneratedProguardFiles UP-TO-DATE
> Task :feature:profile:exportReleaseConsumerProguardFiles UP-TO-DATE
> Task :feature:timeline:checkKotlinGradlePluginConfigurationErrors SKIPPED
> Task :feature:timeline:generateReleaseResValues UP-TO-DATE
> Task :feature:timeline:generateReleaseResources UP-TO-DATE
> Task :feature:timeline:packageReleaseResources UP-TO-DATE
> Task :feature:timeline:processReleaseNavigationResources UP-TO-DATE
> Task :feature:timeline:parseReleaseLocalResources UP-TO-DATE
> Task :feature:timeline:generateReleaseRFile UP-TO-DATE
> Task :feature:timeline:compileReleaseKotlin UP-TO-DATE
> Task :feature:timeline:javaPreCompileRelease UP-TO-DATE
> Task :feature:timeline:compileReleaseJavaWithJavac NO-SOURCE
> Task :feature:timeline:mergeReleaseGeneratedProguardFiles UP-TO-DATE
> Task :feature:timeline:exportReleaseConsumerProguardFiles UP-TO-DATE
> Task :feature:symptoms:checkKotlinGradlePluginConfigurationErrors SKIPPED
> Task :feature:symptoms:generateReleaseResValues UP-TO-DATE
> Task :feature:symptoms:generateReleaseResources UP-TO-DATE
> Task :feature:symptoms:packageReleaseResources UP-TO-DATE
> Task :feature:symptoms:processReleaseNavigationResources UP-TO-DATE
> Task :feature:symptoms:parseReleaseLocalResources UP-TO-DATE
> Task :feature:symptoms:generateReleaseRFile UP-TO-DATE
> Task :feature:symptoms:compileReleaseKotlin UP-TO-DATE
> Task :feature:symptoms:javaPreCompileRelease UP-TO-DATE
> Task :feature:symptoms:compileReleaseJavaWithJavac NO-SOURCE
> Task :feature:symptoms:mergeReleaseGeneratedProguardFiles UP-TO-DATE
> Task :feature:symptoms:exportReleaseConsumerProguardFiles UP-TO-DATE
> Task :feature:records:checkKotlinGradlePluginConfigurationErrors SKIPPED
> Task :feature:records:generateReleaseResValues UP-TO-DATE
> Task :feature:records:generateReleaseResources UP-TO-DATE
> Task :feature:records:packageReleaseResources UP-TO-DATE
> Task :feature:records:processReleaseNavigationResources UP-TO-DATE
> Task :feature:records:parseReleaseLocalResources UP-TO-DATE
> Task :feature:records:generateReleaseRFile UP-TO-DATE
> Task :feature:records:compileReleaseKotlin UP-TO-DATE
> Task :feature:records:javaPreCompileRelease UP-TO-DATE
> Task :feature:records:compileReleaseJavaWithJavac NO-SOURCE
> Task :feature:records:mergeReleaseGeneratedProguardFiles UP-TO-DATE
> Task :feature:records:exportReleaseConsumerProguardFiles UP-TO-DATE
> Task :feature:medications:checkKotlinGradlePluginConfigurationErrors SKIPPED
> Task :feature:medications:generateReleaseResValues UP-TO-DATE
> Task :feature:medications:generateReleaseResources UP-TO-DATE
> Task :feature:medications:packageReleaseResources UP-TO-DATE
> Task :feature:medications:processReleaseNavigationResources UP-TO-DATE
> Task :feature:medications:parseReleaseLocalResources UP-TO-DATE
> Task :feature:medications:generateReleaseRFile UP-TO-DATE
> Task :feature:medications:compileReleaseKotlin UP-TO-DATE
> Task :feature:medications:javaPreCompileRelease UP-TO-DATE
> Task :feature:medications:compileReleaseJavaWithJavac NO-SOURCE
> Task :feature:medications:mergeReleaseGeneratedProguardFiles UP-TO-DATE
> Task :feature:medications:exportReleaseConsumerProguardFiles UP-TO-DATE
> Task :feature:reminders:checkKotlinGradlePluginConfigurationErrors SKIPPED
> Task :feature:reminders:generateReleaseResValues UP-TO-DATE
> Task :feature:reminders:generateReleaseResources UP-TO-DATE
> Task :feature:reminders:packageReleaseResources UP-TO-DATE
> Task :feature:reminders:processReleaseNavigationResources UP-TO-DATE
> Task :feature:reminders:parseReleaseLocalResources UP-TO-DATE
> Task :feature:reminders:generateReleaseRFile UP-TO-DATE
> Task :feature:reminders:compileReleaseKotlin UP-TO-DATE
> Task :feature:reminders:javaPreCompileRelease UP-TO-DATE
> Task :feature:reminders:compileReleaseJavaWithJavac NO-SOURCE
> Task :feature:reminders:mergeReleaseGeneratedProguardFiles UP-TO-DATE
> Task :feature:reminders:exportReleaseConsumerProguardFiles UP-TO-DATE
> Task :feature:appointments:checkKotlinGradlePluginConfigurationErrors SKIPPED
> Task :feature:appointments:generateReleaseResValues UP-TO-DATE
> Task :feature:appointments:generateReleaseResources UP-TO-DATE
> Task :feature:appointments:packageReleaseResources UP-TO-DATE
> Task :feature:appointments:processReleaseNavigationResources UP-TO-DATE
> Task :feature:appointments:parseReleaseLocalResources UP-TO-DATE
> Task :feature:appointments:generateReleaseRFile UP-TO-DATE
> Task :feature:appointments:compileReleaseKotlin UP-TO-DATE
> Task :feature:appointments:javaPreCompileRelease UP-TO-DATE
> Task :feature:appointments:compileReleaseJavaWithJavac NO-SOURCE
> Task :feature:appointments:mergeReleaseGeneratedProguardFiles UP-TO-DATE
> Task :feature:appointments:exportReleaseConsumerProguardFiles UP-TO-DATE
> Task :feature:reports:checkKotlinGradlePluginConfigurationErrors SKIPPED
> Task :feature:reports:generateReleaseResValues UP-TO-DATE
> Task :feature:reports:generateReleaseResources UP-TO-DATE
> Task :feature:reports:packageReleaseResources UP-TO-DATE
> Task :feature:reports:processReleaseNavigationResources UP-TO-DATE
> Task :feature:reports:parseReleaseLocalResources UP-TO-DATE
> Task :feature:reports:generateReleaseRFile UP-TO-DATE
> Task :feature:reports:compileReleaseKotlin UP-TO-DATE
> Task :feature:reports:javaPreCompileRelease UP-TO-DATE
> Task :feature:reports:compileReleaseJavaWithJavac NO-SOURCE
> Task :feature:reports:mergeReleaseGeneratedProguardFiles UP-TO-DATE
> Task :feature:reports:exportReleaseConsumerProguardFiles UP-TO-DATE
> Task :feature:settings:checkKotlinGradlePluginConfigurationErrors SKIPPED
> Task :feature:settings:generateReleaseResValues UP-TO-DATE
> Task :feature:settings:generateReleaseResources UP-TO-DATE
> Task :feature:settings:packageReleaseResources UP-TO-DATE
> Task :feature:settings:processReleaseNavigationResources UP-TO-DATE
> Task :feature:settings:parseReleaseLocalResources UP-TO-DATE
> Task :feature:settings:generateReleaseRFile UP-TO-DATE
> Task :feature:settings:compileReleaseKotlin UP-TO-DATE
> Task :feature:settings:javaPreCompileRelease UP-TO-DATE
> Task :feature:settings:compileReleaseJavaWithJavac NO-SOURCE
> Task :feature:settings:mergeReleaseGeneratedProguardFiles UP-TO-DATE
> Task :feature:settings:exportReleaseConsumerProguardFiles UP-TO-DATE
> Task :core:ui:mergeReleaseGeneratedProguardFiles UP-TO-DATE
> Task :core:ui:exportReleaseConsumerProguardFiles UP-TO-DATE
> Task :core:designsystem:mergeReleaseGeneratedProguardFiles UP-TO-DATE
> Task :core:designsystem:exportReleaseConsumerProguardFiles UP-TO-DATE
> Task :app:checkReleaseDuplicateClasses UP-TO-DATE
> Task :core:database:prepareReleaseArtProfile UP-TO-DATE
> Task :core:datastore:prepareReleaseArtProfile UP-TO-DATE
> Task :core:designsystem:prepareReleaseArtProfile UP-TO-DATE
> Task :core:files:prepareReleaseArtProfile UP-TO-DATE
> Task :core:notifications:prepareReleaseArtProfile UP-TO-DATE
> Task :core:security:prepareReleaseArtProfile UP-TO-DATE
> Task :core:ui:prepareReleaseArtProfile UP-TO-DATE
> Task :feature:appointments:prepareReleaseArtProfile UP-TO-DATE
> Task :feature:dashboard:prepareReleaseArtProfile UP-TO-DATE
> Task :feature:medications:prepareReleaseArtProfile UP-TO-DATE
> Task :feature:onboarding:prepareReleaseArtProfile UP-TO-DATE
> Task :feature:profile:prepareReleaseArtProfile UP-TO-DATE
> Task :feature:records:prepareReleaseArtProfile UP-TO-DATE
> Task :feature:reminders:prepareReleaseArtProfile UP-TO-DATE
> Task :feature:reports:prepareReleaseArtProfile UP-TO-DATE
> Task :feature:settings:prepareReleaseArtProfile UP-TO-DATE
> Task :feature:symptoms:prepareReleaseArtProfile UP-TO-DATE
> Task :feature:timeline:prepareReleaseArtProfile UP-TO-DATE
> Task :app:mergeReleaseArtProfile UP-TO-DATE
> Task :app:buildKotlinToolingMetadata UP-TO-DATE
> Task :app:checkKotlinGradlePluginConfigurationErrors SKIPPED
> Task :core:database:writeReleaseAarMetadata UP-TO-DATE
> Task :core:datastore:writeReleaseAarMetadata UP-TO-DATE
> Task :core:designsystem:writeReleaseAarMetadata UP-TO-DATE
> Task :core:files:writeReleaseAarMetadata UP-TO-DATE
> Task :core:notifications:writeReleaseAarMetadata UP-TO-DATE
> Task :core:security:writeReleaseAarMetadata UP-TO-DATE
> Task :core:ui:writeReleaseAarMetadata UP-TO-DATE
> Task :feature:appointments:writeReleaseAarMetadata UP-TO-DATE
> Task :feature:dashboard:writeReleaseAarMetadata UP-TO-DATE
> Task :feature:medications:writeReleaseAarMetadata UP-TO-DATE
> Task :feature:onboarding:writeReleaseAarMetadata UP-TO-DATE
> Task :feature:profile:writeReleaseAarMetadata UP-TO-DATE
> Task :feature:records:writeReleaseAarMetadata UP-TO-DATE
> Task :feature:reminders:writeReleaseAarMetadata UP-TO-DATE
> Task :feature:reports:writeReleaseAarMetadata UP-TO-DATE
> Task :feature:settings:writeReleaseAarMetadata UP-TO-DATE
> Task :feature:symptoms:writeReleaseAarMetadata UP-TO-DATE
> Task :feature:timeline:writeReleaseAarMetadata UP-TO-DATE
> Task :app:checkReleaseAarMetadata UP-TO-DATE
> Task :app:processReleaseNavigationResources UP-TO-DATE
> Task :app:compileReleaseNavigationResources UP-TO-DATE
> Task :app:generateReleaseResValues UP-TO-DATE
> Task :app:mapReleaseSourceSetPaths UP-TO-DATE
> Task :app:generateReleaseResources UP-TO-DATE
> Task :app:mergeReleaseResources UP-TO-DATE
> Task :app:packageReleaseResources UP-TO-DATE
> Task :app:parseReleaseLocalResources UP-TO-DATE
> Task :app:createReleaseCompatibleScreenManifests UP-TO-DATE
> Task :app:extractDeepLinksRelease UP-TO-DATE
> Task :core:database:extractDeepLinksRelease UP-TO-DATE
> Task :core:database:processReleaseManifest UP-TO-DATE
> Task :core:datastore:extractDeepLinksRelease UP-TO-DATE
> Task :core:datastore:processReleaseManifest UP-TO-DATE
> Task :core:designsystem:extractDeepLinksRelease UP-TO-DATE
> Task :core:designsystem:processReleaseManifest UP-TO-DATE
> Task :core:files:extractDeepLinksRelease UP-TO-DATE
> Task :core:files:processReleaseManifest UP-TO-DATE
> Task :core:notifications:extractDeepLinksRelease UP-TO-DATE
> Task :core:notifications:processReleaseManifest UP-TO-DATE
> Task :core:security:extractDeepLinksRelease UP-TO-DATE
> Task :core:security:processReleaseManifest UP-TO-DATE
> Task :core:ui:extractDeepLinksRelease UP-TO-DATE
> Task :core:ui:processReleaseManifest UP-TO-DATE
> Task :feature:appointments:extractDeepLinksRelease UP-TO-DATE
> Task :feature:appointments:processReleaseManifest UP-TO-DATE
> Task :feature:dashboard:extractDeepLinksRelease UP-TO-DATE
> Task :feature:dashboard:processReleaseManifest UP-TO-DATE
> Task :feature:medications:extractDeepLinksRelease UP-TO-DATE
> Task :feature:medications:processReleaseManifest UP-TO-DATE
> Task :feature:onboarding:extractDeepLinksRelease UP-TO-DATE
> Task :feature:onboarding:processReleaseManifest UP-TO-DATE
> Task :feature:profile:extractDeepLinksRelease UP-TO-DATE
> Task :feature:profile:processReleaseManifest UP-TO-DATE
> Task :feature:records:extractDeepLinksRelease UP-TO-DATE
> Task :feature:records:processReleaseManifest UP-TO-DATE
> Task :feature:reminders:extractDeepLinksRelease UP-TO-DATE
> Task :feature:reminders:processReleaseManifest UP-TO-DATE
> Task :feature:reports:extractDeepLinksRelease UP-TO-DATE
> Task :feature:reports:processReleaseManifest UP-TO-DATE
> Task :feature:settings:extractDeepLinksRelease UP-TO-DATE
> Task :feature:settings:processReleaseManifest UP-TO-DATE
> Task :feature:symptoms:extractDeepLinksRelease UP-TO-DATE
> Task :feature:symptoms:processReleaseManifest UP-TO-DATE
> Task :feature:timeline:extractDeepLinksRelease UP-TO-DATE
> Task :feature:timeline:processReleaseManifest UP-TO-DATE
> Task :app:processReleaseMainManifest UP-TO-DATE
> Task :app:processReleaseManifest UP-TO-DATE
> Task :app:processReleaseManifestForPackage UP-TO-DATE
> Task :app:processReleaseResources UP-TO-DATE
> Task :core:datastore:bundleLibCompileToJarRelease UP-TO-DATE
> Task :core:files:bundleLibCompileToJarRelease UP-TO-DATE
> Task :core:notifications:bundleLibCompileToJarRelease UP-TO-DATE
> Task :core:security:bundleLibCompileToJarRelease UP-TO-DATE
> Task :feature:appointments:bundleLibCompileToJarRelease UP-TO-DATE
> Task :feature:dashboard:bundleLibCompileToJarRelease UP-TO-DATE
> Task :feature:medications:bundleLibCompileToJarRelease UP-TO-DATE
> Task :feature:onboarding:bundleLibCompileToJarRelease UP-TO-DATE
> Task :feature:profile:bundleLibCompileToJarRelease UP-TO-DATE
> Task :feature:records:bundleLibCompileToJarRelease UP-TO-DATE
> Task :feature:reminders:bundleLibCompileToJarRelease UP-TO-DATE
> Task :feature:reports:bundleLibCompileToJarRelease UP-TO-DATE
> Task :feature:settings:bundleLibCompileToJarRelease UP-TO-DATE
> Task :feature:symptoms:bundleLibCompileToJarRelease UP-TO-DATE
> Task :feature:timeline:bundleLibCompileToJarRelease UP-TO-DATE
> Task :app:kspReleaseKotlin UP-TO-DATE
> Task :app:compileReleaseKotlin UP-TO-DATE
> Task :app:javaPreCompileRelease UP-TO-DATE
> Task :app:compileReleaseJavaWithJavac UP-TO-DATE
> Task :core:notifications:bundleLibRuntimeToJarRelease UP-TO-DATE
> Task :core:database:bundleLibRuntimeToJarRelease UP-TO-DATE
> Task :core:security:bundleLibRuntimeToJarRelease UP-TO-DATE
> Task :core:files:bundleLibRuntimeToJarRelease UP-TO-DATE
> Task :core:datastore:bundleLibRuntimeToJarRelease UP-TO-DATE
> Task :feature:onboarding:bundleLibRuntimeToJarRelease UP-TO-DATE
> Task :feature:dashboard:bundleLibRuntimeToJarRelease UP-TO-DATE
> Task :feature:profile:bundleLibRuntimeToJarRelease UP-TO-DATE
> Task :feature:timeline:bundleLibRuntimeToJarRelease UP-TO-DATE
> Task :feature:symptoms:bundleLibRuntimeToJarRelease UP-TO-DATE
> Task :feature:records:bundleLibRuntimeToJarRelease UP-TO-DATE
> Task :feature:medications:bundleLibRuntimeToJarRelease UP-TO-DATE
> Task :feature:reminders:bundleLibRuntimeToJarRelease UP-TO-DATE
> Task :feature:appointments:bundleLibRuntimeToJarRelease UP-TO-DATE
> Task :feature:reports:bundleLibRuntimeToJarRelease UP-TO-DATE
> Task :feature:settings:bundleLibRuntimeToJarRelease UP-TO-DATE
> Task :core:ui:bundleLibRuntimeToJarRelease UP-TO-DATE
> Task :core:designsystem:bundleLibRuntimeToJarRelease UP-TO-DATE
> Task :app:extractProguardFiles UP-TO-DATE
> Task :app:hiltAggregateDepsRelease UP-TO-DATE
> Task :app:hiltJavaCompileRelease UP-TO-DATE
> Task :app:transformReleaseClassesWithAsm UP-TO-DATE
> Task :app:expandReleaseArtProfileWildcards UP-TO-DATE
> Task :app:mergeReleaseGeneratedProguardFiles UP-TO-DATE
> Task :app:processReleaseJavaRes UP-TO-DATE
> Task :core:database:processReleaseJavaRes UP-TO-DATE
> Task :core:datastore:processReleaseJavaRes UP-TO-DATE
> Task :core:designsystem:processReleaseJavaRes UP-TO-DATE
> Task :core:files:processReleaseJavaRes UP-TO-DATE
> Task :core:notifications:processReleaseJavaRes UP-TO-DATE
> Task :core:security:processReleaseJavaRes UP-TO-DATE
> Task :core:ui:processReleaseJavaRes UP-TO-DATE
> Task :feature:appointments:processReleaseJavaRes UP-TO-DATE
> Task :feature:dashboard:processReleaseJavaRes UP-TO-DATE
> Task :feature:medications:processReleaseJavaRes UP-TO-DATE
> Task :feature:onboarding:processReleaseJavaRes UP-TO-DATE
> Task :feature:profile:processReleaseJavaRes UP-TO-DATE
> Task :feature:records:processReleaseJavaRes UP-TO-DATE
> Task :feature:reminders:processReleaseJavaRes UP-TO-DATE
> Task :feature:reports:processReleaseJavaRes UP-TO-DATE
> Task :feature:settings:processReleaseJavaRes UP-TO-DATE
> Task :feature:symptoms:processReleaseJavaRes UP-TO-DATE
> Task :feature:timeline:processReleaseJavaRes UP-TO-DATE
> Task :app:mergeReleaseJavaResource UP-TO-DATE
> Task :app:mergeReleaseStartupProfile UP-TO-DATE
> Task :app:minifyReleaseWithR8 UP-TO-DATE
> Task :app:mergeReleaseJniLibFolders UP-TO-DATE
> Task :core:database:mergeReleaseJniLibFolders UP-TO-DATE
> Task :core:database:mergeReleaseNativeLibs NO-SOURCE
> Task :core:database:copyReleaseJniLibsProjectOnly UP-TO-DATE
> Task :core:datastore:mergeReleaseJniLibFolders UP-TO-DATE
> Task :core:datastore:mergeReleaseNativeLibs NO-SOURCE
> Task :core:datastore:copyReleaseJniLibsProjectOnly UP-TO-DATE
> Task :core:designsystem:mergeReleaseJniLibFolders UP-TO-DATE
> Task :core:designsystem:mergeReleaseNativeLibs NO-SOURCE
> Task :core:designsystem:copyReleaseJniLibsProjectOnly UP-TO-DATE
> Task :core:files:mergeReleaseJniLibFolders UP-TO-DATE
> Task :core:files:mergeReleaseNativeLibs NO-SOURCE
> Task :core:files:copyReleaseJniLibsProjectOnly UP-TO-DATE
> Task :core:notifications:mergeReleaseJniLibFolders UP-TO-DATE
> Task :core:notifications:mergeReleaseNativeLibs NO-SOURCE
> Task :core:notifications:copyReleaseJniLibsProjectOnly UP-TO-DATE
> Task :core:security:mergeReleaseJniLibFolders UP-TO-DATE
> Task :core:security:mergeReleaseNativeLibs NO-SOURCE
> Task :core:security:copyReleaseJniLibsProjectOnly UP-TO-DATE
> Task :core:ui:mergeReleaseJniLibFolders UP-TO-DATE
> Task :core:ui:mergeReleaseNativeLibs NO-SOURCE
> Task :core:ui:copyReleaseJniLibsProjectOnly UP-TO-DATE
> Task :feature:appointments:mergeReleaseJniLibFolders UP-TO-DATE
> Task :feature:appointments:mergeReleaseNativeLibs NO-SOURCE
> Task :feature:appointments:copyReleaseJniLibsProjectOnly UP-TO-DATE
> Task :feature:dashboard:mergeReleaseJniLibFolders UP-TO-DATE
> Task :feature:dashboard:mergeReleaseNativeLibs NO-SOURCE
> Task :feature:dashboard:copyReleaseJniLibsProjectOnly UP-TO-DATE
> Task :feature:medications:mergeReleaseJniLibFolders UP-TO-DATE
> Task :feature:medications:mergeReleaseNativeLibs NO-SOURCE
> Task :feature:medications:copyReleaseJniLibsProjectOnly UP-TO-DATE
> Task :feature:onboarding:mergeReleaseJniLibFolders UP-TO-DATE
> Task :feature:onboarding:mergeReleaseNativeLibs NO-SOURCE
> Task :feature:onboarding:copyReleaseJniLibsProjectOnly UP-TO-DATE
> Task :feature:profile:mergeReleaseJniLibFolders UP-TO-DATE
> Task :feature:profile:mergeReleaseNativeLibs NO-SOURCE
> Task :feature:profile:copyReleaseJniLibsProjectOnly UP-TO-DATE
> Task :feature:records:mergeReleaseJniLibFolders UP-TO-DATE
> Task :feature:records:mergeReleaseNativeLibs NO-SOURCE
> Task :feature:records:copyReleaseJniLibsProjectOnly UP-TO-DATE
> Task :feature:reminders:mergeReleaseJniLibFolders UP-TO-DATE
> Task :feature:reminders:mergeReleaseNativeLibs NO-SOURCE
> Task :feature:reminders:copyReleaseJniLibsProjectOnly UP-TO-DATE
> Task :feature:reports:mergeReleaseJniLibFolders UP-TO-DATE
> Task :feature:reports:mergeReleaseNativeLibs NO-SOURCE
> Task :feature:reports:copyReleaseJniLibsProjectOnly UP-TO-DATE
> Task :feature:settings:mergeReleaseJniLibFolders UP-TO-DATE
> Task :feature:settings:mergeReleaseNativeLibs NO-SOURCE
> Task :feature:settings:copyReleaseJniLibsProjectOnly UP-TO-DATE
> Task :feature:symptoms:mergeReleaseJniLibFolders UP-TO-DATE
> Task :feature:symptoms:mergeReleaseNativeLibs NO-SOURCE
> Task :feature:symptoms:copyReleaseJniLibsProjectOnly UP-TO-DATE
> Task :feature:timeline:mergeReleaseJniLibFolders UP-TO-DATE
> Task :feature:timeline:mergeReleaseNativeLibs NO-SOURCE
> Task :feature:timeline:copyReleaseJniLibsProjectOnly UP-TO-DATE
> Task :app:mergeReleaseNativeLibs UP-TO-DATE
> Task :app:stripReleaseDebugSymbols UP-TO-DATE
> Task :app:writeReleaseAppMetadata UP-TO-DATE
> Task :app:buildReleasePreBundle
> Task :app:compileReleaseArtProfile UP-TO-DATE
> Task :app:collectReleaseDependencies UP-TO-DATE
> Task :app:configureReleaseDependencies
> Task :app:extractReleaseNativeDebugMetadata UP-TO-DATE
> Task :core:database:createFullJarRelease UP-TO-DATE
> Task :core:database:extractProguardFiles UP-TO-DATE
> Task :core:database:generateReleaseLintModel UP-TO-DATE
> Task :core:database:prepareLintJarForPublish UP-TO-DATE
> Task :core:datastore:createFullJarRelease UP-TO-DATE
> Task :core:datastore:extractProguardFiles UP-TO-DATE
> Task :core:datastore:generateReleaseLintModel UP-TO-DATE
> Task :core:datastore:prepareLintJarForPublish UP-TO-DATE
> Task :core:designsystem:createFullJarRelease UP-TO-DATE
> Task :core:designsystem:extractProguardFiles UP-TO-DATE
> Task :core:designsystem:generateReleaseLintModel UP-TO-DATE
> Task :core:designsystem:prepareLintJarForPublish UP-TO-DATE
> Task :core:files:createFullJarRelease UP-TO-DATE
> Task :core:files:extractProguardFiles UP-TO-DATE
> Task :core:files:generateReleaseLintModel UP-TO-DATE
> Task :core:files:prepareLintJarForPublish UP-TO-DATE
> Task :core:notifications:createFullJarRelease UP-TO-DATE
> Task :core:notifications:extractProguardFiles UP-TO-DATE
> Task :core:notifications:generateReleaseLintModel UP-TO-DATE
> Task :core:notifications:prepareLintJarForPublish UP-TO-DATE
> Task :core:security:createFullJarRelease UP-TO-DATE
> Task :core:security:extractProguardFiles UP-TO-DATE
> Task :core:security:generateReleaseLintModel UP-TO-DATE
> Task :core:security:prepareLintJarForPublish UP-TO-DATE
> Task :core:ui:createFullJarRelease UP-TO-DATE
> Task :core:ui:extractProguardFiles UP-TO-DATE
> Task :core:ui:generateReleaseLintModel UP-TO-DATE
> Task :core:ui:prepareLintJarForPublish UP-TO-DATE
> Task :feature:appointments:createFullJarRelease UP-TO-DATE
> Task :feature:appointments:extractProguardFiles UP-TO-DATE
> Task :feature:appointments:generateReleaseLintModel UP-TO-DATE
> Task :feature:appointments:prepareLintJarForPublish UP-TO-DATE
> Task :feature:dashboard:createFullJarRelease UP-TO-DATE
> Task :feature:dashboard:extractProguardFiles UP-TO-DATE
> Task :feature:dashboard:generateReleaseLintModel UP-TO-DATE
> Task :feature:dashboard:prepareLintJarForPublish UP-TO-DATE
> Task :feature:medications:createFullJarRelease UP-TO-DATE
> Task :feature:medications:extractProguardFiles UP-TO-DATE
> Task :feature:medications:generateReleaseLintModel UP-TO-DATE
> Task :feature:medications:prepareLintJarForPublish UP-TO-DATE
> Task :feature:onboarding:createFullJarRelease UP-TO-DATE
> Task :feature:onboarding:extractProguardFiles UP-TO-DATE
> Task :feature:onboarding:generateReleaseLintModel UP-TO-DATE
> Task :feature:onboarding:prepareLintJarForPublish UP-TO-DATE
> Task :feature:profile:createFullJarRelease UP-TO-DATE
> Task :feature:profile:extractProguardFiles UP-TO-DATE
> Task :feature:profile:generateReleaseLintModel UP-TO-DATE
> Task :feature:profile:prepareLintJarForPublish UP-TO-DATE
> Task :feature:records:createFullJarRelease UP-TO-DATE
> Task :feature:records:extractProguardFiles UP-TO-DATE
> Task :feature:records:generateReleaseLintModel UP-TO-DATE
> Task :feature:records:prepareLintJarForPublish UP-TO-DATE
> Task :feature:reminders:createFullJarRelease UP-TO-DATE
> Task :feature:reminders:extractProguardFiles UP-TO-DATE
> Task :feature:reminders:generateReleaseLintModel UP-TO-DATE
> Task :feature:reminders:prepareLintJarForPublish UP-TO-DATE
> Task :feature:reports:createFullJarRelease UP-TO-DATE
> Task :feature:reports:extractProguardFiles UP-TO-DATE
> Task :feature:reports:generateReleaseLintModel UP-TO-DATE
> Task :feature:reports:prepareLintJarForPublish UP-TO-DATE
> Task :feature:settings:createFullJarRelease UP-TO-DATE
> Task :feature:settings:extractProguardFiles UP-TO-DATE
> Task :feature:settings:generateReleaseLintModel UP-TO-DATE
> Task :feature:settings:prepareLintJarForPublish UP-TO-DATE
> Task :feature:symptoms:createFullJarRelease UP-TO-DATE
> Task :feature:symptoms:extractProguardFiles UP-TO-DATE
> Task :feature:symptoms:generateReleaseLintModel UP-TO-DATE
> Task :feature:symptoms:prepareLintJarForPublish UP-TO-DATE
> Task :feature:timeline:createFullJarRelease UP-TO-DATE
> Task :feature:timeline:extractProguardFiles UP-TO-DATE
> Task :feature:timeline:generateReleaseLintModel UP-TO-DATE
> Task :feature:timeline:prepareLintJarForPublish UP-TO-DATE
> Task :app:generateReleaseLintVitalReportModel UP-TO-DATE
> Task :core:notifications:checkReleaseAarMetadata UP-TO-DATE
> Task :core:notifications:stripReleaseDebugSymbols NO-SOURCE
> Task :core:notifications:copyReleaseJniLibsProjectAndLocalJars UP-TO-DATE
> Task :core:notifications:extractDeepLinksForAarRelease UP-TO-DATE
> Task :core:notifications:extractReleaseAnnotations UP-TO-DATE
> Task :core:notifications:mergeReleaseConsumerProguardFiles UP-TO-DATE
> Task :core:notifications:mergeReleaseJavaResource UP-TO-DATE
> Task :core:notifications:syncReleaseLibJars UP-TO-DATE
> Task :core:notifications:bundleReleaseLocalLintAar UP-TO-DATE
> Task :core:database:checkReleaseAarMetadata UP-TO-DATE
> Task :core:database:stripReleaseDebugSymbols NO-SOURCE
> Task :core:database:copyReleaseJniLibsProjectAndLocalJars UP-TO-DATE
> Task :core:database:extractDeepLinksForAarRelease UP-TO-DATE
> Task :core:database:extractReleaseAnnotations UP-TO-DATE
> Task :core:database:mergeReleaseConsumerProguardFiles UP-TO-DATE
> Task :core:database:mergeReleaseJavaResource UP-TO-DATE
> Task :core:database:syncReleaseLibJars UP-TO-DATE
> Task :core:database:bundleReleaseLocalLintAar UP-TO-DATE
> Task :core:security:checkReleaseAarMetadata UP-TO-DATE
> Task :core:security:stripReleaseDebugSymbols NO-SOURCE
> Task :core:security:copyReleaseJniLibsProjectAndLocalJars UP-TO-DATE
> Task :core:security:extractDeepLinksForAarRelease UP-TO-DATE
> Task :core:security:extractReleaseAnnotations UP-TO-DATE
> Task :core:security:mergeReleaseConsumerProguardFiles UP-TO-DATE
> Task :core:security:mergeReleaseJavaResource UP-TO-DATE
> Task :core:security:syncReleaseLibJars UP-TO-DATE
> Task :core:security:bundleReleaseLocalLintAar UP-TO-DATE
> Task :core:files:checkReleaseAarMetadata UP-TO-DATE
> Task :core:files:stripReleaseDebugSymbols NO-SOURCE
> Task :core:files:copyReleaseJniLibsProjectAndLocalJars UP-TO-DATE
> Task :core:files:extractDeepLinksForAarRelease UP-TO-DATE
> Task :core:files:extractReleaseAnnotations UP-TO-DATE
> Task :core:files:mergeReleaseConsumerProguardFiles UP-TO-DATE
> Task :core:files:mergeReleaseJavaResource UP-TO-DATE
> Task :core:files:syncReleaseLibJars UP-TO-DATE
> Task :core:files:bundleReleaseLocalLintAar UP-TO-DATE
> Task :core:datastore:checkReleaseAarMetadata UP-TO-DATE
> Task :core:datastore:stripReleaseDebugSymbols NO-SOURCE
> Task :core:datastore:copyReleaseJniLibsProjectAndLocalJars UP-TO-DATE
> Task :core:datastore:extractDeepLinksForAarRelease UP-TO-DATE
> Task :core:datastore:extractReleaseAnnotations UP-TO-DATE
> Task :core:datastore:mergeReleaseConsumerProguardFiles UP-TO-DATE
> Task :core:datastore:mergeReleaseJavaResource UP-TO-DATE
> Task :core:datastore:syncReleaseLibJars UP-TO-DATE
> Task :core:datastore:bundleReleaseLocalLintAar UP-TO-DATE
> Task :feature:onboarding:checkReleaseAarMetadata UP-TO-DATE
> Task :feature:onboarding:stripReleaseDebugSymbols NO-SOURCE
> Task :feature:onboarding:copyReleaseJniLibsProjectAndLocalJars UP-TO-DATE
> Task :feature:onboarding:extractDeepLinksForAarRelease UP-TO-DATE
> Task :feature:onboarding:extractReleaseAnnotations UP-TO-DATE
> Task :feature:onboarding:mergeReleaseConsumerProguardFiles UP-TO-DATE
> Task :feature:onboarding:mergeReleaseJavaResource UP-TO-DATE
> Task :feature:onboarding:syncReleaseLibJars UP-TO-DATE
> Task :feature:onboarding:bundleReleaseLocalLintAar UP-TO-DATE
> Task :feature:dashboard:checkReleaseAarMetadata UP-TO-DATE
> Task :feature:dashboard:stripReleaseDebugSymbols NO-SOURCE
> Task :feature:dashboard:copyReleaseJniLibsProjectAndLocalJars UP-TO-DATE
> Task :feature:dashboard:extractDeepLinksForAarRelease UP-TO-DATE
> Task :feature:dashboard:extractReleaseAnnotations UP-TO-DATE
> Task :feature:dashboard:mergeReleaseConsumerProguardFiles UP-TO-DATE
> Task :feature:dashboard:mergeReleaseJavaResource UP-TO-DATE
> Task :feature:dashboard:syncReleaseLibJars UP-TO-DATE
> Task :feature:dashboard:bundleReleaseLocalLintAar UP-TO-DATE
> Task :feature:profile:checkReleaseAarMetadata UP-TO-DATE
> Task :feature:profile:stripReleaseDebugSymbols NO-SOURCE
> Task :feature:profile:copyReleaseJniLibsProjectAndLocalJars UP-TO-DATE
> Task :feature:profile:extractDeepLinksForAarRelease UP-TO-DATE
> Task :feature:profile:extractReleaseAnnotations UP-TO-DATE
> Task :feature:profile:mergeReleaseConsumerProguardFiles UP-TO-DATE
> Task :feature:profile:mergeReleaseJavaResource UP-TO-DATE
> Task :feature:profile:syncReleaseLibJars UP-TO-DATE
> Task :feature:profile:bundleReleaseLocalLintAar UP-TO-DATE
> Task :feature:timeline:checkReleaseAarMetadata UP-TO-DATE
> Task :feature:timeline:stripReleaseDebugSymbols NO-SOURCE
> Task :feature:timeline:copyReleaseJniLibsProjectAndLocalJars UP-TO-DATE
> Task :feature:timeline:extractDeepLinksForAarRelease UP-TO-DATE
> Task :feature:timeline:extractReleaseAnnotations UP-TO-DATE
> Task :feature:timeline:mergeReleaseConsumerProguardFiles UP-TO-DATE
> Task :feature:timeline:mergeReleaseJavaResource UP-TO-DATE
> Task :feature:timeline:syncReleaseLibJars UP-TO-DATE
> Task :feature:timeline:bundleReleaseLocalLintAar UP-TO-DATE
> Task :feature:symptoms:checkReleaseAarMetadata UP-TO-DATE
> Task :feature:symptoms:stripReleaseDebugSymbols NO-SOURCE
> Task :feature:symptoms:copyReleaseJniLibsProjectAndLocalJars UP-TO-DATE
> Task :feature:symptoms:extractDeepLinksForAarRelease UP-TO-DATE
> Task :feature:symptoms:extractReleaseAnnotations UP-TO-DATE
> Task :feature:symptoms:mergeReleaseConsumerProguardFiles UP-TO-DATE
> Task :feature:symptoms:mergeReleaseJavaResource UP-TO-DATE
> Task :feature:symptoms:syncReleaseLibJars UP-TO-DATE
> Task :feature:symptoms:bundleReleaseLocalLintAar UP-TO-DATE
> Task :feature:records:checkReleaseAarMetadata UP-TO-DATE
> Task :feature:records:stripReleaseDebugSymbols NO-SOURCE
> Task :feature:records:copyReleaseJniLibsProjectAndLocalJars UP-TO-DATE
> Task :feature:records:extractDeepLinksForAarRelease UP-TO-DATE
> Task :feature:records:extractReleaseAnnotations UP-TO-DATE
> Task :feature:records:mergeReleaseConsumerProguardFiles UP-TO-DATE
> Task :feature:records:mergeReleaseJavaResource UP-TO-DATE
> Task :feature:records:syncReleaseLibJars UP-TO-DATE
> Task :feature:records:bundleReleaseLocalLintAar UP-TO-DATE
> Task :feature:medications:checkReleaseAarMetadata UP-TO-DATE
> Task :feature:medications:stripReleaseDebugSymbols NO-SOURCE
> Task :feature:medications:copyReleaseJniLibsProjectAndLocalJars UP-TO-DATE
> Task :feature:medications:extractDeepLinksForAarRelease UP-TO-DATE
> Task :feature:medications:extractReleaseAnnotations UP-TO-DATE
> Task :feature:medications:mergeReleaseConsumerProguardFiles UP-TO-DATE
> Task :feature:medications:mergeReleaseJavaResource UP-TO-DATE
> Task :feature:medications:syncReleaseLibJars UP-TO-DATE
> Task :feature:medications:bundleReleaseLocalLintAar UP-TO-DATE
> Task :feature:reminders:checkReleaseAarMetadata UP-TO-DATE
> Task :feature:reminders:stripReleaseDebugSymbols NO-SOURCE
> Task :feature:reminders:copyReleaseJniLibsProjectAndLocalJars UP-TO-DATE
> Task :feature:reminders:extractDeepLinksForAarRelease UP-TO-DATE
> Task :feature:reminders:extractReleaseAnnotations UP-TO-DATE
> Task :feature:reminders:mergeReleaseConsumerProguardFiles UP-TO-DATE
> Task :feature:reminders:mergeReleaseJavaResource UP-TO-DATE
> Task :feature:reminders:syncReleaseLibJars UP-TO-DATE
> Task :feature:reminders:bundleReleaseLocalLintAar UP-TO-DATE
> Task :feature:appointments:checkReleaseAarMetadata UP-TO-DATE
> Task :feature:appointments:stripReleaseDebugSymbols NO-SOURCE
> Task :feature:appointments:copyReleaseJniLibsProjectAndLocalJars UP-TO-DATE
> Task :feature:appointments:extractDeepLinksForAarRelease UP-TO-DATE
> Task :feature:appointments:extractReleaseAnnotations UP-TO-DATE
> Task :feature:appointments:mergeReleaseConsumerProguardFiles UP-TO-DATE
> Task :feature:appointments:mergeReleaseJavaResource UP-TO-DATE
> Task :feature:appointments:syncReleaseLibJars UP-TO-DATE
> Task :feature:appointments:bundleReleaseLocalLintAar UP-TO-DATE
> Task :feature:reports:checkReleaseAarMetadata UP-TO-DATE
> Task :feature:reports:stripReleaseDebugSymbols NO-SOURCE
> Task :feature:reports:copyReleaseJniLibsProjectAndLocalJars UP-TO-DATE
> Task :feature:reports:extractDeepLinksForAarRelease UP-TO-DATE
> Task :feature:reports:extractReleaseAnnotations UP-TO-DATE
> Task :feature:reports:mergeReleaseConsumerProguardFiles UP-TO-DATE
> Task :feature:reports:mergeReleaseJavaResource UP-TO-DATE
> Task :feature:reports:syncReleaseLibJars UP-TO-DATE
> Task :feature:reports:bundleReleaseLocalLintAar UP-TO-DATE
> Task :feature:settings:checkReleaseAarMetadata UP-TO-DATE
> Task :feature:settings:stripReleaseDebugSymbols NO-SOURCE
> Task :feature:settings:copyReleaseJniLibsProjectAndLocalJars UP-TO-DATE
> Task :feature:settings:extractDeepLinksForAarRelease UP-TO-DATE
> Task :feature:settings:extractReleaseAnnotations UP-TO-DATE
> Task :feature:settings:mergeReleaseConsumerProguardFiles UP-TO-DATE
> Task :feature:settings:mergeReleaseJavaResource UP-TO-DATE
> Task :feature:settings:syncReleaseLibJars UP-TO-DATE
> Task :feature:settings:bundleReleaseLocalLintAar UP-TO-DATE
> Task :core:ui:checkReleaseAarMetadata UP-TO-DATE
> Task :core:ui:stripReleaseDebugSymbols NO-SOURCE
> Task :core:ui:copyReleaseJniLibsProjectAndLocalJars UP-TO-DATE
> Task :core:ui:extractDeepLinksForAarRelease UP-TO-DATE
> Task :core:ui:extractReleaseAnnotations UP-TO-DATE
> Task :core:ui:mergeReleaseConsumerProguardFiles UP-TO-DATE
> Task :core:ui:mergeReleaseJavaResource UP-TO-DATE
> Task :core:ui:syncReleaseLibJars UP-TO-DATE
> Task :core:ui:bundleReleaseLocalLintAar UP-TO-DATE
> Task :core:designsystem:checkReleaseAarMetadata UP-TO-DATE
> Task :core:designsystem:stripReleaseDebugSymbols NO-SOURCE
> Task :core:designsystem:copyReleaseJniLibsProjectAndLocalJars UP-TO-DATE
> Task :core:designsystem:extractDeepLinksForAarRelease UP-TO-DATE
> Task :core:designsystem:extractReleaseAnnotations UP-TO-DATE
> Task :core:designsystem:mergeReleaseConsumerProguardFiles UP-TO-DATE
> Task :core:designsystem:mergeReleaseJavaResource UP-TO-DATE
> Task :core:designsystem:syncReleaseLibJars UP-TO-DATE
> Task :core:designsystem:bundleReleaseLocalLintAar UP-TO-DATE
> Task :core:database:lintVitalAnalyzeRelease UP-TO-DATE
> Task :core:database:writeReleaseLintModelMetadata UP-TO-DATE
> Task :core:datastore:lintVitalAnalyzeRelease UP-TO-DATE
> Task :core:datastore:writeReleaseLintModelMetadata UP-TO-DATE
> Task :core:designsystem:lintVitalAnalyzeRelease UP-TO-DATE
> Task :core:designsystem:writeReleaseLintModelMetadata UP-TO-DATE
> Task :core:files:lintVitalAnalyzeRelease UP-TO-DATE
> Task :core:files:writeReleaseLintModelMetadata UP-TO-DATE
> Task :core:notifications:lintVitalAnalyzeRelease UP-TO-DATE
> Task :core:notifications:writeReleaseLintModelMetadata UP-TO-DATE
> Task :core:security:lintVitalAnalyzeRelease UP-TO-DATE
> Task :core:security:writeReleaseLintModelMetadata UP-TO-DATE
> Task :core:ui:lintVitalAnalyzeRelease UP-TO-DATE
> Task :core:ui:writeReleaseLintModelMetadata UP-TO-DATE
> Task :feature:appointments:lintVitalAnalyzeRelease UP-TO-DATE
> Task :feature:appointments:writeReleaseLintModelMetadata UP-TO-DATE
> Task :feature:dashboard:lintVitalAnalyzeRelease UP-TO-DATE
> Task :feature:dashboard:writeReleaseLintModelMetadata UP-TO-DATE
> Task :feature:medications:lintVitalAnalyzeRelease UP-TO-DATE
> Task :feature:medications:writeReleaseLintModelMetadata UP-TO-DATE
> Task :feature:onboarding:lintVitalAnalyzeRelease UP-TO-DATE
> Task :feature:onboarding:writeReleaseLintModelMetadata UP-TO-DATE
> Task :feature:profile:lintVitalAnalyzeRelease UP-TO-DATE
> Task :feature:profile:writeReleaseLintModelMetadata UP-TO-DATE
> Task :feature:records:lintVitalAnalyzeRelease UP-TO-DATE
> Task :feature:records:writeReleaseLintModelMetadata UP-TO-DATE
> Task :feature:reminders:lintVitalAnalyzeRelease UP-TO-DATE
> Task :feature:reminders:writeReleaseLintModelMetadata UP-TO-DATE
> Task :feature:reports:lintVitalAnalyzeRelease UP-TO-DATE
> Task :feature:reports:writeReleaseLintModelMetadata UP-TO-DATE
> Task :feature:settings:lintVitalAnalyzeRelease UP-TO-DATE
> Task :feature:settings:writeReleaseLintModelMetadata UP-TO-DATE
> Task :feature:symptoms:lintVitalAnalyzeRelease UP-TO-DATE
> Task :feature:symptoms:writeReleaseLintModelMetadata UP-TO-DATE
> Task :feature:timeline:lintVitalAnalyzeRelease UP-TO-DATE
> Task :feature:timeline:writeReleaseLintModelMetadata UP-TO-DATE
> Task :app:lintVitalAnalyzeRelease UP-TO-DATE
> Task :core:database:generateReleaseLintVitalModel UP-TO-DATE
> Task :core:datastore:generateReleaseLintVitalModel UP-TO-DATE
> Task :core:designsystem:generateReleaseLintVitalModel UP-TO-DATE
> Task :core:files:generateReleaseLintVitalModel UP-TO-DATE
> Task :core:notifications:generateReleaseLintVitalModel UP-TO-DATE
> Task :core:security:generateReleaseLintVitalModel UP-TO-DATE
> Task :core:ui:generateReleaseLintVitalModel UP-TO-DATE
> Task :feature:appointments:generateReleaseLintVitalModel UP-TO-DATE
> Task :feature:dashboard:generateReleaseLintVitalModel UP-TO-DATE
> Task :feature:medications:generateReleaseLintVitalModel UP-TO-DATE
> Task :feature:onboarding:generateReleaseLintVitalModel UP-TO-DATE
> Task :feature:profile:generateReleaseLintVitalModel UP-TO-DATE
> Task :feature:records:generateReleaseLintVitalModel UP-TO-DATE
> Task :feature:reminders:generateReleaseLintVitalModel UP-TO-DATE
> Task :feature:reports:generateReleaseLintVitalModel UP-TO-DATE
> Task :feature:settings:generateReleaseLintVitalModel UP-TO-DATE
> Task :feature:symptoms:generateReleaseLintVitalModel UP-TO-DATE
> Task :feature:timeline:generateReleaseLintVitalModel UP-TO-DATE
> Task :app:lintVitalReportRelease UP-TO-DATE
> Task :app:lintVitalRelease
> Task :app:parseReleaseIntegrityConfig
> Task :app:packageReleaseBundle
> Task :app:signReleaseBundle
> Task :app:produceReleaseBundleIdeListingFile
> Task :app:createReleaseBundleListingFileRedirect
> Task :app:bundleRelease

BUILD SUCCESSFUL in 39s
709 actionable tasks: 8 executed, 701 up-to-date
