WARNING: We recommend using a newer Android Gradle plugin to use compileSdk = 36

This Android Gradle plugin (8.7.3) was tested up to compileSdk = 35.

You are strongly encouraged to update your project to use a newer
Android Gradle plugin that has been tested with compileSdk = 36.

If you are already using the latest version of the Android Gradle plugin,
you may need to wait until a newer version with support for compileSdk = 36 is available.

For more information refer to the compatibility table:
https://d.android.com/r/tools/api-level-support

To suppress this warning, add/update
    android.suppressUnsupportedCompileSdk=36
to this project's gradle.properties.
> Task :core:database:preBuild UP-TO-DATE
> Task :core:database:preDebugBuild UP-TO-DATE
> Task :core:database:mergeDebugJniLibFolders UP-TO-DATE
> Task :core:database:mergeDebugNativeLibs NO-SOURCE
> Task :core:database:stripDebugDebugSymbols NO-SOURCE
> Task :core:database:copyDebugJniLibsProjectAndLocalJars UP-TO-DATE
> Task :core:common:checkKotlinGradlePluginConfigurationErrors SKIPPED
> Task :core:common:compileKotlin UP-TO-DATE
> Task :core:common:compileJava NO-SOURCE
> Task :core:common:processResources NO-SOURCE
> Task :core:common:classes UP-TO-DATE
> Task :core:common:jar UP-TO-DATE
> Task :core:model:checkKotlinGradlePluginConfigurationErrors SKIPPED
> Task :core:model:compileKotlin UP-TO-DATE
> Task :core:model:compileJava NO-SOURCE
> Task :core:model:processResources NO-SOURCE
> Task :core:model:classes UP-TO-DATE
> Task :core:model:jar UP-TO-DATE
> Task :core:database:checkKotlinGradlePluginConfigurationErrors SKIPPED
> Task :core:database:generateDebugResValues UP-TO-DATE
> Task :core:database:generateDebugResources UP-TO-DATE
> Task :core:database:packageDebugResources UP-TO-DATE
> Task :core:database:parseDebugLocalResources UP-TO-DATE
> Task :core:database:generateDebugRFile UP-TO-DATE
> Task :core:database:kspDebugKotlin UP-TO-DATE
> Task :core:database:compileDebugKotlin UP-TO-DATE
> Task :core:database:extractDebugAnnotations UP-TO-DATE
> Task :core:database:extractDeepLinksForAarDebug UP-TO-DATE
> Task :core:database:javaPreCompileDebug UP-TO-DATE
> Task :core:database:compileDebugJavaWithJavac UP-TO-DATE
> Task :core:database:mergeDebugGeneratedProguardFiles UP-TO-DATE
> Task :core:database:mergeDebugConsumerProguardFiles UP-TO-DATE
> Task :core:database:mergeDebugShaders UP-TO-DATE
> Task :core:database:compileDebugShaders NO-SOURCE
> Task :core:database:generateDebugAssets UP-TO-DATE
> Task :core:database:packageDebugAssets UP-TO-DATE
> Task :core:database:prepareDebugArtProfile UP-TO-DATE
> Task :core:database:prepareLintJarForPublish UP-TO-DATE
> Task :core:database:processDebugManifest UP-TO-DATE
> Task :core:database:processDebugJavaRes UP-TO-DATE
> Task :core:database:mergeDebugJavaResource UP-TO-DATE
> Task :core:database:syncDebugLibJars UP-TO-DATE
> Task :core:database:writeDebugAarMetadata UP-TO-DATE
> Task :core:database:bundleDebugLocalLintAar UP-TO-DATE
> Task :core:notifications:preBuild UP-TO-DATE
> Task :core:notifications:preDebugBuild UP-TO-DATE
> Task :core:notifications:mergeDebugJniLibFolders UP-TO-DATE
> Task :core:notifications:mergeDebugNativeLibs NO-SOURCE
> Task :core:notifications:stripDebugDebugSymbols NO-SOURCE
> Task :core:notifications:copyDebugJniLibsProjectAndLocalJars UP-TO-DATE
> Task :core:domain:checkKotlinGradlePluginConfigurationErrors SKIPPED
> Task :core:domain:compileKotlin UP-TO-DATE
> Task :core:domain:compileJava NO-SOURCE
> Task :core:domain:processResources NO-SOURCE
> Task :core:domain:classes UP-TO-DATE
> Task :core:domain:jar UP-TO-DATE
> Task :core:database:bundleLibCompileToJarDebug UP-TO-DATE
> Task :core:notifications:checkKotlinGradlePluginConfigurationErrors SKIPPED
> Task :core:notifications:generateDebugResValues UP-TO-DATE
> Task :core:notifications:generateDebugResources UP-TO-DATE
> Task :core:notifications:packageDebugResources UP-TO-DATE
> Task :core:notifications:parseDebugLocalResources UP-TO-DATE
> Task :core:notifications:generateDebugRFile UP-TO-DATE
> Task :core:notifications:compileDebugKotlin UP-TO-DATE
> Task :core:notifications:extractDebugAnnotations UP-TO-DATE
> Task :core:notifications:extractDeepLinksForAarDebug UP-TO-DATE
> Task :core:notifications:javaPreCompileDebug UP-TO-DATE
> Task :core:notifications:compileDebugJavaWithJavac NO-SOURCE
> Task :core:notifications:mergeDebugGeneratedProguardFiles UP-TO-DATE
> Task :core:notifications:mergeDebugConsumerProguardFiles UP-TO-DATE
> Task :core:notifications:mergeDebugShaders UP-TO-DATE
> Task :core:notifications:compileDebugShaders NO-SOURCE
> Task :core:notifications:generateDebugAssets UP-TO-DATE
> Task :core:notifications:packageDebugAssets UP-TO-DATE
> Task :core:notifications:prepareDebugArtProfile UP-TO-DATE
> Task :core:notifications:prepareLintJarForPublish UP-TO-DATE
> Task :core:notifications:processDebugManifest UP-TO-DATE
> Task :core:notifications:processDebugJavaRes UP-TO-DATE
> Task :core:notifications:mergeDebugJavaResource UP-TO-DATE
> Task :core:notifications:syncDebugLibJars UP-TO-DATE
> Task :core:notifications:writeDebugAarMetadata UP-TO-DATE
> Task :core:notifications:bundleDebugLocalLintAar UP-TO-DATE
> Task :core:security:preBuild UP-TO-DATE
> Task :core:security:preDebugBuild UP-TO-DATE
> Task :core:security:mergeDebugJniLibFolders UP-TO-DATE
> Task :core:security:mergeDebugNativeLibs NO-SOURCE
> Task :core:security:stripDebugDebugSymbols NO-SOURCE
> Task :core:security:copyDebugJniLibsProjectAndLocalJars UP-TO-DATE
> Task :core:security:checkKotlinGradlePluginConfigurationErrors SKIPPED
> Task :core:security:generateDebugResValues UP-TO-DATE
> Task :core:security:generateDebugResources UP-TO-DATE
> Task :core:security:packageDebugResources UP-TO-DATE
> Task :core:security:parseDebugLocalResources UP-TO-DATE
> Task :core:security:generateDebugRFile UP-TO-DATE
> Task :core:security:compileDebugKotlin UP-TO-DATE
> Task :core:security:extractDebugAnnotations UP-TO-DATE
> Task :core:security:extractDeepLinksForAarDebug UP-TO-DATE
> Task :core:security:javaPreCompileDebug UP-TO-DATE
> Task :core:security:compileDebugJavaWithJavac NO-SOURCE
> Task :core:security:mergeDebugGeneratedProguardFiles UP-TO-DATE
> Task :core:security:mergeDebugConsumerProguardFiles UP-TO-DATE
> Task :core:security:mergeDebugShaders UP-TO-DATE
> Task :core:security:compileDebugShaders NO-SOURCE
> Task :core:security:generateDebugAssets UP-TO-DATE
> Task :core:security:packageDebugAssets UP-TO-DATE
> Task :core:security:prepareDebugArtProfile UP-TO-DATE
> Task :core:security:prepareLintJarForPublish UP-TO-DATE
> Task :core:security:processDebugManifest UP-TO-DATE
> Task :core:security:processDebugJavaRes UP-TO-DATE
> Task :core:security:mergeDebugJavaResource UP-TO-DATE
> Task :core:security:syncDebugLibJars UP-TO-DATE
> Task :core:security:writeDebugAarMetadata UP-TO-DATE
> Task :core:security:bundleDebugLocalLintAar UP-TO-DATE
> Task :core:files:preBuild UP-TO-DATE
> Task :core:files:preDebugBuild UP-TO-DATE
> Task :core:files:mergeDebugJniLibFolders UP-TO-DATE
> Task :core:files:mergeDebugNativeLibs NO-SOURCE
> Task :core:files:stripDebugDebugSymbols NO-SOURCE
> Task :core:files:copyDebugJniLibsProjectAndLocalJars UP-TO-DATE
> Task :core:files:checkKotlinGradlePluginConfigurationErrors SKIPPED
> Task :core:files:generateDebugResValues UP-TO-DATE
> Task :core:files:generateDebugResources UP-TO-DATE
> Task :core:files:packageDebugResources UP-TO-DATE
> Task :core:files:parseDebugLocalResources UP-TO-DATE
> Task :core:files:generateDebugRFile UP-TO-DATE
> Task :core:files:compileDebugKotlin UP-TO-DATE
> Task :core:files:extractDebugAnnotations UP-TO-DATE
> Task :core:files:extractDeepLinksForAarDebug UP-TO-DATE
> Task :core:files:javaPreCompileDebug UP-TO-DATE
> Task :core:files:compileDebugJavaWithJavac NO-SOURCE
> Task :core:files:mergeDebugGeneratedProguardFiles UP-TO-DATE
> Task :core:files:mergeDebugConsumerProguardFiles UP-TO-DATE
> Task :core:files:mergeDebugShaders UP-TO-DATE
> Task :core:files:compileDebugShaders NO-SOURCE
> Task :core:files:generateDebugAssets UP-TO-DATE
> Task :core:files:packageDebugAssets UP-TO-DATE
> Task :core:files:prepareDebugArtProfile UP-TO-DATE
> Task :core:files:prepareLintJarForPublish UP-TO-DATE
> Task :core:files:processDebugManifest UP-TO-DATE
> Task :core:files:processDebugJavaRes UP-TO-DATE
> Task :core:files:mergeDebugJavaResource UP-TO-DATE
> Task :core:files:syncDebugLibJars UP-TO-DATE
> Task :core:files:writeDebugAarMetadata UP-TO-DATE
> Task :core:files:bundleDebugLocalLintAar UP-TO-DATE
> Task :core:datastore:preBuild UP-TO-DATE
> Task :core:datastore:preDebugBuild UP-TO-DATE
> Task :core:datastore:mergeDebugJniLibFolders UP-TO-DATE
> Task :core:datastore:mergeDebugNativeLibs NO-SOURCE
> Task :core:datastore:stripDebugDebugSymbols NO-SOURCE
> Task :core:datastore:copyDebugJniLibsProjectAndLocalJars UP-TO-DATE
> Task :core:datastore:checkKotlinGradlePluginConfigurationErrors SKIPPED
> Task :core:datastore:generateDebugResValues UP-TO-DATE
> Task :core:datastore:generateDebugResources UP-TO-DATE
> Task :core:datastore:packageDebugResources UP-TO-DATE
> Task :core:datastore:parseDebugLocalResources UP-TO-DATE
> Task :core:datastore:generateDebugRFile UP-TO-DATE
> Task :core:datastore:compileDebugKotlin UP-TO-DATE
> Task :core:datastore:extractDebugAnnotations UP-TO-DATE
> Task :core:datastore:extractDeepLinksForAarDebug UP-TO-DATE
> Task :core:datastore:javaPreCompileDebug UP-TO-DATE
> Task :core:datastore:compileDebugJavaWithJavac NO-SOURCE
> Task :core:datastore:mergeDebugGeneratedProguardFiles UP-TO-DATE
> Task :core:datastore:mergeDebugConsumerProguardFiles UP-TO-DATE
> Task :core:datastore:mergeDebugShaders UP-TO-DATE
> Task :core:datastore:compileDebugShaders NO-SOURCE
> Task :core:datastore:generateDebugAssets UP-TO-DATE
> Task :core:datastore:packageDebugAssets UP-TO-DATE
> Task :core:datastore:prepareDebugArtProfile UP-TO-DATE
> Task :core:datastore:prepareLintJarForPublish UP-TO-DATE
> Task :core:datastore:processDebugManifest UP-TO-DATE
> Task :core:datastore:processDebugJavaRes UP-TO-DATE
> Task :core:datastore:mergeDebugJavaResource UP-TO-DATE
> Task :core:datastore:syncDebugLibJars UP-TO-DATE
> Task :core:datastore:writeDebugAarMetadata UP-TO-DATE
> Task :core:datastore:bundleDebugLocalLintAar UP-TO-DATE
> Task :core:ui:preBuild UP-TO-DATE
> Task :core:ui:preDebugBuild UP-TO-DATE
> Task :core:ui:mergeDebugJniLibFolders UP-TO-DATE
> Task :core:ui:mergeDebugNativeLibs NO-SOURCE
> Task :core:ui:stripDebugDebugSymbols NO-SOURCE
> Task :core:ui:copyDebugJniLibsProjectAndLocalJars UP-TO-DATE
> Task :core:designsystem:checkKotlinGradlePluginConfigurationErrors SKIPPED
> Task :core:designsystem:preBuild UP-TO-DATE
> Task :core:designsystem:preDebugBuild UP-TO-DATE
> Task :core:designsystem:generateDebugResValues UP-TO-DATE
> Task :core:designsystem:generateDebugResources UP-TO-DATE
> Task :core:designsystem:packageDebugResources UP-TO-DATE
> Task :core:designsystem:parseDebugLocalResources UP-TO-DATE
> Task :core:designsystem:generateDebugRFile UP-TO-DATE
> Task :core:designsystem:compileDebugKotlin UP-TO-DATE
> Task :core:designsystem:javaPreCompileDebug UP-TO-DATE
> Task :core:designsystem:compileDebugJavaWithJavac NO-SOURCE
> Task :core:designsystem:bundleLibCompileToJarDebug UP-TO-DATE
> Task :core:ui:checkKotlinGradlePluginConfigurationErrors SKIPPED
> Task :core:ui:generateDebugResValues UP-TO-DATE
> Task :core:ui:generateDebugResources UP-TO-DATE
> Task :core:ui:packageDebugResources UP-TO-DATE
> Task :core:ui:parseDebugLocalResources UP-TO-DATE
> Task :core:ui:generateDebugRFile UP-TO-DATE
> Task :core:ui:compileDebugKotlin UP-TO-DATE
> Task :core:ui:extractDebugAnnotations UP-TO-DATE
> Task :core:ui:extractDeepLinksForAarDebug UP-TO-DATE
> Task :core:ui:javaPreCompileDebug UP-TO-DATE
> Task :core:ui:compileDebugJavaWithJavac NO-SOURCE
> Task :core:ui:mergeDebugGeneratedProguardFiles UP-TO-DATE
> Task :core:ui:mergeDebugConsumerProguardFiles UP-TO-DATE
> Task :core:ui:mergeDebugShaders UP-TO-DATE
> Task :core:ui:compileDebugShaders NO-SOURCE
> Task :core:ui:generateDebugAssets UP-TO-DATE
> Task :core:ui:packageDebugAssets UP-TO-DATE
> Task :core:ui:prepareDebugArtProfile UP-TO-DATE
> Task :core:ui:prepareLintJarForPublish UP-TO-DATE
> Task :core:ui:processDebugManifest UP-TO-DATE
> Task :core:ui:processDebugJavaRes UP-TO-DATE
> Task :core:ui:mergeDebugJavaResource UP-TO-DATE
> Task :core:ui:syncDebugLibJars UP-TO-DATE
> Task :core:ui:writeDebugAarMetadata UP-TO-DATE
> Task :core:ui:bundleDebugLocalLintAar UP-TO-DATE
> Task :core:designsystem:mergeDebugJniLibFolders UP-TO-DATE
> Task :core:designsystem:mergeDebugNativeLibs NO-SOURCE
> Task :core:designsystem:stripDebugDebugSymbols NO-SOURCE
> Task :core:designsystem:copyDebugJniLibsProjectAndLocalJars UP-TO-DATE
> Task :core:designsystem:extractDebugAnnotations UP-TO-DATE
> Task :core:designsystem:extractDeepLinksForAarDebug UP-TO-DATE
> Task :core:designsystem:mergeDebugGeneratedProguardFiles UP-TO-DATE
> Task :core:designsystem:mergeDebugConsumerProguardFiles UP-TO-DATE
> Task :core:designsystem:mergeDebugShaders UP-TO-DATE
> Task :core:designsystem:compileDebugShaders NO-SOURCE
> Task :core:designsystem:generateDebugAssets UP-TO-DATE
> Task :core:designsystem:packageDebugAssets UP-TO-DATE
> Task :core:designsystem:prepareDebugArtProfile UP-TO-DATE
> Task :core:designsystem:prepareLintJarForPublish UP-TO-DATE
> Task :core:designsystem:processDebugManifest UP-TO-DATE
> Task :core:designsystem:processDebugJavaRes UP-TO-DATE
> Task :core:designsystem:mergeDebugJavaResource UP-TO-DATE
> Task :core:designsystem:syncDebugLibJars UP-TO-DATE
> Task :core:designsystem:writeDebugAarMetadata UP-TO-DATE
> Task :core:designsystem:bundleDebugLocalLintAar UP-TO-DATE
> Task :feature:onboarding:preBuild UP-TO-DATE
> Task :feature:onboarding:preDebugBuild UP-TO-DATE
> Task :feature:onboarding:mergeDebugJniLibFolders UP-TO-DATE
> Task :feature:onboarding:mergeDebugNativeLibs NO-SOURCE
> Task :feature:onboarding:stripDebugDebugSymbols NO-SOURCE
> Task :feature:onboarding:copyDebugJniLibsProjectAndLocalJars UP-TO-DATE
> Task :core:ui:bundleLibCompileToJarDebug UP-TO-DATE
> Task :feature:onboarding:checkKotlinGradlePluginConfigurationErrors SKIPPED
> Task :feature:onboarding:generateDebugResValues UP-TO-DATE
> Task :feature:onboarding:generateDebugResources UP-TO-DATE
> Task :feature:onboarding:packageDebugResources UP-TO-DATE
> Task :feature:onboarding:parseDebugLocalResources UP-TO-DATE
> Task :feature:onboarding:generateDebugRFile UP-TO-DATE
> Task :feature:onboarding:compileDebugKotlin UP-TO-DATE
> Task :feature:onboarding:extractDebugAnnotations UP-TO-DATE
> Task :feature:onboarding:extractDeepLinksForAarDebug UP-TO-DATE
> Task :feature:onboarding:javaPreCompileDebug UP-TO-DATE
> Task :feature:onboarding:compileDebugJavaWithJavac NO-SOURCE
> Task :feature:onboarding:mergeDebugGeneratedProguardFiles UP-TO-DATE
> Task :feature:onboarding:mergeDebugConsumerProguardFiles UP-TO-DATE
> Task :feature:onboarding:mergeDebugShaders UP-TO-DATE
> Task :feature:onboarding:compileDebugShaders NO-SOURCE
> Task :feature:onboarding:generateDebugAssets UP-TO-DATE
> Task :feature:onboarding:packageDebugAssets UP-TO-DATE
> Task :feature:onboarding:prepareDebugArtProfile UP-TO-DATE
> Task :feature:onboarding:prepareLintJarForPublish UP-TO-DATE
> Task :feature:onboarding:processDebugManifest UP-TO-DATE
> Task :feature:onboarding:processDebugJavaRes UP-TO-DATE
> Task :feature:onboarding:mergeDebugJavaResource UP-TO-DATE
> Task :feature:onboarding:syncDebugLibJars UP-TO-DATE
> Task :feature:onboarding:writeDebugAarMetadata UP-TO-DATE
> Task :feature:onboarding:bundleDebugLocalLintAar UP-TO-DATE
> Task :feature:dashboard:preBuild UP-TO-DATE
> Task :feature:dashboard:preDebugBuild UP-TO-DATE
> Task :feature:dashboard:mergeDebugJniLibFolders UP-TO-DATE
> Task :feature:dashboard:mergeDebugNativeLibs NO-SOURCE
> Task :feature:dashboard:stripDebugDebugSymbols NO-SOURCE
> Task :feature:dashboard:copyDebugJniLibsProjectAndLocalJars UP-TO-DATE
> Task :feature:dashboard:checkKotlinGradlePluginConfigurationErrors SKIPPED
> Task :feature:dashboard:generateDebugResValues UP-TO-DATE
> Task :feature:dashboard:generateDebugResources UP-TO-DATE
> Task :feature:dashboard:packageDebugResources UP-TO-DATE
> Task :feature:dashboard:parseDebugLocalResources UP-TO-DATE
> Task :feature:dashboard:generateDebugRFile UP-TO-DATE
> Task :feature:dashboard:compileDebugKotlin UP-TO-DATE
> Task :feature:dashboard:extractDebugAnnotations UP-TO-DATE
> Task :feature:dashboard:extractDeepLinksForAarDebug UP-TO-DATE
> Task :feature:dashboard:javaPreCompileDebug UP-TO-DATE
> Task :feature:dashboard:compileDebugJavaWithJavac NO-SOURCE
> Task :feature:dashboard:mergeDebugGeneratedProguardFiles UP-TO-DATE
> Task :feature:dashboard:mergeDebugConsumerProguardFiles UP-TO-DATE
> Task :feature:dashboard:mergeDebugShaders UP-TO-DATE
> Task :feature:dashboard:compileDebugShaders NO-SOURCE
> Task :feature:dashboard:generateDebugAssets UP-TO-DATE
> Task :feature:dashboard:packageDebugAssets UP-TO-DATE
> Task :feature:dashboard:prepareDebugArtProfile UP-TO-DATE
> Task :feature:dashboard:prepareLintJarForPublish UP-TO-DATE
> Task :feature:dashboard:processDebugManifest UP-TO-DATE
> Task :feature:dashboard:processDebugJavaRes UP-TO-DATE
> Task :feature:dashboard:mergeDebugJavaResource UP-TO-DATE
> Task :feature:dashboard:syncDebugLibJars UP-TO-DATE
> Task :feature:dashboard:writeDebugAarMetadata UP-TO-DATE
> Task :feature:dashboard:bundleDebugLocalLintAar UP-TO-DATE
> Task :feature:profile:preBuild UP-TO-DATE
> Task :feature:profile:preDebugBuild UP-TO-DATE
> Task :feature:profile:mergeDebugJniLibFolders UP-TO-DATE
> Task :feature:profile:mergeDebugNativeLibs NO-SOURCE
> Task :feature:profile:stripDebugDebugSymbols NO-SOURCE
> Task :feature:profile:copyDebugJniLibsProjectAndLocalJars UP-TO-DATE
> Task :feature:profile:checkKotlinGradlePluginConfigurationErrors SKIPPED
> Task :feature:profile:generateDebugResValues UP-TO-DATE
> Task :feature:profile:generateDebugResources UP-TO-DATE
> Task :feature:profile:packageDebugResources UP-TO-DATE
> Task :feature:profile:parseDebugLocalResources UP-TO-DATE
> Task :feature:profile:generateDebugRFile UP-TO-DATE
> Task :feature:profile:compileDebugKotlin UP-TO-DATE
> Task :feature:profile:extractDebugAnnotations UP-TO-DATE
> Task :feature:profile:extractDeepLinksForAarDebug UP-TO-DATE
> Task :feature:profile:javaPreCompileDebug UP-TO-DATE
> Task :feature:profile:compileDebugJavaWithJavac NO-SOURCE
> Task :feature:profile:mergeDebugGeneratedProguardFiles UP-TO-DATE
> Task :feature:profile:mergeDebugConsumerProguardFiles UP-TO-DATE
> Task :feature:profile:mergeDebugShaders UP-TO-DATE
> Task :feature:profile:compileDebugShaders NO-SOURCE
> Task :feature:profile:generateDebugAssets UP-TO-DATE
> Task :feature:profile:packageDebugAssets UP-TO-DATE
> Task :feature:profile:prepareDebugArtProfile UP-TO-DATE
> Task :feature:profile:prepareLintJarForPublish UP-TO-DATE
> Task :feature:profile:processDebugManifest UP-TO-DATE
> Task :feature:profile:processDebugJavaRes UP-TO-DATE
> Task :feature:profile:mergeDebugJavaResource UP-TO-DATE
> Task :feature:profile:syncDebugLibJars UP-TO-DATE
> Task :feature:profile:writeDebugAarMetadata UP-TO-DATE
> Task :feature:profile:bundleDebugLocalLintAar UP-TO-DATE
> Task :feature:timeline:preBuild UP-TO-DATE
> Task :feature:timeline:preDebugBuild UP-TO-DATE
> Task :feature:timeline:mergeDebugJniLibFolders UP-TO-DATE
> Task :feature:timeline:mergeDebugNativeLibs NO-SOURCE
> Task :feature:timeline:stripDebugDebugSymbols NO-SOURCE
> Task :feature:timeline:copyDebugJniLibsProjectAndLocalJars UP-TO-DATE
> Task :feature:timeline:checkKotlinGradlePluginConfigurationErrors SKIPPED
> Task :feature:timeline:generateDebugResValues UP-TO-DATE
> Task :feature:timeline:generateDebugResources UP-TO-DATE
> Task :feature:timeline:packageDebugResources UP-TO-DATE
> Task :feature:timeline:parseDebugLocalResources UP-TO-DATE
> Task :feature:timeline:generateDebugRFile UP-TO-DATE
> Task :feature:timeline:compileDebugKotlin UP-TO-DATE
> Task :feature:timeline:extractDebugAnnotations UP-TO-DATE
> Task :feature:timeline:extractDeepLinksForAarDebug UP-TO-DATE
> Task :feature:timeline:javaPreCompileDebug UP-TO-DATE
> Task :feature:timeline:compileDebugJavaWithJavac NO-SOURCE
> Task :feature:timeline:mergeDebugGeneratedProguardFiles UP-TO-DATE
> Task :feature:timeline:mergeDebugConsumerProguardFiles UP-TO-DATE
> Task :feature:timeline:mergeDebugShaders UP-TO-DATE
> Task :feature:timeline:compileDebugShaders NO-SOURCE
> Task :feature:timeline:generateDebugAssets UP-TO-DATE
> Task :feature:timeline:packageDebugAssets UP-TO-DATE
> Task :feature:timeline:prepareDebugArtProfile UP-TO-DATE
> Task :feature:timeline:prepareLintJarForPublish UP-TO-DATE
> Task :feature:timeline:processDebugManifest UP-TO-DATE
> Task :feature:timeline:processDebugJavaRes UP-TO-DATE
> Task :feature:timeline:mergeDebugJavaResource UP-TO-DATE
> Task :feature:timeline:syncDebugLibJars UP-TO-DATE
> Task :feature:timeline:writeDebugAarMetadata UP-TO-DATE
> Task :feature:timeline:bundleDebugLocalLintAar UP-TO-DATE
> Task :feature:symptoms:preBuild UP-TO-DATE
> Task :feature:symptoms:preDebugBuild UP-TO-DATE
> Task :feature:symptoms:mergeDebugJniLibFolders UP-TO-DATE
> Task :feature:symptoms:mergeDebugNativeLibs NO-SOURCE
> Task :feature:symptoms:stripDebugDebugSymbols NO-SOURCE
> Task :feature:symptoms:copyDebugJniLibsProjectAndLocalJars UP-TO-DATE
> Task :feature:symptoms:checkKotlinGradlePluginConfigurationErrors SKIPPED
> Task :feature:symptoms:generateDebugResValues UP-TO-DATE
> Task :feature:symptoms:generateDebugResources UP-TO-DATE
> Task :feature:symptoms:packageDebugResources UP-TO-DATE
> Task :feature:symptoms:parseDebugLocalResources UP-TO-DATE
> Task :feature:symptoms:generateDebugRFile UP-TO-DATE
> Task :feature:symptoms:compileDebugKotlin UP-TO-DATE
> Task :feature:symptoms:extractDebugAnnotations UP-TO-DATE
> Task :feature:symptoms:extractDeepLinksForAarDebug UP-TO-DATE
> Task :feature:symptoms:javaPreCompileDebug UP-TO-DATE
> Task :feature:symptoms:compileDebugJavaWithJavac NO-SOURCE
> Task :feature:symptoms:mergeDebugGeneratedProguardFiles UP-TO-DATE
> Task :feature:symptoms:mergeDebugConsumerProguardFiles UP-TO-DATE
> Task :feature:symptoms:mergeDebugShaders UP-TO-DATE
> Task :feature:symptoms:compileDebugShaders NO-SOURCE
> Task :feature:symptoms:generateDebugAssets UP-TO-DATE
> Task :feature:symptoms:packageDebugAssets UP-TO-DATE
> Task :feature:symptoms:prepareDebugArtProfile UP-TO-DATE
> Task :feature:symptoms:prepareLintJarForPublish UP-TO-DATE
> Task :feature:symptoms:processDebugManifest UP-TO-DATE
> Task :feature:symptoms:processDebugJavaRes UP-TO-DATE
> Task :feature:symptoms:mergeDebugJavaResource UP-TO-DATE
> Task :feature:symptoms:syncDebugLibJars UP-TO-DATE
> Task :feature:symptoms:writeDebugAarMetadata UP-TO-DATE
> Task :feature:symptoms:bundleDebugLocalLintAar UP-TO-DATE
> Task :feature:records:preBuild UP-TO-DATE
> Task :feature:records:preDebugBuild UP-TO-DATE
> Task :feature:records:mergeDebugJniLibFolders UP-TO-DATE
> Task :feature:records:mergeDebugNativeLibs NO-SOURCE
> Task :feature:records:stripDebugDebugSymbols NO-SOURCE
> Task :feature:records:copyDebugJniLibsProjectAndLocalJars UP-TO-DATE
> Task :feature:records:checkKotlinGradlePluginConfigurationErrors SKIPPED
> Task :feature:records:generateDebugResValues UP-TO-DATE
> Task :feature:records:generateDebugResources UP-TO-DATE
> Task :feature:records:packageDebugResources UP-TO-DATE
> Task :feature:records:parseDebugLocalResources UP-TO-DATE
> Task :feature:records:generateDebugRFile UP-TO-DATE
> Task :feature:records:compileDebugKotlin UP-TO-DATE
> Task :feature:records:extractDebugAnnotations UP-TO-DATE
> Task :feature:records:extractDeepLinksForAarDebug UP-TO-DATE
> Task :feature:records:javaPreCompileDebug UP-TO-DATE
> Task :feature:records:compileDebugJavaWithJavac NO-SOURCE
> Task :feature:records:mergeDebugGeneratedProguardFiles UP-TO-DATE
> Task :feature:records:mergeDebugConsumerProguardFiles UP-TO-DATE
> Task :feature:records:mergeDebugShaders UP-TO-DATE
> Task :feature:records:compileDebugShaders NO-SOURCE
> Task :feature:records:generateDebugAssets UP-TO-DATE
> Task :feature:records:packageDebugAssets UP-TO-DATE
> Task :feature:records:prepareDebugArtProfile UP-TO-DATE
> Task :feature:records:prepareLintJarForPublish UP-TO-DATE
> Task :feature:records:processDebugManifest UP-TO-DATE
> Task :feature:records:processDebugJavaRes UP-TO-DATE
> Task :feature:records:mergeDebugJavaResource UP-TO-DATE
> Task :feature:records:syncDebugLibJars UP-TO-DATE
> Task :feature:records:writeDebugAarMetadata UP-TO-DATE
> Task :feature:records:bundleDebugLocalLintAar UP-TO-DATE
> Task :feature:medications:preBuild UP-TO-DATE
> Task :feature:medications:preDebugBuild UP-TO-DATE
> Task :feature:medications:mergeDebugJniLibFolders UP-TO-DATE
> Task :feature:medications:mergeDebugNativeLibs NO-SOURCE
> Task :feature:medications:stripDebugDebugSymbols NO-SOURCE
> Task :feature:medications:copyDebugJniLibsProjectAndLocalJars UP-TO-DATE
> Task :feature:medications:checkKotlinGradlePluginConfigurationErrors SKIPPED
> Task :feature:medications:generateDebugResValues UP-TO-DATE
> Task :feature:medications:generateDebugResources UP-TO-DATE
> Task :feature:medications:packageDebugResources UP-TO-DATE
> Task :feature:medications:parseDebugLocalResources UP-TO-DATE
> Task :feature:medications:generateDebugRFile UP-TO-DATE
> Task :feature:medications:compileDebugKotlin UP-TO-DATE
> Task :feature:medications:extractDebugAnnotations UP-TO-DATE
> Task :feature:medications:extractDeepLinksForAarDebug UP-TO-DATE
> Task :feature:medications:javaPreCompileDebug UP-TO-DATE
> Task :feature:medications:compileDebugJavaWithJavac NO-SOURCE
> Task :feature:medications:mergeDebugGeneratedProguardFiles UP-TO-DATE
> Task :feature:medications:mergeDebugConsumerProguardFiles UP-TO-DATE
> Task :feature:medications:mergeDebugShaders UP-TO-DATE
> Task :feature:medications:compileDebugShaders NO-SOURCE
> Task :feature:medications:generateDebugAssets UP-TO-DATE
> Task :feature:medications:packageDebugAssets UP-TO-DATE
> Task :feature:medications:prepareDebugArtProfile UP-TO-DATE
> Task :feature:medications:prepareLintJarForPublish UP-TO-DATE
> Task :feature:medications:processDebugManifest UP-TO-DATE
> Task :feature:medications:processDebugJavaRes UP-TO-DATE
> Task :feature:medications:mergeDebugJavaResource UP-TO-DATE
> Task :feature:medications:syncDebugLibJars UP-TO-DATE
> Task :feature:medications:writeDebugAarMetadata UP-TO-DATE
> Task :feature:medications:bundleDebugLocalLintAar UP-TO-DATE
> Task :feature:reminders:preBuild UP-TO-DATE
> Task :feature:reminders:preDebugBuild UP-TO-DATE
> Task :feature:reminders:mergeDebugJniLibFolders UP-TO-DATE
> Task :feature:reminders:mergeDebugNativeLibs NO-SOURCE
> Task :feature:reminders:stripDebugDebugSymbols NO-SOURCE
> Task :feature:reminders:copyDebugJniLibsProjectAndLocalJars UP-TO-DATE
> Task :feature:reminders:checkKotlinGradlePluginConfigurationErrors SKIPPED
> Task :feature:reminders:generateDebugResValues UP-TO-DATE
> Task :feature:reminders:generateDebugResources UP-TO-DATE
> Task :feature:reminders:packageDebugResources UP-TO-DATE
> Task :feature:reminders:parseDebugLocalResources UP-TO-DATE
> Task :feature:reminders:generateDebugRFile UP-TO-DATE
> Task :feature:reminders:compileDebugKotlin UP-TO-DATE
> Task :feature:reminders:extractDebugAnnotations UP-TO-DATE
> Task :feature:reminders:extractDeepLinksForAarDebug UP-TO-DATE
> Task :feature:reminders:javaPreCompileDebug UP-TO-DATE
> Task :feature:reminders:compileDebugJavaWithJavac NO-SOURCE
> Task :feature:reminders:mergeDebugGeneratedProguardFiles UP-TO-DATE
> Task :feature:reminders:mergeDebugConsumerProguardFiles UP-TO-DATE
> Task :feature:reminders:mergeDebugShaders UP-TO-DATE
> Task :feature:reminders:compileDebugShaders NO-SOURCE
> Task :feature:reminders:generateDebugAssets UP-TO-DATE
> Task :feature:reminders:packageDebugAssets UP-TO-DATE
> Task :feature:reminders:prepareDebugArtProfile UP-TO-DATE
> Task :feature:reminders:prepareLintJarForPublish UP-TO-DATE
> Task :feature:reminders:processDebugManifest UP-TO-DATE
> Task :feature:reminders:processDebugJavaRes UP-TO-DATE
> Task :feature:reminders:mergeDebugJavaResource UP-TO-DATE
> Task :feature:reminders:syncDebugLibJars UP-TO-DATE
> Task :feature:reminders:writeDebugAarMetadata UP-TO-DATE
> Task :feature:reminders:bundleDebugLocalLintAar UP-TO-DATE
> Task :feature:appointments:preBuild UP-TO-DATE
> Task :feature:appointments:preDebugBuild UP-TO-DATE
> Task :feature:appointments:mergeDebugJniLibFolders UP-TO-DATE
> Task :feature:appointments:mergeDebugNativeLibs NO-SOURCE
> Task :feature:appointments:stripDebugDebugSymbols NO-SOURCE
> Task :feature:appointments:copyDebugJniLibsProjectAndLocalJars UP-TO-DATE
> Task :feature:appointments:checkKotlinGradlePluginConfigurationErrors SKIPPED
> Task :feature:appointments:generateDebugResValues UP-TO-DATE
> Task :feature:appointments:generateDebugResources UP-TO-DATE
> Task :feature:appointments:packageDebugResources UP-TO-DATE
> Task :feature:appointments:parseDebugLocalResources UP-TO-DATE
> Task :feature:appointments:generateDebugRFile UP-TO-DATE
> Task :feature:appointments:compileDebugKotlin UP-TO-DATE
> Task :feature:appointments:extractDebugAnnotations UP-TO-DATE
> Task :feature:appointments:extractDeepLinksForAarDebug UP-TO-DATE
> Task :feature:appointments:javaPreCompileDebug UP-TO-DATE
> Task :feature:appointments:compileDebugJavaWithJavac NO-SOURCE
> Task :feature:appointments:mergeDebugGeneratedProguardFiles UP-TO-DATE
> Task :feature:appointments:mergeDebugConsumerProguardFiles UP-TO-DATE
> Task :feature:appointments:mergeDebugShaders UP-TO-DATE
> Task :feature:appointments:compileDebugShaders NO-SOURCE
> Task :feature:appointments:generateDebugAssets UP-TO-DATE
> Task :feature:appointments:packageDebugAssets UP-TO-DATE
> Task :feature:appointments:prepareDebugArtProfile UP-TO-DATE
> Task :feature:appointments:prepareLintJarForPublish UP-TO-DATE
> Task :feature:appointments:processDebugManifest UP-TO-DATE
> Task :feature:appointments:processDebugJavaRes UP-TO-DATE
> Task :feature:appointments:mergeDebugJavaResource UP-TO-DATE
> Task :feature:appointments:syncDebugLibJars UP-TO-DATE
> Task :feature:appointments:writeDebugAarMetadata UP-TO-DATE
> Task :feature:appointments:bundleDebugLocalLintAar UP-TO-DATE
> Task :feature:reports:preBuild UP-TO-DATE
> Task :feature:reports:preDebugBuild UP-TO-DATE
> Task :feature:reports:mergeDebugJniLibFolders UP-TO-DATE
> Task :feature:reports:mergeDebugNativeLibs NO-SOURCE
> Task :feature:reports:stripDebugDebugSymbols NO-SOURCE
> Task :feature:reports:copyDebugJniLibsProjectAndLocalJars UP-TO-DATE
> Task :feature:reports:checkKotlinGradlePluginConfigurationErrors SKIPPED
> Task :feature:reports:generateDebugResValues UP-TO-DATE
> Task :feature:reports:generateDebugResources UP-TO-DATE
> Task :feature:reports:packageDebugResources UP-TO-DATE
> Task :feature:reports:parseDebugLocalResources UP-TO-DATE
> Task :feature:reports:generateDebugRFile UP-TO-DATE
> Task :feature:reports:compileDebugKotlin UP-TO-DATE
> Task :feature:reports:extractDebugAnnotations UP-TO-DATE
> Task :feature:reports:extractDeepLinksForAarDebug UP-TO-DATE
> Task :feature:reports:javaPreCompileDebug UP-TO-DATE
> Task :feature:reports:compileDebugJavaWithJavac NO-SOURCE
> Task :feature:reports:mergeDebugGeneratedProguardFiles UP-TO-DATE
> Task :feature:reports:mergeDebugConsumerProguardFiles UP-TO-DATE
> Task :feature:reports:mergeDebugShaders UP-TO-DATE
> Task :feature:reports:compileDebugShaders NO-SOURCE
> Task :feature:reports:generateDebugAssets UP-TO-DATE
> Task :feature:reports:packageDebugAssets UP-TO-DATE
> Task :feature:reports:prepareDebugArtProfile UP-TO-DATE
> Task :feature:reports:prepareLintJarForPublish UP-TO-DATE
> Task :feature:reports:processDebugManifest UP-TO-DATE
> Task :feature:reports:processDebugJavaRes UP-TO-DATE
> Task :feature:reports:mergeDebugJavaResource UP-TO-DATE
> Task :feature:reports:syncDebugLibJars UP-TO-DATE
> Task :feature:reports:writeDebugAarMetadata UP-TO-DATE
> Task :feature:reports:bundleDebugLocalLintAar UP-TO-DATE
> Task :feature:settings:preBuild UP-TO-DATE
> Task :feature:settings:preDebugBuild UP-TO-DATE
> Task :feature:settings:mergeDebugJniLibFolders UP-TO-DATE
> Task :feature:settings:mergeDebugNativeLibs NO-SOURCE
> Task :feature:settings:stripDebugDebugSymbols NO-SOURCE
> Task :feature:settings:copyDebugJniLibsProjectAndLocalJars UP-TO-DATE
> Task :feature:settings:checkKotlinGradlePluginConfigurationErrors SKIPPED
> Task :feature:settings:generateDebugResValues UP-TO-DATE
> Task :feature:settings:generateDebugResources UP-TO-DATE
> Task :feature:settings:packageDebugResources UP-TO-DATE
> Task :feature:settings:parseDebugLocalResources UP-TO-DATE
> Task :feature:settings:generateDebugRFile UP-TO-DATE
> Task :feature:settings:compileDebugKotlin UP-TO-DATE
> Task :feature:settings:extractDebugAnnotations UP-TO-DATE
> Task :feature:settings:extractDeepLinksForAarDebug UP-TO-DATE
> Task :feature:settings:javaPreCompileDebug UP-TO-DATE
> Task :feature:settings:compileDebugJavaWithJavac NO-SOURCE
> Task :feature:settings:mergeDebugGeneratedProguardFiles UP-TO-DATE
> Task :feature:settings:mergeDebugConsumerProguardFiles UP-TO-DATE
> Task :feature:settings:mergeDebugShaders UP-TO-DATE
> Task :feature:settings:compileDebugShaders NO-SOURCE
> Task :feature:settings:generateDebugAssets UP-TO-DATE
> Task :feature:settings:packageDebugAssets UP-TO-DATE
> Task :feature:settings:prepareDebugArtProfile UP-TO-DATE
> Task :feature:settings:prepareLintJarForPublish UP-TO-DATE
> Task :feature:settings:processDebugManifest UP-TO-DATE
> Task :feature:settings:processDebugJavaRes UP-TO-DATE
> Task :feature:settings:mergeDebugJavaResource UP-TO-DATE
> Task :feature:settings:syncDebugLibJars UP-TO-DATE
> Task :feature:settings:writeDebugAarMetadata UP-TO-DATE
> Task :feature:settings:bundleDebugLocalLintAar UP-TO-DATE
> Task :app:checkKotlinGradlePluginConfigurationErrors SKIPPED
> Task :app:preBuild UP-TO-DATE
> Task :app:preDebugBuild UP-TO-DATE
> Task :app:checkDebugAarMetadata UP-TO-DATE
> Task :app:generateDebugResValues UP-TO-DATE
> Task :app:mapDebugSourceSetPaths UP-TO-DATE
> Task :app:generateDebugResources UP-TO-DATE
> Task :app:mergeDebugResources UP-TO-DATE
> Task :app:packageDebugResources UP-TO-DATE
> Task :app:parseDebugLocalResources UP-TO-DATE
> Task :app:createDebugCompatibleScreenManifests UP-TO-DATE
> Task :app:extractDeepLinksDebug UP-TO-DATE
> Task :core:database:extractDeepLinksDebug UP-TO-DATE
> Task :core:datastore:extractDeepLinksDebug UP-TO-DATE
> Task :core:designsystem:extractDeepLinksDebug UP-TO-DATE
> Task :core:files:extractDeepLinksDebug UP-TO-DATE
> Task :core:notifications:extractDeepLinksDebug UP-TO-DATE
> Task :core:security:extractDeepLinksDebug UP-TO-DATE
> Task :core:ui:extractDeepLinksDebug UP-TO-DATE
> Task :feature:appointments:extractDeepLinksDebug UP-TO-DATE
> Task :feature:dashboard:extractDeepLinksDebug UP-TO-DATE
> Task :feature:medications:extractDeepLinksDebug UP-TO-DATE
> Task :feature:onboarding:extractDeepLinksDebug UP-TO-DATE
> Task :feature:profile:extractDeepLinksDebug UP-TO-DATE
> Task :feature:records:extractDeepLinksDebug UP-TO-DATE
> Task :feature:reminders:extractDeepLinksDebug UP-TO-DATE
> Task :feature:reports:extractDeepLinksDebug UP-TO-DATE
> Task :feature:settings:extractDeepLinksDebug UP-TO-DATE
> Task :feature:symptoms:extractDeepLinksDebug UP-TO-DATE
> Task :feature:timeline:extractDeepLinksDebug UP-TO-DATE
> Task :app:processDebugMainManifest UP-TO-DATE
> Task :app:processDebugManifest UP-TO-DATE
> Task :app:processDebugManifestForPackage UP-TO-DATE
> Task :core:database:compileDebugLibraryResources UP-TO-DATE
> Task :core:datastore:compileDebugLibraryResources UP-TO-DATE
> Task :core:designsystem:compileDebugLibraryResources UP-TO-DATE
> Task :core:files:compileDebugLibraryResources UP-TO-DATE
> Task :core:notifications:compileDebugLibraryResources UP-TO-DATE
> Task :core:security:compileDebugLibraryResources UP-TO-DATE
> Task :core:ui:compileDebugLibraryResources UP-TO-DATE
> Task :feature:appointments:compileDebugLibraryResources UP-TO-DATE
> Task :feature:dashboard:compileDebugLibraryResources UP-TO-DATE
> Task :feature:medications:compileDebugLibraryResources UP-TO-DATE
> Task :feature:onboarding:compileDebugLibraryResources UP-TO-DATE
> Task :feature:profile:compileDebugLibraryResources UP-TO-DATE
> Task :feature:records:compileDebugLibraryResources UP-TO-DATE
> Task :feature:reminders:compileDebugLibraryResources UP-TO-DATE
> Task :feature:reports:compileDebugLibraryResources UP-TO-DATE
> Task :feature:settings:compileDebugLibraryResources UP-TO-DATE
> Task :feature:symptoms:compileDebugLibraryResources UP-TO-DATE
> Task :feature:timeline:compileDebugLibraryResources UP-TO-DATE
> Task :app:processDebugResources UP-TO-DATE
> Task :core:datastore:bundleLibCompileToJarDebug UP-TO-DATE
> Task :core:files:bundleLibCompileToJarDebug UP-TO-DATE
> Task :core:notifications:bundleLibCompileToJarDebug UP-TO-DATE
> Task :core:security:bundleLibCompileToJarDebug UP-TO-DATE
> Task :feature:appointments:bundleLibCompileToJarDebug UP-TO-DATE
> Task :feature:dashboard:bundleLibCompileToJarDebug UP-TO-DATE
> Task :feature:medications:bundleLibCompileToJarDebug UP-TO-DATE
> Task :feature:onboarding:bundleLibCompileToJarDebug UP-TO-DATE
> Task :feature:profile:bundleLibCompileToJarDebug UP-TO-DATE
> Task :feature:records:bundleLibCompileToJarDebug UP-TO-DATE
> Task :feature:reminders:bundleLibCompileToJarDebug UP-TO-DATE
> Task :feature:reports:bundleLibCompileToJarDebug UP-TO-DATE
> Task :feature:settings:bundleLibCompileToJarDebug UP-TO-DATE
> Task :feature:symptoms:bundleLibCompileToJarDebug UP-TO-DATE
> Task :feature:timeline:bundleLibCompileToJarDebug UP-TO-DATE
> Task :app:kspDebugKotlin UP-TO-DATE
> Task :app:compileDebugKotlin UP-TO-DATE
> Task :app:javaPreCompileDebug UP-TO-DATE
> Task :app:compileDebugJavaWithJavac UP-TO-DATE
> Task :core:notifications:bundleLibRuntimeToJarDebug UP-TO-DATE
> Task :core:database:bundleLibRuntimeToJarDebug UP-TO-DATE
> Task :core:security:bundleLibRuntimeToJarDebug UP-TO-DATE
> Task :core:files:bundleLibRuntimeToJarDebug UP-TO-DATE
> Task :core:datastore:bundleLibRuntimeToJarDebug UP-TO-DATE
> Task :feature:onboarding:bundleLibRuntimeToJarDebug UP-TO-DATE
> Task :feature:dashboard:bundleLibRuntimeToJarDebug UP-TO-DATE
> Task :feature:profile:bundleLibRuntimeToJarDebug UP-TO-DATE
> Task :feature:timeline:bundleLibRuntimeToJarDebug UP-TO-DATE
> Task :feature:symptoms:bundleLibRuntimeToJarDebug UP-TO-DATE
> Task :feature:records:bundleLibRuntimeToJarDebug UP-TO-DATE
> Task :feature:medications:bundleLibRuntimeToJarDebug UP-TO-DATE
> Task :feature:reminders:bundleLibRuntimeToJarDebug UP-TO-DATE
> Task :feature:appointments:bundleLibRuntimeToJarDebug UP-TO-DATE
> Task :feature:reports:bundleLibRuntimeToJarDebug UP-TO-DATE
> Task :feature:settings:bundleLibRuntimeToJarDebug UP-TO-DATE
> Task :core:ui:bundleLibRuntimeToJarDebug UP-TO-DATE
> Task :core:designsystem:bundleLibRuntimeToJarDebug UP-TO-DATE
> Task :app:hiltAggregateDepsDebug UP-TO-DATE
> Task :app:hiltJavaCompileDebug UP-TO-DATE
> Task :app:bundleDebugClassesToCompileJar UP-TO-DATE
> Task :app:preDebugAndroidTestBuild SKIPPED
> Task :app:generateDebugAndroidTestResValues UP-TO-DATE
> Task :core:database:createFullJarDebug UP-TO-DATE
> Task :core:database:writeDebugLintModelMetadata UP-TO-DATE
> Task :core:datastore:createFullJarDebug UP-TO-DATE
> Task :core:datastore:writeDebugLintModelMetadata UP-TO-DATE
> Task :core:designsystem:createFullJarDebug UP-TO-DATE
> Task :core:designsystem:writeDebugLintModelMetadata UP-TO-DATE
> Task :core:files:createFullJarDebug UP-TO-DATE
> Task :core:files:writeDebugLintModelMetadata UP-TO-DATE
> Task :core:notifications:createFullJarDebug UP-TO-DATE
> Task :core:notifications:writeDebugLintModelMetadata UP-TO-DATE
> Task :core:security:createFullJarDebug UP-TO-DATE
> Task :core:security:writeDebugLintModelMetadata UP-TO-DATE
> Task :core:ui:createFullJarDebug UP-TO-DATE
> Task :core:ui:writeDebugLintModelMetadata UP-TO-DATE
> Task :feature:appointments:createFullJarDebug UP-TO-DATE
> Task :feature:appointments:writeDebugLintModelMetadata UP-TO-DATE
> Task :feature:dashboard:createFullJarDebug UP-TO-DATE
> Task :feature:dashboard:writeDebugLintModelMetadata UP-TO-DATE
> Task :feature:medications:createFullJarDebug UP-TO-DATE
> Task :feature:medications:writeDebugLintModelMetadata UP-TO-DATE
> Task :feature:onboarding:createFullJarDebug UP-TO-DATE
> Task :feature:onboarding:writeDebugLintModelMetadata UP-TO-DATE
> Task :feature:profile:createFullJarDebug UP-TO-DATE
> Task :feature:profile:writeDebugLintModelMetadata UP-TO-DATE
> Task :feature:records:createFullJarDebug UP-TO-DATE
> Task :feature:records:writeDebugLintModelMetadata UP-TO-DATE
> Task :feature:reminders:createFullJarDebug UP-TO-DATE
> Task :feature:reminders:writeDebugLintModelMetadata UP-TO-DATE
> Task :feature:reports:createFullJarDebug UP-TO-DATE
> Task :feature:reports:writeDebugLintModelMetadata UP-TO-DATE
> Task :feature:settings:createFullJarDebug UP-TO-DATE
> Task :feature:settings:writeDebugLintModelMetadata UP-TO-DATE
> Task :feature:symptoms:createFullJarDebug UP-TO-DATE
> Task :feature:symptoms:writeDebugLintModelMetadata UP-TO-DATE
> Task :feature:timeline:createFullJarDebug UP-TO-DATE
> Task :feature:timeline:writeDebugLintModelMetadata UP-TO-DATE
> Task :app:generateDebugAndroidTestLintModel UP-TO-DATE
> Task :app:extractProguardFiles UP-TO-DATE
> Task :core:database:extractProguardFiles UP-TO-DATE
> Task :core:database:generateDebugLintModel UP-TO-DATE
> Task :core:datastore:extractProguardFiles UP-TO-DATE
> Task :core:datastore:generateDebugLintModel UP-TO-DATE
> Task :core:designsystem:extractProguardFiles UP-TO-DATE
> Task :core:designsystem:generateDebugLintModel UP-TO-DATE
> Task :core:files:extractProguardFiles UP-TO-DATE
> Task :core:files:generateDebugLintModel UP-TO-DATE
> Task :core:notifications:extractProguardFiles UP-TO-DATE
> Task :core:notifications:generateDebugLintModel UP-TO-DATE
> Task :core:security:extractProguardFiles UP-TO-DATE
> Task :core:security:generateDebugLintModel UP-TO-DATE
> Task :core:ui:extractProguardFiles UP-TO-DATE
> Task :core:ui:generateDebugLintModel UP-TO-DATE
> Task :feature:appointments:extractProguardFiles UP-TO-DATE
> Task :feature:appointments:generateDebugLintModel UP-TO-DATE
> Task :feature:dashboard:extractProguardFiles UP-TO-DATE
> Task :feature:dashboard:generateDebugLintModel UP-TO-DATE
> Task :feature:medications:extractProguardFiles UP-TO-DATE
> Task :feature:medications:generateDebugLintModel UP-TO-DATE
> Task :feature:onboarding:extractProguardFiles UP-TO-DATE
> Task :feature:onboarding:generateDebugLintModel UP-TO-DATE
> Task :feature:profile:extractProguardFiles UP-TO-DATE
> Task :feature:profile:generateDebugLintModel UP-TO-DATE
> Task :feature:records:extractProguardFiles UP-TO-DATE
> Task :feature:records:generateDebugLintModel UP-TO-DATE
> Task :feature:reminders:extractProguardFiles UP-TO-DATE
> Task :feature:reminders:generateDebugLintModel UP-TO-DATE
> Task :feature:reports:extractProguardFiles UP-TO-DATE
> Task :feature:reports:generateDebugLintModel UP-TO-DATE
> Task :feature:settings:extractProguardFiles UP-TO-DATE
> Task :feature:settings:generateDebugLintModel UP-TO-DATE
> Task :feature:symptoms:extractProguardFiles UP-TO-DATE
> Task :feature:symptoms:generateDebugLintModel UP-TO-DATE
> Task :feature:timeline:extractProguardFiles UP-TO-DATE
> Task :feature:timeline:generateDebugLintModel UP-TO-DATE
> Task :app:generateDebugLintReportModel UP-TO-DATE
> Task :app:preDebugUnitTestBuild UP-TO-DATE
> Task :app:generateDebugUnitTestLintModel UP-TO-DATE
> Task :core:database:lintAnalyzeDebug UP-TO-DATE
> Task :core:datastore:lintAnalyzeDebug UP-TO-DATE
> Task :core:designsystem:lintAnalyzeDebug UP-TO-DATE
> Task :core:files:lintAnalyzeDebug UP-TO-DATE
> Task :core:notifications:lintAnalyzeDebug UP-TO-DATE
> Task :core:security:lintAnalyzeDebug UP-TO-DATE
> Task :core:ui:lintAnalyzeDebug UP-TO-DATE
> Task :feature:appointments:lintAnalyzeDebug UP-TO-DATE
> Task :feature:dashboard:lintAnalyzeDebug UP-TO-DATE
> Task :feature:medications:lintAnalyzeDebug UP-TO-DATE
> Task :feature:onboarding:lintAnalyzeDebug UP-TO-DATE
> Task :feature:profile:lintAnalyzeDebug UP-TO-DATE
> Task :feature:records:lintAnalyzeDebug UP-TO-DATE
> Task :feature:reminders:lintAnalyzeDebug UP-TO-DATE
> Task :feature:reports:lintAnalyzeDebug UP-TO-DATE
> Task :feature:settings:lintAnalyzeDebug UP-TO-DATE
> Task :feature:symptoms:lintAnalyzeDebug UP-TO-DATE
> Task :feature:timeline:lintAnalyzeDebug UP-TO-DATE
> Task :app:lintAnalyzeDebug UP-TO-DATE
> Task :app:lintAnalyzeDebugAndroidTest UP-TO-DATE
> Task :app:lintAnalyzeDebugUnitTest UP-TO-DATE
> Task :core:database:preDebugAndroidTestBuild UP-TO-DATE
> Task :core:database:generateDebugAndroidTestResValues UP-TO-DATE
> Task :core:database:generateDebugAndroidTestLintModel UP-TO-DATE
> Task :core:database:preDebugUnitTestBuild UP-TO-DATE
> Task :core:database:generateDebugUnitTestLintModel UP-TO-DATE
> Task :core:database:lintAnalyzeDebugAndroidTest UP-TO-DATE
> Task :core:database:lintAnalyzeDebugUnitTest UP-TO-DATE
> Task :core:datastore:preDebugAndroidTestBuild UP-TO-DATE
> Task :core:datastore:generateDebugAndroidTestResValues UP-TO-DATE
> Task :core:datastore:generateDebugAndroidTestLintModel UP-TO-DATE
> Task :core:datastore:preDebugUnitTestBuild UP-TO-DATE
> Task :core:datastore:generateDebugUnitTestLintModel UP-TO-DATE
> Task :core:datastore:lintAnalyzeDebugAndroidTest UP-TO-DATE
> Task :core:datastore:lintAnalyzeDebugUnitTest UP-TO-DATE
> Task :core:designsystem:preDebugAndroidTestBuild UP-TO-DATE
> Task :core:designsystem:generateDebugAndroidTestResValues UP-TO-DATE
> Task :core:designsystem:generateDebugAndroidTestLintModel UP-TO-DATE
> Task :core:designsystem:preDebugUnitTestBuild UP-TO-DATE
> Task :core:designsystem:generateDebugUnitTestLintModel UP-TO-DATE
> Task :core:designsystem:lintAnalyzeDebugAndroidTest UP-TO-DATE
> Task :core:designsystem:lintAnalyzeDebugUnitTest UP-TO-DATE
> Task :core:files:preDebugAndroidTestBuild UP-TO-DATE
> Task :core:files:generateDebugAndroidTestResValues UP-TO-DATE
> Task :core:files:generateDebugAndroidTestLintModel UP-TO-DATE
> Task :core:files:preDebugUnitTestBuild UP-TO-DATE
> Task :core:files:generateDebugUnitTestLintModel UP-TO-DATE
> Task :core:files:lintAnalyzeDebugAndroidTest UP-TO-DATE
> Task :core:files:lintAnalyzeDebugUnitTest UP-TO-DATE
> Task :core:notifications:preDebugAndroidTestBuild UP-TO-DATE
> Task :core:notifications:generateDebugAndroidTestResValues UP-TO-DATE
> Task :core:notifications:generateDebugAndroidTestLintModel UP-TO-DATE
> Task :core:notifications:preDebugUnitTestBuild UP-TO-DATE
> Task :core:notifications:generateDebugUnitTestLintModel UP-TO-DATE
> Task :core:notifications:lintAnalyzeDebugAndroidTest UP-TO-DATE
> Task :core:notifications:lintAnalyzeDebugUnitTest UP-TO-DATE
> Task :core:security:preDebugAndroidTestBuild UP-TO-DATE
> Task :core:security:generateDebugAndroidTestResValues UP-TO-DATE
> Task :core:security:generateDebugAndroidTestLintModel UP-TO-DATE
> Task :core:security:preDebugUnitTestBuild UP-TO-DATE
> Task :core:security:generateDebugUnitTestLintModel UP-TO-DATE
> Task :core:security:lintAnalyzeDebugAndroidTest UP-TO-DATE
> Task :core:security:lintAnalyzeDebugUnitTest UP-TO-DATE
> Task :core:ui:preDebugAndroidTestBuild UP-TO-DATE
> Task :core:ui:generateDebugAndroidTestResValues UP-TO-DATE
> Task :core:ui:generateDebugAndroidTestLintModel UP-TO-DATE
> Task :core:ui:preDebugUnitTestBuild UP-TO-DATE
> Task :core:ui:generateDebugUnitTestLintModel UP-TO-DATE
> Task :core:ui:lintAnalyzeDebugAndroidTest UP-TO-DATE
> Task :core:ui:lintAnalyzeDebugUnitTest UP-TO-DATE
> Task :feature:appointments:preDebugAndroidTestBuild UP-TO-DATE
> Task :feature:appointments:generateDebugAndroidTestResValues UP-TO-DATE
> Task :feature:appointments:generateDebugAndroidTestLintModel UP-TO-DATE
> Task :feature:appointments:preDebugUnitTestBuild UP-TO-DATE
> Task :feature:appointments:generateDebugUnitTestLintModel UP-TO-DATE
> Task :feature:appointments:lintAnalyzeDebugAndroidTest UP-TO-DATE
> Task :feature:appointments:lintAnalyzeDebugUnitTest UP-TO-DATE
> Task :feature:dashboard:preDebugAndroidTestBuild UP-TO-DATE
> Task :feature:dashboard:generateDebugAndroidTestResValues UP-TO-DATE
> Task :feature:dashboard:generateDebugAndroidTestLintModel UP-TO-DATE
> Task :feature:dashboard:preDebugUnitTestBuild UP-TO-DATE
> Task :feature:dashboard:generateDebugUnitTestLintModel UP-TO-DATE
> Task :feature:dashboard:lintAnalyzeDebugAndroidTest UP-TO-DATE
> Task :feature:dashboard:lintAnalyzeDebugUnitTest UP-TO-DATE
> Task :feature:medications:preDebugAndroidTestBuild UP-TO-DATE
> Task :feature:medications:generateDebugAndroidTestResValues UP-TO-DATE
> Task :feature:medications:generateDebugAndroidTestLintModel UP-TO-DATE
> Task :feature:medications:preDebugUnitTestBuild UP-TO-DATE
> Task :feature:medications:generateDebugUnitTestLintModel UP-TO-DATE
> Task :feature:medications:lintAnalyzeDebugAndroidTest UP-TO-DATE
> Task :feature:medications:lintAnalyzeDebugUnitTest UP-TO-DATE
> Task :feature:onboarding:preDebugAndroidTestBuild UP-TO-DATE
> Task :feature:onboarding:generateDebugAndroidTestResValues UP-TO-DATE
> Task :feature:onboarding:generateDebugAndroidTestLintModel UP-TO-DATE
> Task :feature:onboarding:preDebugUnitTestBuild UP-TO-DATE
> Task :feature:onboarding:generateDebugUnitTestLintModel UP-TO-DATE
> Task :feature:onboarding:lintAnalyzeDebugAndroidTest UP-TO-DATE
> Task :feature:onboarding:lintAnalyzeDebugUnitTest UP-TO-DATE
> Task :feature:profile:preDebugAndroidTestBuild UP-TO-DATE
> Task :feature:profile:generateDebugAndroidTestResValues UP-TO-DATE
> Task :feature:profile:generateDebugAndroidTestLintModel UP-TO-DATE
> Task :feature:profile:preDebugUnitTestBuild UP-TO-DATE
> Task :feature:profile:generateDebugUnitTestLintModel UP-TO-DATE
> Task :feature:profile:lintAnalyzeDebugAndroidTest UP-TO-DATE
> Task :feature:profile:lintAnalyzeDebugUnitTest UP-TO-DATE
> Task :feature:records:preDebugAndroidTestBuild UP-TO-DATE
> Task :feature:records:generateDebugAndroidTestResValues UP-TO-DATE
> Task :feature:records:generateDebugAndroidTestLintModel UP-TO-DATE
> Task :feature:records:preDebugUnitTestBuild UP-TO-DATE
> Task :feature:records:generateDebugUnitTestLintModel UP-TO-DATE
> Task :feature:records:lintAnalyzeDebugAndroidTest UP-TO-DATE
> Task :feature:records:lintAnalyzeDebugUnitTest UP-TO-DATE
> Task :feature:reminders:preDebugAndroidTestBuild UP-TO-DATE
> Task :feature:reminders:generateDebugAndroidTestResValues UP-TO-DATE
> Task :feature:reminders:generateDebugAndroidTestLintModel UP-TO-DATE
> Task :feature:reminders:preDebugUnitTestBuild UP-TO-DATE
> Task :feature:reminders:generateDebugUnitTestLintModel UP-TO-DATE
> Task :feature:reminders:lintAnalyzeDebugAndroidTest UP-TO-DATE
> Task :feature:reminders:lintAnalyzeDebugUnitTest UP-TO-DATE
> Task :feature:reports:preDebugAndroidTestBuild UP-TO-DATE
> Task :feature:reports:generateDebugAndroidTestResValues UP-TO-DATE
> Task :feature:reports:generateDebugAndroidTestLintModel UP-TO-DATE
> Task :feature:reports:preDebugUnitTestBuild UP-TO-DATE
> Task :feature:reports:generateDebugUnitTestLintModel UP-TO-DATE
> Task :feature:reports:lintAnalyzeDebugAndroidTest UP-TO-DATE
> Task :feature:reports:lintAnalyzeDebugUnitTest UP-TO-DATE
> Task :feature:settings:preDebugAndroidTestBuild UP-TO-DATE
> Task :feature:settings:generateDebugAndroidTestResValues UP-TO-DATE
> Task :feature:settings:generateDebugAndroidTestLintModel UP-TO-DATE
> Task :feature:settings:preDebugUnitTestBuild UP-TO-DATE
> Task :feature:settings:generateDebugUnitTestLintModel UP-TO-DATE
> Task :feature:settings:lintAnalyzeDebugAndroidTest UP-TO-DATE
> Task :feature:settings:lintAnalyzeDebugUnitTest UP-TO-DATE
> Task :feature:symptoms:preDebugAndroidTestBuild UP-TO-DATE
> Task :feature:symptoms:generateDebugAndroidTestResValues UP-TO-DATE
> Task :feature:symptoms:generateDebugAndroidTestLintModel UP-TO-DATE
> Task :feature:symptoms:preDebugUnitTestBuild UP-TO-DATE
> Task :feature:symptoms:generateDebugUnitTestLintModel UP-TO-DATE
> Task :feature:symptoms:lintAnalyzeDebugAndroidTest UP-TO-DATE
> Task :feature:symptoms:lintAnalyzeDebugUnitTest UP-TO-DATE
> Task :feature:timeline:preDebugAndroidTestBuild UP-TO-DATE
> Task :feature:timeline:generateDebugAndroidTestResValues UP-TO-DATE
> Task :feature:timeline:generateDebugAndroidTestLintModel UP-TO-DATE
> Task :feature:timeline:preDebugUnitTestBuild UP-TO-DATE
> Task :feature:timeline:generateDebugUnitTestLintModel UP-TO-DATE
> Task :feature:timeline:lintAnalyzeDebugAndroidTest UP-TO-DATE
> Task :feature:timeline:lintAnalyzeDebugUnitTest UP-TO-DATE
> Task :app:lintReportDebug UP-TO-DATE
> Task :app:lintDebug
> Task :app:lint
> Task :app:transformDebugClassesWithAsm UP-TO-DATE
> Task :app:bundleDebugClassesToRuntimeJar UP-TO-DATE
> Task :app:processDebugJavaRes UP-TO-DATE
> Task :app:kspDebugUnitTestKotlin UP-TO-DATE
> Task :app:compileDebugUnitTestKotlin UP-TO-DATE
> Task :app:javaPreCompileDebugUnitTest UP-TO-DATE
> Task :app:compileDebugUnitTestJavaWithJavac NO-SOURCE
> Task :app:hiltAggregateDepsDebugUnitTest UP-TO-DATE
> Task :app:hiltJavaCompileDebugUnitTest NO-SOURCE
> Task :app:processDebugUnitTestJavaRes UP-TO-DATE
> Task :app:transformDebugUnitTestClassesWithAsm UP-TO-DATE
> Task :app:testDebugUnitTest UP-TO-DATE
> Task :app:preReleaseBuild UP-TO-DATE
> Task :app:buildKotlinToolingMetadata UP-TO-DATE
> Task :core:database:preReleaseBuild UP-TO-DATE
> Task :core:database:writeReleaseAarMetadata UP-TO-DATE
> Task :core:datastore:preReleaseBuild UP-TO-DATE
> Task :core:datastore:writeReleaseAarMetadata UP-TO-DATE
> Task :core:designsystem:preReleaseBuild UP-TO-DATE
> Task :core:designsystem:writeReleaseAarMetadata UP-TO-DATE
> Task :core:files:preReleaseBuild UP-TO-DATE
> Task :core:files:writeReleaseAarMetadata UP-TO-DATE
> Task :core:notifications:preReleaseBuild UP-TO-DATE
> Task :core:notifications:writeReleaseAarMetadata UP-TO-DATE
> Task :core:security:preReleaseBuild UP-TO-DATE
> Task :core:security:writeReleaseAarMetadata UP-TO-DATE
> Task :core:ui:preReleaseBuild UP-TO-DATE
> Task :core:ui:writeReleaseAarMetadata UP-TO-DATE
> Task :feature:appointments:preReleaseBuild UP-TO-DATE
> Task :feature:appointments:writeReleaseAarMetadata UP-TO-DATE
> Task :feature:dashboard:preReleaseBuild UP-TO-DATE
> Task :feature:dashboard:writeReleaseAarMetadata UP-TO-DATE
> Task :feature:medications:preReleaseBuild UP-TO-DATE
> Task :feature:medications:writeReleaseAarMetadata UP-TO-DATE
> Task :feature:onboarding:preReleaseBuild UP-TO-DATE
> Task :feature:onboarding:writeReleaseAarMetadata UP-TO-DATE
> Task :feature:profile:preReleaseBuild UP-TO-DATE
> Task :feature:profile:writeReleaseAarMetadata UP-TO-DATE
> Task :feature:records:preReleaseBuild UP-TO-DATE
> Task :feature:records:writeReleaseAarMetadata UP-TO-DATE
> Task :feature:reminders:preReleaseBuild UP-TO-DATE
> Task :feature:reminders:writeReleaseAarMetadata UP-TO-DATE
> Task :feature:reports:preReleaseBuild UP-TO-DATE
> Task :feature:reports:writeReleaseAarMetadata UP-TO-DATE
> Task :feature:settings:preReleaseBuild UP-TO-DATE
> Task :feature:settings:writeReleaseAarMetadata UP-TO-DATE
> Task :feature:symptoms:preReleaseBuild UP-TO-DATE
> Task :feature:symptoms:writeReleaseAarMetadata UP-TO-DATE
> Task :feature:timeline:preReleaseBuild UP-TO-DATE
> Task :feature:timeline:writeReleaseAarMetadata UP-TO-DATE
> Task :app:checkReleaseAarMetadata UP-TO-DATE
> Task :app:generateReleaseResValues UP-TO-DATE
> Task :core:database:generateReleaseResValues UP-TO-DATE
> Task :core:database:generateReleaseResources UP-TO-DATE
> Task :core:database:packageReleaseResources UP-TO-DATE
> Task :core:datastore:generateReleaseResValues UP-TO-DATE
> Task :core:datastore:generateReleaseResources UP-TO-DATE
> Task :core:datastore:packageReleaseResources UP-TO-DATE
> Task :core:designsystem:generateReleaseResValues UP-TO-DATE
> Task :core:designsystem:generateReleaseResources UP-TO-DATE
> Task :core:designsystem:packageReleaseResources UP-TO-DATE
> Task :core:files:generateReleaseResValues UP-TO-DATE
> Task :core:files:generateReleaseResources UP-TO-DATE
> Task :core:files:packageReleaseResources UP-TO-DATE
> Task :core:notifications:generateReleaseResValues UP-TO-DATE
> Task :core:notifications:generateReleaseResources UP-TO-DATE
> Task :core:notifications:packageReleaseResources UP-TO-DATE
> Task :core:security:generateReleaseResValues UP-TO-DATE
> Task :core:security:generateReleaseResources UP-TO-DATE
> Task :core:security:packageReleaseResources UP-TO-DATE
> Task :core:ui:generateReleaseResValues UP-TO-DATE
> Task :core:ui:generateReleaseResources UP-TO-DATE
> Task :core:ui:packageReleaseResources UP-TO-DATE
> Task :feature:appointments:generateReleaseResValues UP-TO-DATE
> Task :feature:appointments:generateReleaseResources UP-TO-DATE
> Task :feature:appointments:packageReleaseResources UP-TO-DATE
> Task :feature:dashboard:generateReleaseResValues UP-TO-DATE
> Task :feature:dashboard:generateReleaseResources UP-TO-DATE
> Task :feature:dashboard:packageReleaseResources UP-TO-DATE
> Task :feature:medications:generateReleaseResValues UP-TO-DATE
> Task :feature:medications:generateReleaseResources UP-TO-DATE
> Task :feature:medications:packageReleaseResources UP-TO-DATE
> Task :feature:onboarding:generateReleaseResValues UP-TO-DATE
> Task :feature:onboarding:generateReleaseResources UP-TO-DATE
> Task :feature:onboarding:packageReleaseResources UP-TO-DATE
> Task :feature:profile:generateReleaseResValues UP-TO-DATE
> Task :feature:profile:generateReleaseResources UP-TO-DATE
> Task :feature:profile:packageReleaseResources UP-TO-DATE
> Task :feature:records:generateReleaseResValues UP-TO-DATE
> Task :feature:records:generateReleaseResources UP-TO-DATE
> Task :feature:records:packageReleaseResources UP-TO-DATE
> Task :feature:reminders:generateReleaseResValues UP-TO-DATE
> Task :feature:reminders:generateReleaseResources UP-TO-DATE
> Task :feature:reminders:packageReleaseResources UP-TO-DATE
> Task :feature:reports:generateReleaseResValues UP-TO-DATE
> Task :feature:reports:generateReleaseResources UP-TO-DATE
> Task :feature:reports:packageReleaseResources UP-TO-DATE
> Task :feature:settings:generateReleaseResValues UP-TO-DATE
> Task :feature:settings:generateReleaseResources UP-TO-DATE
> Task :feature:settings:packageReleaseResources UP-TO-DATE
> Task :feature:symptoms:generateReleaseResValues UP-TO-DATE
> Task :feature:symptoms:generateReleaseResources UP-TO-DATE
> Task :feature:symptoms:packageReleaseResources UP-TO-DATE
> Task :feature:timeline:generateReleaseResValues UP-TO-DATE
> Task :feature:timeline:generateReleaseResources UP-TO-DATE
> Task :feature:timeline:packageReleaseResources UP-TO-DATE
> Task :app:mapReleaseSourceSetPaths UP-TO-DATE
> Task :app:generateReleaseResources UP-TO-DATE
> Task :app:mergeReleaseResources UP-TO-DATE
> Task :app:packageReleaseResources UP-TO-DATE
> Task :app:parseReleaseLocalResources UP-TO-DATE
> Task :app:createReleaseCompatibleScreenManifests UP-TO-DATE
> Task :app:extractDeepLinksRelease UP-TO-DATE
> Task :core:database:extractDeepLinksRelease UP-TO-DATE
> Task :core:database:processReleaseManifest UP-TO-DATE
> Task :core:datastore:extractDeepLinksRelease UP-TO-DATE
> Task :core:datastore:processReleaseManifest UP-TO-DATE
> Task :core:designsystem:extractDeepLinksRelease UP-TO-DATE
> Task :core:designsystem:processReleaseManifest UP-TO-DATE
> Task :core:files:extractDeepLinksRelease UP-TO-DATE
> Task :core:files:processReleaseManifest UP-TO-DATE
> Task :core:notifications:extractDeepLinksRelease UP-TO-DATE
> Task :core:notifications:processReleaseManifest UP-TO-DATE
> Task :core:security:extractDeepLinksRelease UP-TO-DATE
> Task :core:security:processReleaseManifest UP-TO-DATE
> Task :core:ui:extractDeepLinksRelease UP-TO-DATE
> Task :core:ui:processReleaseManifest UP-TO-DATE
> Task :feature:appointments:extractDeepLinksRelease UP-TO-DATE
> Task :feature:appointments:processReleaseManifest UP-TO-DATE
> Task :feature:dashboard:extractDeepLinksRelease UP-TO-DATE
> Task :feature:dashboard:processReleaseManifest UP-TO-DATE
> Task :feature:medications:extractDeepLinksRelease UP-TO-DATE
> Task :feature:medications:processReleaseManifest UP-TO-DATE
> Task :feature:onboarding:extractDeepLinksRelease UP-TO-DATE
> Task :feature:onboarding:processReleaseManifest UP-TO-DATE
> Task :feature:profile:extractDeepLinksRelease UP-TO-DATE
> Task :feature:profile:processReleaseManifest UP-TO-DATE
> Task :feature:records:extractDeepLinksRelease UP-TO-DATE
> Task :feature:records:processReleaseManifest UP-TO-DATE
> Task :feature:reminders:extractDeepLinksRelease UP-TO-DATE
> Task :feature:reminders:processReleaseManifest UP-TO-DATE
> Task :feature:reports:extractDeepLinksRelease UP-TO-DATE
> Task :feature:reports:processReleaseManifest UP-TO-DATE
> Task :feature:settings:extractDeepLinksRelease UP-TO-DATE
> Task :feature:settings:processReleaseManifest UP-TO-DATE
> Task :feature:symptoms:extractDeepLinksRelease UP-TO-DATE
> Task :feature:symptoms:processReleaseManifest UP-TO-DATE
> Task :feature:timeline:extractDeepLinksRelease UP-TO-DATE
> Task :feature:timeline:processReleaseManifest UP-TO-DATE
> Task :app:processReleaseMainManifest UP-TO-DATE
> Task :app:processReleaseManifest UP-TO-DATE
> Task :app:processReleaseManifestForPackage UP-TO-DATE
> Task :core:database:compileReleaseLibraryResources UP-TO-DATE
> Task :core:database:parseReleaseLocalResources UP-TO-DATE
> Task :core:database:generateReleaseRFile UP-TO-DATE
> Task :core:datastore:compileReleaseLibraryResources UP-TO-DATE
> Task :core:datastore:parseReleaseLocalResources UP-TO-DATE
> Task :core:datastore:generateReleaseRFile UP-TO-DATE
> Task :core:designsystem:compileReleaseLibraryResources UP-TO-DATE
> Task :core:designsystem:parseReleaseLocalResources UP-TO-DATE
> Task :core:designsystem:generateReleaseRFile UP-TO-DATE
> Task :core:files:compileReleaseLibraryResources UP-TO-DATE
> Task :core:files:parseReleaseLocalResources UP-TO-DATE
> Task :core:files:generateReleaseRFile UP-TO-DATE
> Task :core:notifications:compileReleaseLibraryResources UP-TO-DATE
> Task :core:notifications:parseReleaseLocalResources UP-TO-DATE
> Task :core:notifications:generateReleaseRFile UP-TO-DATE
> Task :core:security:compileReleaseLibraryResources UP-TO-DATE
> Task :core:security:parseReleaseLocalResources UP-TO-DATE
> Task :core:security:generateReleaseRFile UP-TO-DATE
> Task :core:ui:compileReleaseLibraryResources UP-TO-DATE
> Task :core:ui:parseReleaseLocalResources UP-TO-DATE
> Task :core:ui:generateReleaseRFile UP-TO-DATE
> Task :feature:appointments:compileReleaseLibraryResources UP-TO-DATE
> Task :feature:appointments:parseReleaseLocalResources UP-TO-DATE
> Task :feature:appointments:generateReleaseRFile UP-TO-DATE
> Task :feature:dashboard:compileReleaseLibraryResources UP-TO-DATE
> Task :feature:dashboard:parseReleaseLocalResources UP-TO-DATE
> Task :feature:dashboard:generateReleaseRFile UP-TO-DATE
> Task :feature:medications:compileReleaseLibraryResources UP-TO-DATE
> Task :feature:medications:parseReleaseLocalResources UP-TO-DATE
> Task :feature:medications:generateReleaseRFile UP-TO-DATE
> Task :feature:onboarding:compileReleaseLibraryResources UP-TO-DATE
> Task :feature:onboarding:parseReleaseLocalResources UP-TO-DATE
> Task :feature:onboarding:generateReleaseRFile UP-TO-DATE
> Task :feature:profile:compileReleaseLibraryResources UP-TO-DATE
> Task :feature:profile:parseReleaseLocalResources UP-TO-DATE
> Task :feature:profile:generateReleaseRFile UP-TO-DATE
> Task :feature:records:compileReleaseLibraryResources UP-TO-DATE
> Task :feature:records:parseReleaseLocalResources UP-TO-DATE
> Task :feature:records:generateReleaseRFile UP-TO-DATE
> Task :feature:reminders:compileReleaseLibraryResources UP-TO-DATE
> Task :feature:reminders:parseReleaseLocalResources UP-TO-DATE
> Task :feature:reminders:generateReleaseRFile UP-TO-DATE
> Task :feature:reports:compileReleaseLibraryResources UP-TO-DATE
> Task :feature:reports:parseReleaseLocalResources UP-TO-DATE
> Task :feature:reports:generateReleaseRFile UP-TO-DATE
> Task :feature:settings:compileReleaseLibraryResources UP-TO-DATE
> Task :feature:settings:parseReleaseLocalResources UP-TO-DATE
> Task :feature:settings:generateReleaseRFile UP-TO-DATE
> Task :feature:symptoms:compileReleaseLibraryResources UP-TO-DATE
> Task :feature:symptoms:parseReleaseLocalResources UP-TO-DATE
> Task :feature:symptoms:generateReleaseRFile UP-TO-DATE
> Task :feature:timeline:compileReleaseLibraryResources UP-TO-DATE
> Task :feature:timeline:parseReleaseLocalResources UP-TO-DATE
> Task :feature:timeline:generateReleaseRFile UP-TO-DATE
> Task :app:processReleaseResources UP-TO-DATE
> Task :core:database:kspReleaseKotlin UP-TO-DATE
> Task :core:database:compileReleaseKotlin UP-TO-DATE
> Task :core:database:javaPreCompileRelease UP-TO-DATE
> Task :core:database:compileReleaseJavaWithJavac UP-TO-DATE
> Task :core:database:bundleLibCompileToJarRelease UP-TO-DATE
> Task :core:datastore:compileReleaseKotlin UP-TO-DATE
> Task :core:datastore:javaPreCompileRelease UP-TO-DATE
> Task :core:datastore:compileReleaseJavaWithJavac NO-SOURCE
> Task :core:datastore:bundleLibCompileToJarRelease UP-TO-DATE
> Task :core:designsystem:compileReleaseKotlin UP-TO-DATE
> Task :core:designsystem:javaPreCompileRelease UP-TO-DATE
> Task :core:designsystem:compileReleaseJavaWithJavac NO-SOURCE
> Task :core:designsystem:bundleLibCompileToJarRelease UP-TO-DATE
> Task :core:files:compileReleaseKotlin UP-TO-DATE
> Task :core:files:javaPreCompileRelease UP-TO-DATE
> Task :core:files:compileReleaseJavaWithJavac NO-SOURCE
> Task :core:files:bundleLibCompileToJarRelease UP-TO-DATE
> Task :core:notifications:compileReleaseKotlin UP-TO-DATE
> Task :core:notifications:javaPreCompileRelease UP-TO-DATE
> Task :core:notifications:compileReleaseJavaWithJavac NO-SOURCE
> Task :core:notifications:bundleLibCompileToJarRelease UP-TO-DATE
> Task :core:security:compileReleaseKotlin UP-TO-DATE
> Task :core:security:javaPreCompileRelease UP-TO-DATE
> Task :core:security:compileReleaseJavaWithJavac NO-SOURCE
> Task :core:security:bundleLibCompileToJarRelease UP-TO-DATE
> Task :core:ui:compileReleaseKotlin UP-TO-DATE
> Task :core:ui:javaPreCompileRelease UP-TO-DATE
> Task :core:ui:compileReleaseJavaWithJavac NO-SOURCE
> Task :core:ui:bundleLibCompileToJarRelease UP-TO-DATE
> Task :feature:appointments:compileReleaseKotlin UP-TO-DATE
> Task :feature:appointments:javaPreCompileRelease UP-TO-DATE
> Task :feature:appointments:compileReleaseJavaWithJavac NO-SOURCE
> Task :feature:appointments:bundleLibCompileToJarRelease UP-TO-DATE
> Task :feature:dashboard:compileReleaseKotlin UP-TO-DATE
> Task :feature:dashboard:javaPreCompileRelease UP-TO-DATE
> Task :feature:dashboard:compileReleaseJavaWithJavac NO-SOURCE
> Task :feature:dashboard:bundleLibCompileToJarRelease UP-TO-DATE
> Task :feature:medications:compileReleaseKotlin UP-TO-DATE
> Task :feature:medications:javaPreCompileRelease UP-TO-DATE
> Task :feature:medications:compileReleaseJavaWithJavac NO-SOURCE
> Task :feature:medications:bundleLibCompileToJarRelease UP-TO-DATE
> Task :feature:onboarding:compileReleaseKotlin UP-TO-DATE
> Task :feature:onboarding:javaPreCompileRelease UP-TO-DATE
> Task :feature:onboarding:compileReleaseJavaWithJavac NO-SOURCE
> Task :feature:onboarding:bundleLibCompileToJarRelease UP-TO-DATE
> Task :feature:profile:compileReleaseKotlin UP-TO-DATE
> Task :feature:profile:javaPreCompileRelease UP-TO-DATE
> Task :feature:profile:compileReleaseJavaWithJavac NO-SOURCE
> Task :feature:profile:bundleLibCompileToJarRelease UP-TO-DATE
> Task :feature:records:compileReleaseKotlin UP-TO-DATE
> Task :feature:records:javaPreCompileRelease UP-TO-DATE
> Task :feature:records:compileReleaseJavaWithJavac NO-SOURCE
> Task :feature:records:bundleLibCompileToJarRelease UP-TO-DATE
> Task :feature:reminders:compileReleaseKotlin UP-TO-DATE
> Task :feature:reminders:javaPreCompileRelease UP-TO-DATE
> Task :feature:reminders:compileReleaseJavaWithJavac NO-SOURCE
> Task :feature:reminders:bundleLibCompileToJarRelease UP-TO-DATE
> Task :feature:reports:compileReleaseKotlin UP-TO-DATE
> Task :feature:reports:javaPreCompileRelease UP-TO-DATE
> Task :feature:reports:compileReleaseJavaWithJavac NO-SOURCE
> Task :feature:reports:bundleLibCompileToJarRelease UP-TO-DATE
> Task :feature:settings:compileReleaseKotlin UP-TO-DATE
> Task :feature:settings:javaPreCompileRelease UP-TO-DATE
> Task :feature:settings:compileReleaseJavaWithJavac NO-SOURCE
> Task :feature:settings:bundleLibCompileToJarRelease UP-TO-DATE
> Task :feature:symptoms:compileReleaseKotlin UP-TO-DATE
> Task :feature:symptoms:javaPreCompileRelease UP-TO-DATE
> Task :feature:symptoms:compileReleaseJavaWithJavac NO-SOURCE
> Task :feature:symptoms:bundleLibCompileToJarRelease UP-TO-DATE
> Task :feature:timeline:compileReleaseKotlin UP-TO-DATE
> Task :feature:timeline:javaPreCompileRelease UP-TO-DATE
> Task :feature:timeline:compileReleaseJavaWithJavac NO-SOURCE
> Task :feature:timeline:bundleLibCompileToJarRelease UP-TO-DATE
> Task :app:kspReleaseKotlin UP-TO-DATE
> Task :app:compileReleaseKotlin UP-TO-DATE
> Task :app:javaPreCompileRelease UP-TO-DATE
> Task :app:compileReleaseJavaWithJavac UP-TO-DATE
> Task :core:notifications:bundleLibRuntimeToJarRelease UP-TO-DATE
> Task :core:database:bundleLibRuntimeToJarRelease UP-TO-DATE
> Task :core:security:bundleLibRuntimeToJarRelease UP-TO-DATE
> Task :core:files:bundleLibRuntimeToJarRelease UP-TO-DATE
> Task :core:datastore:bundleLibRuntimeToJarRelease UP-TO-DATE
> Task :feature:onboarding:bundleLibRuntimeToJarRelease UP-TO-DATE
> Task :feature:dashboard:bundleLibRuntimeToJarRelease UP-TO-DATE
> Task :feature:profile:bundleLibRuntimeToJarRelease UP-TO-DATE
> Task :feature:timeline:bundleLibRuntimeToJarRelease UP-TO-DATE
> Task :feature:symptoms:bundleLibRuntimeToJarRelease UP-TO-DATE
> Task :feature:records:bundleLibRuntimeToJarRelease UP-TO-DATE
> Task :feature:medications:bundleLibRuntimeToJarRelease UP-TO-DATE
> Task :feature:reminders:bundleLibRuntimeToJarRelease UP-TO-DATE
> Task :feature:appointments:bundleLibRuntimeToJarRelease UP-TO-DATE
> Task :feature:reports:bundleLibRuntimeToJarRelease UP-TO-DATE
> Task :feature:settings:bundleLibRuntimeToJarRelease UP-TO-DATE
> Task :core:ui:bundleLibRuntimeToJarRelease UP-TO-DATE
> Task :core:designsystem:bundleLibRuntimeToJarRelease UP-TO-DATE
> Task :app:preReleaseUnitTestBuild UP-TO-DATE
> Task :app:javaPreCompileReleaseUnitTest UP-TO-DATE
> Task :app:hiltAggregateDepsRelease UP-TO-DATE
> Task :app:hiltJavaCompileRelease UP-TO-DATE
> Task :app:transformReleaseClassesWithAsm UP-TO-DATE
> Task :app:bundleReleaseClassesToRuntimeJar UP-TO-DATE
> Task :app:processReleaseJavaRes UP-TO-DATE
> Task :app:bundleReleaseClassesToCompileJar UP-TO-DATE
> Task :app:kspReleaseUnitTestKotlin UP-TO-DATE
> Task :app:compileReleaseUnitTestKotlin UP-TO-DATE
> Task :app:compileReleaseUnitTestJavaWithJavac NO-SOURCE
> Task :app:hiltAggregateDepsReleaseUnitTest UP-TO-DATE
> Task :app:hiltJavaCompileReleaseUnitTest NO-SOURCE
> Task :app:processReleaseUnitTestJavaRes UP-TO-DATE
> Task :app:transformReleaseUnitTestClassesWithAsm UP-TO-DATE
> Task :core:database:processReleaseJavaRes UP-TO-DATE
> Task :core:datastore:processReleaseJavaRes UP-TO-DATE
> Task :core:designsystem:processReleaseJavaRes UP-TO-DATE
> Task :core:files:processReleaseJavaRes UP-TO-DATE
> Task :core:notifications:processReleaseJavaRes UP-TO-DATE
> Task :core:security:processReleaseJavaRes UP-TO-DATE
> Task :core:ui:processReleaseJavaRes UP-TO-DATE
> Task :feature:appointments:processReleaseJavaRes UP-TO-DATE
> Task :feature:dashboard:processReleaseJavaRes UP-TO-DATE
> Task :feature:medications:processReleaseJavaRes UP-TO-DATE
> Task :feature:onboarding:processReleaseJavaRes UP-TO-DATE
> Task :feature:profile:processReleaseJavaRes UP-TO-DATE
> Task :feature:records:processReleaseJavaRes UP-TO-DATE
> Task :feature:reminders:processReleaseJavaRes UP-TO-DATE
> Task :feature:reports:processReleaseJavaRes UP-TO-DATE
> Task :feature:settings:processReleaseJavaRes UP-TO-DATE
> Task :feature:symptoms:processReleaseJavaRes UP-TO-DATE
> Task :feature:timeline:processReleaseJavaRes UP-TO-DATE
> Task :app:testReleaseUnitTest UP-TO-DATE
> Task :app:test UP-TO-DATE
> Task :app:check
> Task :core:common:compileTestKotlin UP-TO-DATE
> Task :core:common:compileTestJava NO-SOURCE
> Task :core:common:processTestResources NO-SOURCE
> Task :core:common:testClasses UP-TO-DATE
> Task :core:common:test UP-TO-DATE
> Task :core:common:check UP-TO-DATE
> Task :core:database:generateDebugLintReportModel UP-TO-DATE
> Task :core:database:lintReportDebug UP-TO-DATE
> Task :core:database:lintDebug
> Task :core:database:lint
> Task :core:database:generateDebugUnitTestStubRFile UP-TO-DATE
> Task :core:database:kspDebugUnitTestKotlin NO-SOURCE
> Task :core:database:compileDebugUnitTestKotlin NO-SOURCE
> Task :core:database:javaPreCompileDebugUnitTest UP-TO-DATE
> Task :core:database:compileDebugUnitTestJavaWithJavac NO-SOURCE
> Task :core:database:processDebugUnitTestJavaRes NO-SOURCE
> Task :core:database:testDebugUnitTest NO-SOURCE
> Task :core:database:preReleaseUnitTestBuild UP-TO-DATE
> Task :core:database:generateReleaseUnitTestStubRFile UP-TO-DATE
> Task :core:database:kspReleaseUnitTestKotlin NO-SOURCE
> Task :core:database:compileReleaseUnitTestKotlin NO-SOURCE
> Task :core:database:javaPreCompileReleaseUnitTest UP-TO-DATE
> Task :core:database:compileReleaseUnitTestJavaWithJavac NO-SOURCE
> Task :core:database:processReleaseUnitTestJavaRes NO-SOURCE
> Task :core:database:testReleaseUnitTest NO-SOURCE
> Task :core:database:test UP-TO-DATE
> Task :core:database:check
> Task :core:datastore:generateDebugLintReportModel UP-TO-DATE
> Task :core:datastore:lintReportDebug UP-TO-DATE
> Task :core:datastore:lintDebug
> Task :core:datastore:lint
> Task :core:datastore:generateDebugUnitTestStubRFile UP-TO-DATE
> Task :core:datastore:compileDebugUnitTestKotlin NO-SOURCE
> Task :core:datastore:javaPreCompileDebugUnitTest UP-TO-DATE
> Task :core:datastore:compileDebugUnitTestJavaWithJavac NO-SOURCE
> Task :core:datastore:processDebugUnitTestJavaRes NO-SOURCE
> Task :core:datastore:testDebugUnitTest NO-SOURCE
> Task :core:datastore:preReleaseUnitTestBuild UP-TO-DATE
> Task :core:datastore:generateReleaseUnitTestStubRFile UP-TO-DATE
> Task :core:datastore:compileReleaseUnitTestKotlin NO-SOURCE
> Task :core:datastore:javaPreCompileReleaseUnitTest UP-TO-DATE
> Task :core:datastore:compileReleaseUnitTestJavaWithJavac NO-SOURCE
> Task :core:datastore:processReleaseUnitTestJavaRes NO-SOURCE
> Task :core:datastore:testReleaseUnitTest NO-SOURCE
> Task :core:datastore:test UP-TO-DATE
> Task :core:datastore:check
> Task :core:designsystem:generateDebugLintReportModel UP-TO-DATE
> Task :core:designsystem:lintReportDebug UP-TO-DATE
> Task :core:designsystem:lintDebug
> Task :core:designsystem:lint
> Task :core:designsystem:generateDebugUnitTestStubRFile UP-TO-DATE
> Task :core:designsystem:compileDebugUnitTestKotlin NO-SOURCE
> Task :core:designsystem:javaPreCompileDebugUnitTest UP-TO-DATE
> Task :core:designsystem:compileDebugUnitTestJavaWithJavac NO-SOURCE
> Task :core:designsystem:processDebugUnitTestJavaRes NO-SOURCE
> Task :core:designsystem:testDebugUnitTest NO-SOURCE
> Task :core:designsystem:preReleaseUnitTestBuild UP-TO-DATE
> Task :core:designsystem:generateReleaseUnitTestStubRFile UP-TO-DATE
> Task :core:designsystem:compileReleaseUnitTestKotlin NO-SOURCE
> Task :core:designsystem:javaPreCompileReleaseUnitTest UP-TO-DATE
> Task :core:designsystem:compileReleaseUnitTestJavaWithJavac NO-SOURCE
> Task :core:designsystem:processReleaseUnitTestJavaRes NO-SOURCE
> Task :core:designsystem:testReleaseUnitTest NO-SOURCE
> Task :core:designsystem:test UP-TO-DATE
> Task :core:designsystem:check
> Task :core:domain:compileTestKotlin NO-SOURCE
> Task :core:domain:compileTestJava NO-SOURCE
> Task :core:domain:processTestResources NO-SOURCE
> Task :core:domain:testClasses UP-TO-DATE
> Task :core:domain:test NO-SOURCE
> Task :core:domain:check UP-TO-DATE
> Task :core:files:generateDebugLintReportModel UP-TO-DATE
> Task :core:files:lintReportDebug UP-TO-DATE
> Task :core:files:lintDebug
> Task :core:files:lint
> Task :core:files:generateDebugUnitTestStubRFile UP-TO-DATE
> Task :core:files:compileDebugUnitTestKotlin NO-SOURCE
> Task :core:files:javaPreCompileDebugUnitTest UP-TO-DATE
> Task :core:files:compileDebugUnitTestJavaWithJavac NO-SOURCE
> Task :core:files:processDebugUnitTestJavaRes NO-SOURCE
> Task :core:files:testDebugUnitTest NO-SOURCE
> Task :core:files:preReleaseUnitTestBuild UP-TO-DATE
> Task :core:files:generateReleaseUnitTestStubRFile UP-TO-DATE
> Task :core:files:compileReleaseUnitTestKotlin NO-SOURCE
> Task :core:files:javaPreCompileReleaseUnitTest UP-TO-DATE
> Task :core:files:compileReleaseUnitTestJavaWithJavac NO-SOURCE
> Task :core:files:processReleaseUnitTestJavaRes NO-SOURCE
> Task :core:files:testReleaseUnitTest NO-SOURCE
> Task :core:files:test UP-TO-DATE
> Task :core:files:check
> Task :core:model:compileTestKotlin UP-TO-DATE
> Task :core:model:compileTestJava NO-SOURCE
> Task :core:model:processTestResources NO-SOURCE
> Task :core:model:testClasses UP-TO-DATE
> Task :core:model:test UP-TO-DATE
> Task :core:model:check UP-TO-DATE
> Task :core:notifications:generateDebugLintReportModel UP-TO-DATE
> Task :core:notifications:lintReportDebug UP-TO-DATE
> Task :core:notifications:lintDebug
> Task :core:notifications:lint
> Task :core:notifications:generateDebugUnitTestStubRFile UP-TO-DATE
> Task :core:notifications:compileDebugUnitTestKotlin NO-SOURCE
> Task :core:notifications:javaPreCompileDebugUnitTest UP-TO-DATE
> Task :core:notifications:compileDebugUnitTestJavaWithJavac NO-SOURCE
> Task :core:notifications:processDebugUnitTestJavaRes NO-SOURCE
> Task :core:notifications:testDebugUnitTest NO-SOURCE
> Task :core:notifications:preReleaseUnitTestBuild UP-TO-DATE
> Task :core:notifications:generateReleaseUnitTestStubRFile UP-TO-DATE
> Task :core:notifications:compileReleaseUnitTestKotlin NO-SOURCE
> Task :core:notifications:javaPreCompileReleaseUnitTest UP-TO-DATE
> Task :core:notifications:compileReleaseUnitTestJavaWithJavac NO-SOURCE
> Task :core:notifications:processReleaseUnitTestJavaRes NO-SOURCE
> Task :core:notifications:testReleaseUnitTest NO-SOURCE
> Task :core:notifications:test UP-TO-DATE
> Task :core:notifications:check
> Task :core:security:generateDebugLintReportModel UP-TO-DATE
> Task :core:security:lintReportDebug UP-TO-DATE
> Task :core:security:lintDebug
> Task :core:security:lint
> Task :core:security:generateDebugUnitTestStubRFile UP-TO-DATE
> Task :core:security:compileDebugUnitTestKotlin UP-TO-DATE
> Task :core:security:javaPreCompileDebugUnitTest UP-TO-DATE
> Task :core:security:compileDebugUnitTestJavaWithJavac NO-SOURCE
> Task :core:security:processDebugUnitTestJavaRes UP-TO-DATE
> Task :core:security:testDebugUnitTest UP-TO-DATE
> Task :core:security:preReleaseUnitTestBuild UP-TO-DATE
> Task :core:security:generateReleaseUnitTestStubRFile UP-TO-DATE
> Task :core:security:compileReleaseUnitTestKotlin UP-TO-DATE
> Task :core:security:javaPreCompileReleaseUnitTest UP-TO-DATE
> Task :core:security:compileReleaseUnitTestJavaWithJavac NO-SOURCE
> Task :core:security:processReleaseUnitTestJavaRes UP-TO-DATE
> Task :core:security:testReleaseUnitTest UP-TO-DATE
> Task :core:security:test UP-TO-DATE
> Task :core:security:check
> Task :core:testing:checkKotlinGradlePluginConfigurationErrors SKIPPED
> Task :core:testing:compileKotlin UP-TO-DATE
> Task :core:testing:compileJava NO-SOURCE
> Task :core:testing:processResources NO-SOURCE
> Task :core:testing:classes UP-TO-DATE
> Task :core:testing:jar UP-TO-DATE
> Task :core:testing:compileTestKotlin NO-SOURCE
> Task :core:testing:compileTestJava NO-SOURCE
> Task :core:testing:processTestResources NO-SOURCE
> Task :core:testing:testClasses UP-TO-DATE
> Task :core:testing:test NO-SOURCE
> Task :core:testing:check UP-TO-DATE
> Task :core:ui:generateDebugLintReportModel UP-TO-DATE
> Task :core:ui:lintReportDebug UP-TO-DATE
> Task :core:ui:lintDebug
> Task :core:ui:lint
> Task :core:ui:generateDebugUnitTestStubRFile UP-TO-DATE
> Task :core:ui:compileDebugUnitTestKotlin NO-SOURCE
> Task :core:ui:javaPreCompileDebugUnitTest UP-TO-DATE
> Task :core:ui:compileDebugUnitTestJavaWithJavac NO-SOURCE
> Task :core:ui:processDebugUnitTestJavaRes NO-SOURCE
> Task :core:ui:testDebugUnitTest NO-SOURCE
> Task :core:ui:preReleaseUnitTestBuild UP-TO-DATE
> Task :core:ui:generateReleaseUnitTestStubRFile UP-TO-DATE
> Task :core:ui:compileReleaseUnitTestKotlin NO-SOURCE
> Task :core:ui:javaPreCompileReleaseUnitTest UP-TO-DATE
> Task :core:ui:compileReleaseUnitTestJavaWithJavac NO-SOURCE
> Task :core:ui:processReleaseUnitTestJavaRes NO-SOURCE
> Task :core:ui:testReleaseUnitTest NO-SOURCE
> Task :core:ui:test UP-TO-DATE
> Task :core:ui:check
> Task :feature:appointments:generateDebugLintReportModel UP-TO-DATE
> Task :feature:appointments:lintReportDebug UP-TO-DATE
> Task :feature:appointments:lintDebug
> Task :feature:appointments:lint
> Task :feature:appointments:generateDebugUnitTestStubRFile UP-TO-DATE
> Task :feature:appointments:compileDebugUnitTestKotlin NO-SOURCE
> Task :feature:appointments:javaPreCompileDebugUnitTest UP-TO-DATE
> Task :feature:appointments:compileDebugUnitTestJavaWithJavac NO-SOURCE
> Task :feature:appointments:processDebugUnitTestJavaRes NO-SOURCE
> Task :feature:appointments:testDebugUnitTest NO-SOURCE
> Task :feature:appointments:preReleaseUnitTestBuild UP-TO-DATE
> Task :feature:appointments:generateReleaseUnitTestStubRFile UP-TO-DATE
> Task :feature:appointments:compileReleaseUnitTestKotlin NO-SOURCE
> Task :feature:appointments:javaPreCompileReleaseUnitTest UP-TO-DATE
> Task :feature:appointments:compileReleaseUnitTestJavaWithJavac NO-SOURCE
> Task :feature:appointments:processReleaseUnitTestJavaRes NO-SOURCE
> Task :feature:appointments:testReleaseUnitTest NO-SOURCE
> Task :feature:appointments:test UP-TO-DATE
> Task :feature:appointments:check
> Task :feature:dashboard:generateDebugLintReportModel UP-TO-DATE
> Task :feature:dashboard:lintReportDebug UP-TO-DATE
> Task :feature:dashboard:lintDebug
> Task :feature:dashboard:lint
> Task :feature:dashboard:generateDebugUnitTestStubRFile UP-TO-DATE
> Task :feature:dashboard:compileDebugUnitTestKotlin NO-SOURCE
> Task :feature:dashboard:javaPreCompileDebugUnitTest UP-TO-DATE
> Task :feature:dashboard:compileDebugUnitTestJavaWithJavac NO-SOURCE
> Task :feature:dashboard:processDebugUnitTestJavaRes NO-SOURCE
> Task :feature:dashboard:testDebugUnitTest NO-SOURCE
> Task :feature:dashboard:preReleaseUnitTestBuild UP-TO-DATE
> Task :feature:dashboard:generateReleaseUnitTestStubRFile UP-TO-DATE
> Task :feature:dashboard:compileReleaseUnitTestKotlin NO-SOURCE
> Task :feature:dashboard:javaPreCompileReleaseUnitTest UP-TO-DATE
> Task :feature:dashboard:compileReleaseUnitTestJavaWithJavac NO-SOURCE
> Task :feature:dashboard:processReleaseUnitTestJavaRes NO-SOURCE
> Task :feature:dashboard:testReleaseUnitTest NO-SOURCE
> Task :feature:dashboard:test UP-TO-DATE
> Task :feature:dashboard:check
> Task :feature:medications:generateDebugLintReportModel UP-TO-DATE
> Task :feature:medications:lintReportDebug UP-TO-DATE
> Task :feature:medications:lintDebug
> Task :feature:medications:lint
> Task :feature:medications:generateDebugUnitTestStubRFile UP-TO-DATE
> Task :feature:medications:compileDebugUnitTestKotlin NO-SOURCE
> Task :feature:medications:javaPreCompileDebugUnitTest UP-TO-DATE
> Task :feature:medications:compileDebugUnitTestJavaWithJavac NO-SOURCE
> Task :feature:medications:processDebugUnitTestJavaRes NO-SOURCE
> Task :feature:medications:testDebugUnitTest NO-SOURCE
> Task :feature:medications:preReleaseUnitTestBuild UP-TO-DATE
> Task :feature:medications:generateReleaseUnitTestStubRFile UP-TO-DATE
> Task :feature:medications:compileReleaseUnitTestKotlin NO-SOURCE
> Task :feature:medications:javaPreCompileReleaseUnitTest UP-TO-DATE
> Task :feature:medications:compileReleaseUnitTestJavaWithJavac NO-SOURCE
> Task :feature:medications:processReleaseUnitTestJavaRes NO-SOURCE
> Task :feature:medications:testReleaseUnitTest NO-SOURCE
> Task :feature:medications:test UP-TO-DATE
> Task :feature:medications:check
> Task :feature:onboarding:generateDebugLintReportModel UP-TO-DATE
> Task :feature:onboarding:lintReportDebug UP-TO-DATE
> Task :feature:onboarding:lintDebug
> Task :feature:onboarding:lint
> Task :feature:onboarding:generateDebugUnitTestStubRFile UP-TO-DATE
> Task :feature:onboarding:compileDebugUnitTestKotlin NO-SOURCE
> Task :feature:onboarding:javaPreCompileDebugUnitTest UP-TO-DATE
> Task :feature:onboarding:compileDebugUnitTestJavaWithJavac NO-SOURCE
> Task :feature:onboarding:processDebugUnitTestJavaRes NO-SOURCE
> Task :feature:onboarding:testDebugUnitTest NO-SOURCE
> Task :feature:onboarding:preReleaseUnitTestBuild UP-TO-DATE
> Task :feature:onboarding:generateReleaseUnitTestStubRFile UP-TO-DATE
> Task :feature:onboarding:compileReleaseUnitTestKotlin NO-SOURCE
> Task :feature:onboarding:javaPreCompileReleaseUnitTest UP-TO-DATE
> Task :feature:onboarding:compileReleaseUnitTestJavaWithJavac NO-SOURCE
> Task :feature:onboarding:processReleaseUnitTestJavaRes NO-SOURCE
> Task :feature:onboarding:testReleaseUnitTest NO-SOURCE
> Task :feature:onboarding:test UP-TO-DATE
> Task :feature:onboarding:check
> Task :feature:profile:generateDebugLintReportModel UP-TO-DATE
> Task :feature:profile:lintReportDebug UP-TO-DATE
> Task :feature:profile:lintDebug
> Task :feature:profile:lint
> Task :feature:profile:generateDebugUnitTestStubRFile UP-TO-DATE
> Task :feature:profile:compileDebugUnitTestKotlin NO-SOURCE
> Task :feature:profile:javaPreCompileDebugUnitTest UP-TO-DATE
> Task :feature:profile:compileDebugUnitTestJavaWithJavac NO-SOURCE
> Task :feature:profile:processDebugUnitTestJavaRes NO-SOURCE
> Task :feature:profile:testDebugUnitTest NO-SOURCE
> Task :feature:profile:preReleaseUnitTestBuild UP-TO-DATE
> Task :feature:profile:generateReleaseUnitTestStubRFile UP-TO-DATE
> Task :feature:profile:compileReleaseUnitTestKotlin NO-SOURCE
> Task :feature:profile:javaPreCompileReleaseUnitTest UP-TO-DATE
> Task :feature:profile:compileReleaseUnitTestJavaWithJavac NO-SOURCE
> Task :feature:profile:processReleaseUnitTestJavaRes NO-SOURCE
> Task :feature:profile:testReleaseUnitTest NO-SOURCE
> Task :feature:profile:test UP-TO-DATE
> Task :feature:profile:check
> Task :feature:records:generateDebugLintReportModel UP-TO-DATE
> Task :feature:records:lintReportDebug UP-TO-DATE
> Task :feature:records:lintDebug
> Task :feature:records:lint
> Task :feature:records:generateDebugUnitTestStubRFile UP-TO-DATE
> Task :feature:records:compileDebugUnitTestKotlin NO-SOURCE
> Task :feature:records:javaPreCompileDebugUnitTest UP-TO-DATE
> Task :feature:records:compileDebugUnitTestJavaWithJavac NO-SOURCE
> Task :feature:records:processDebugUnitTestJavaRes NO-SOURCE
> Task :feature:records:testDebugUnitTest NO-SOURCE
> Task :feature:records:preReleaseUnitTestBuild UP-TO-DATE
> Task :feature:records:generateReleaseUnitTestStubRFile UP-TO-DATE
> Task :feature:records:compileReleaseUnitTestKotlin NO-SOURCE
> Task :feature:records:javaPreCompileReleaseUnitTest UP-TO-DATE
> Task :feature:records:compileReleaseUnitTestJavaWithJavac NO-SOURCE
> Task :feature:records:processReleaseUnitTestJavaRes NO-SOURCE
> Task :feature:records:testReleaseUnitTest NO-SOURCE
> Task :feature:records:test UP-TO-DATE
> Task :feature:records:check
> Task :feature:reminders:generateDebugLintReportModel UP-TO-DATE
> Task :feature:reminders:lintReportDebug UP-TO-DATE
> Task :feature:reminders:lintDebug
> Task :feature:reminders:lint
> Task :feature:reminders:generateDebugUnitTestStubRFile UP-TO-DATE
> Task :feature:reminders:compileDebugUnitTestKotlin NO-SOURCE
> Task :feature:reminders:javaPreCompileDebugUnitTest UP-TO-DATE
> Task :feature:reminders:compileDebugUnitTestJavaWithJavac NO-SOURCE
> Task :feature:reminders:processDebugUnitTestJavaRes NO-SOURCE
> Task :feature:reminders:testDebugUnitTest NO-SOURCE
> Task :feature:reminders:preReleaseUnitTestBuild UP-TO-DATE
> Task :feature:reminders:generateReleaseUnitTestStubRFile UP-TO-DATE
> Task :feature:reminders:compileReleaseUnitTestKotlin NO-SOURCE
> Task :feature:reminders:javaPreCompileReleaseUnitTest UP-TO-DATE
> Task :feature:reminders:compileReleaseUnitTestJavaWithJavac NO-SOURCE
> Task :feature:reminders:processReleaseUnitTestJavaRes NO-SOURCE
> Task :feature:reminders:testReleaseUnitTest NO-SOURCE
> Task :feature:reminders:test UP-TO-DATE
> Task :feature:reminders:check
> Task :feature:reports:generateDebugLintReportModel UP-TO-DATE
> Task :feature:reports:lintReportDebug UP-TO-DATE
> Task :feature:reports:lintDebug
> Task :feature:reports:lint
> Task :feature:reports:generateDebugUnitTestStubRFile UP-TO-DATE
> Task :feature:reports:compileDebugUnitTestKotlin NO-SOURCE
> Task :feature:reports:javaPreCompileDebugUnitTest UP-TO-DATE
> Task :feature:reports:compileDebugUnitTestJavaWithJavac NO-SOURCE
> Task :feature:reports:processDebugUnitTestJavaRes NO-SOURCE
> Task :feature:reports:testDebugUnitTest NO-SOURCE
> Task :feature:reports:preReleaseUnitTestBuild UP-TO-DATE
> Task :feature:reports:generateReleaseUnitTestStubRFile UP-TO-DATE
> Task :feature:reports:compileReleaseUnitTestKotlin NO-SOURCE
> Task :feature:reports:javaPreCompileReleaseUnitTest UP-TO-DATE
> Task :feature:reports:compileReleaseUnitTestJavaWithJavac NO-SOURCE
> Task :feature:reports:processReleaseUnitTestJavaRes NO-SOURCE
> Task :feature:reports:testReleaseUnitTest NO-SOURCE
> Task :feature:reports:test UP-TO-DATE
> Task :feature:reports:check
> Task :feature:settings:generateDebugLintReportModel UP-TO-DATE
> Task :feature:settings:lintReportDebug UP-TO-DATE
> Task :feature:settings:lintDebug
> Task :feature:settings:lint
> Task :feature:settings:generateDebugUnitTestStubRFile UP-TO-DATE
> Task :feature:settings:compileDebugUnitTestKotlin NO-SOURCE
> Task :feature:settings:javaPreCompileDebugUnitTest UP-TO-DATE
> Task :feature:settings:compileDebugUnitTestJavaWithJavac NO-SOURCE
> Task :feature:settings:processDebugUnitTestJavaRes NO-SOURCE
> Task :feature:settings:testDebugUnitTest NO-SOURCE
> Task :feature:settings:preReleaseUnitTestBuild UP-TO-DATE
> Task :feature:settings:generateReleaseUnitTestStubRFile UP-TO-DATE
> Task :feature:settings:compileReleaseUnitTestKotlin NO-SOURCE
> Task :feature:settings:javaPreCompileReleaseUnitTest UP-TO-DATE
> Task :feature:settings:compileReleaseUnitTestJavaWithJavac NO-SOURCE
> Task :feature:settings:processReleaseUnitTestJavaRes NO-SOURCE
> Task :feature:settings:testReleaseUnitTest NO-SOURCE
> Task :feature:settings:test UP-TO-DATE
> Task :feature:settings:check
> Task :feature:symptoms:generateDebugLintReportModel UP-TO-DATE
> Task :feature:symptoms:lintReportDebug UP-TO-DATE
> Task :feature:symptoms:lintDebug
> Task :feature:symptoms:lint
> Task :feature:symptoms:generateDebugUnitTestStubRFile UP-TO-DATE
> Task :feature:symptoms:compileDebugUnitTestKotlin NO-SOURCE
> Task :feature:symptoms:javaPreCompileDebugUnitTest UP-TO-DATE
> Task :feature:symptoms:compileDebugUnitTestJavaWithJavac NO-SOURCE
> Task :feature:symptoms:processDebugUnitTestJavaRes NO-SOURCE
> Task :feature:symptoms:testDebugUnitTest NO-SOURCE
> Task :feature:symptoms:preReleaseUnitTestBuild UP-TO-DATE
> Task :feature:symptoms:generateReleaseUnitTestStubRFile UP-TO-DATE
> Task :feature:symptoms:compileReleaseUnitTestKotlin NO-SOURCE
> Task :feature:symptoms:javaPreCompileReleaseUnitTest UP-TO-DATE
> Task :feature:symptoms:compileReleaseUnitTestJavaWithJavac NO-SOURCE
> Task :feature:symptoms:processReleaseUnitTestJavaRes NO-SOURCE
> Task :feature:symptoms:testReleaseUnitTest NO-SOURCE
> Task :feature:symptoms:test UP-TO-DATE
> Task :feature:symptoms:check
> Task :feature:timeline:generateDebugLintReportModel UP-TO-DATE
> Task :feature:timeline:lintReportDebug UP-TO-DATE
> Task :feature:timeline:lintDebug
> Task :feature:timeline:lint
> Task :feature:timeline:generateDebugUnitTestStubRFile UP-TO-DATE
> Task :feature:timeline:compileDebugUnitTestKotlin NO-SOURCE
> Task :feature:timeline:javaPreCompileDebugUnitTest UP-TO-DATE
> Task :feature:timeline:compileDebugUnitTestJavaWithJavac NO-SOURCE
> Task :feature:timeline:processDebugUnitTestJavaRes NO-SOURCE
> Task :feature:timeline:testDebugUnitTest NO-SOURCE
> Task :feature:timeline:preReleaseUnitTestBuild UP-TO-DATE
> Task :feature:timeline:generateReleaseUnitTestStubRFile UP-TO-DATE
> Task :feature:timeline:compileReleaseUnitTestKotlin NO-SOURCE
> Task :feature:timeline:javaPreCompileReleaseUnitTest UP-TO-DATE
> Task :feature:timeline:compileReleaseUnitTestJavaWithJavac NO-SOURCE
> Task :feature:timeline:processReleaseUnitTestJavaRes NO-SOURCE
> Task :feature:timeline:testReleaseUnitTest NO-SOURCE
> Task :feature:timeline:test UP-TO-DATE
> Task :feature:timeline:check

BUILD SUCCESSFUL in 17s
1137 actionable tasks: 19 executed, 1118 up-to-date
