openjdk version "17.0.18" 2026-01-20
OpenJDK Runtime Environment Temurin-17.0.18+8 (build 17.0.18+8)
OpenJDK 64-Bit Server VM Temurin-17.0.18+8 (build 17.0.18+8, mixed mode, sharing)
> Task :app:clean
> Task :core:common:clean
> Task :core:data:clean
> Task :core:database:clean
> Task :core:datastore:clean
> Task :core:designsystem:clean
> Task :core:domain:clean
> Task :core:files:clean
> Task :core:model:clean
> Task :core:notifications:clean
> Task :core:security:clean
> Task :core:testing:clean
> Task :core:ui:clean
> Task :feature:appointments:clean
> Task :feature:dashboard:clean
> Task :feature:medications:clean
> Task :feature:onboarding:clean
> Task :feature:profile:clean
> Task :feature:records:clean
> Task :feature:reminders:clean
> Task :feature:reports:clean
> Task :feature:settings:clean
> Task :feature:symptoms:clean
> Task :feature:timeline:clean

BUILD SUCCESSFUL in 7s
24 actionable tasks: 24 executed
