== connected-check ==
WARNING: We recommend using a newer Android Gradle plugin to use compileSdk = 36

This Android Gradle plugin (8.7.3) was tested up to compileSdk = 35.

You are strongly encouraged to update your project to use a newer
Android Gradle plugin that has been tested with compileSdk = 36.

If you are already using the latest version of the Android Gradle plugin,
you may need to wait until a newer version with support for compileSdk = 36 is available.

For more information refer to the compatibility table:
https://d.android.com/r/tools/api-level-support

To suppress this warning, add/update
    android.suppressUnsupportedCompileSdk=36
to this project's gradle.properties.
> Task :core:common:checkKotlinGradlePluginConfigurationErrors SKIPPED
> Task :core:common:compileKotlin UP-TO-DATE
> Task :core:common:compileJava NO-SOURCE
> Task :core:common:processResources NO-SOURCE
> Task :core:common:classes UP-TO-DATE
> Task :core:common:jar UP-TO-DATE
> Task :core:domain:checkKotlinGradlePluginConfigurationErrors SKIPPED
> Task :core:model:checkKotlinGradlePluginConfigurationErrors SKIPPED
> Task :core:model:compileKotlin UP-TO-DATE
> Task :core:model:compileJava NO-SOURCE
> Task :core:model:processResources NO-SOURCE
> Task :core:model:classes UP-TO-DATE
> Task :core:model:jar UP-TO-DATE
> Task :core:domain:compileKotlin UP-TO-DATE
> Task :core:domain:compileJava NO-SOURCE
> Task :core:domain:processResources NO-SOURCE
> Task :core:domain:classes UP-TO-DATE
> Task :core:domain:jar UP-TO-DATE
> Task :app:checkKotlinGradlePluginConfigurationErrors SKIPPED
> Task :app:preBuild UP-TO-DATE
> Task :app:preDebugBuild UP-TO-DATE
> Task :core:database:preBuild UP-TO-DATE
> Task :core:database:preDebugBuild UP-TO-DATE
> Task :core:database:writeDebugAarMetadata UP-TO-DATE
> Task :core:datastore:preBuild UP-TO-DATE
> Task :core:datastore:preDebugBuild UP-TO-DATE
> Task :core:datastore:writeDebugAarMetadata UP-TO-DATE
> Task :core:designsystem:preBuild UP-TO-DATE
> Task :core:designsystem:preDebugBuild UP-TO-DATE
> Task :core:designsystem:writeDebugAarMetadata UP-TO-DATE
> Task :core:files:preBuild UP-TO-DATE
> Task :core:files:preDebugBuild UP-TO-DATE
> Task :core:files:writeDebugAarMetadata UP-TO-DATE
> Task :core:notifications:preBuild UP-TO-DATE
> Task :core:notifications:preDebugBuild UP-TO-DATE
> Task :core:notifications:writeDebugAarMetadata UP-TO-DATE
> Task :core:security:preBuild UP-TO-DATE
> Task :core:security:preDebugBuild UP-TO-DATE
> Task :core:security:writeDebugAarMetadata UP-TO-DATE
> Task :core:ui:preBuild UP-TO-DATE
> Task :core:ui:preDebugBuild UP-TO-DATE
> Task :core:ui:writeDebugAarMetadata UP-TO-DATE
> Task :feature:appointments:preBuild UP-TO-DATE
> Task :feature:appointments:preDebugBuild UP-TO-DATE
> Task :feature:appointments:writeDebugAarMetadata UP-TO-DATE
> Task :feature:dashboard:preBuild UP-TO-DATE
> Task :feature:dashboard:preDebugBuild UP-TO-DATE
> Task :feature:dashboard:writeDebugAarMetadata UP-TO-DATE
> Task :feature:medications:preBuild UP-TO-DATE
> Task :feature:medications:preDebugBuild UP-TO-DATE
> Task :feature:medications:writeDebugAarMetadata UP-TO-DATE
> Task :feature:onboarding:preBuild UP-TO-DATE
> Task :feature:onboarding:preDebugBuild UP-TO-DATE
> Task :feature:onboarding:writeDebugAarMetadata UP-TO-DATE
> Task :feature:profile:preBuild UP-TO-DATE
> Task :feature:profile:preDebugBuild UP-TO-DATE
> Task :feature:profile:writeDebugAarMetadata UP-TO-DATE
> Task :feature:records:preBuild UP-TO-DATE
> Task :feature:records:preDebugBuild UP-TO-DATE
> Task :feature:records:writeDebugAarMetadata UP-TO-DATE
> Task :feature:reminders:preBuild UP-TO-DATE
> Task :feature:reminders:preDebugBuild UP-TO-DATE
> Task :feature:reminders:writeDebugAarMetadata UP-TO-DATE
> Task :feature:reports:preBuild UP-TO-DATE
> Task :feature:reports:preDebugBuild UP-TO-DATE
> Task :feature:reports:writeDebugAarMetadata UP-TO-DATE
> Task :feature:settings:preBuild UP-TO-DATE
> Task :feature:settings:preDebugBuild UP-TO-DATE
> Task :feature:settings:writeDebugAarMetadata UP-TO-DATE
> Task :feature:symptoms:preBuild UP-TO-DATE
> Task :feature:symptoms:preDebugBuild UP-TO-DATE
> Task :feature:symptoms:writeDebugAarMetadata UP-TO-DATE
> Task :feature:timeline:preBuild UP-TO-DATE
> Task :feature:timeline:preDebugBuild UP-TO-DATE
> Task :feature:timeline:writeDebugAarMetadata UP-TO-DATE
> Task :app:checkDebugAarMetadata UP-TO-DATE
> Task :app:generateDebugResValues UP-TO-DATE
> Task :core:database:generateDebugResValues UP-TO-DATE
> Task :core:database:generateDebugResources UP-TO-DATE
> Task :core:database:packageDebugResources UP-TO-DATE
> Task :core:datastore:generateDebugResValues UP-TO-DATE
> Task :core:datastore:generateDebugResources UP-TO-DATE
> Task :core:datastore:packageDebugResources UP-TO-DATE
> Task :core:designsystem:generateDebugResValues UP-TO-DATE
> Task :core:designsystem:generateDebugResources UP-TO-DATE
> Task :core:designsystem:packageDebugResources UP-TO-DATE
> Task :core:files:generateDebugResValues UP-TO-DATE
> Task :core:files:generateDebugResources UP-TO-DATE
> Task :core:files:packageDebugResources UP-TO-DATE
> Task :core:notifications:generateDebugResValues UP-TO-DATE
> Task :core:notifications:generateDebugResources UP-TO-DATE
> Task :core:notifications:packageDebugResources UP-TO-DATE
> Task :core:security:generateDebugResValues UP-TO-DATE
> Task :core:security:generateDebugResources UP-TO-DATE
> Task :core:security:packageDebugResources UP-TO-DATE
> Task :core:ui:generateDebugResValues UP-TO-DATE
> Task :core:ui:generateDebugResources UP-TO-DATE
> Task :core:ui:packageDebugResources UP-TO-DATE
> Task :feature:appointments:generateDebugResValues UP-TO-DATE
> Task :feature:appointments:generateDebugResources UP-TO-DATE
> Task :feature:appointments:packageDebugResources UP-TO-DATE
> Task :feature:dashboard:generateDebugResValues UP-TO-DATE
> Task :feature:dashboard:generateDebugResources UP-TO-DATE
> Task :feature:dashboard:packageDebugResources UP-TO-DATE
> Task :feature:medications:generateDebugResValues UP-TO-DATE
> Task :feature:medications:generateDebugResources UP-TO-DATE
> Task :feature:medications:packageDebugResources UP-TO-DATE
> Task :feature:onboarding:generateDebugResValues UP-TO-DATE
> Task :feature:onboarding:generateDebugResources UP-TO-DATE
> Task :feature:onboarding:packageDebugResources UP-TO-DATE
> Task :feature:profile:generateDebugResValues UP-TO-DATE
> Task :feature:profile:generateDebugResources UP-TO-DATE
> Task :feature:profile:packageDebugResources UP-TO-DATE
> Task :feature:records:generateDebugResValues UP-TO-DATE
> Task :feature:records:generateDebugResources UP-TO-DATE
> Task :feature:records:packageDebugResources UP-TO-DATE
> Task :feature:reminders:generateDebugResValues UP-TO-DATE
> Task :feature:reminders:generateDebugResources UP-TO-DATE
> Task :feature:reminders:packageDebugResources UP-TO-DATE
> Task :feature:reports:generateDebugResValues UP-TO-DATE
> Task :feature:reports:generateDebugResources UP-TO-DATE
> Task :feature:reports:packageDebugResources UP-TO-DATE
> Task :feature:settings:generateDebugResValues UP-TO-DATE
> Task :feature:settings:generateDebugResources UP-TO-DATE
> Task :feature:settings:packageDebugResources UP-TO-DATE
> Task :feature:symptoms:generateDebugResValues UP-TO-DATE
> Task :feature:symptoms:generateDebugResources UP-TO-DATE
> Task :feature:symptoms:packageDebugResources UP-TO-DATE
> Task :feature:timeline:generateDebugResValues UP-TO-DATE
> Task :feature:timeline:generateDebugResources UP-TO-DATE
> Task :feature:timeline:packageDebugResources UP-TO-DATE
> Task :app:mapDebugSourceSetPaths UP-TO-DATE
> Task :app:generateDebugResources UP-TO-DATE
> Task :app:mergeDebugResources UP-TO-DATE
> Task :app:packageDebugResources UP-TO-DATE
> Task :app:parseDebugLocalResources UP-TO-DATE
> Task :app:createDebugCompatibleScreenManifests UP-TO-DATE
> Task :app:extractDeepLinksDebug UP-TO-DATE
> Task :core:database:extractDeepLinksDebug UP-TO-DATE
> Task :core:database:processDebugManifest UP-TO-DATE
> Task :core:datastore:extractDeepLinksDebug UP-TO-DATE
> Task :core:datastore:processDebugManifest UP-TO-DATE
> Task :core:designsystem:extractDeepLinksDebug UP-TO-DATE
> Task :core:designsystem:processDebugManifest UP-TO-DATE
> Task :core:files:extractDeepLinksDebug UP-TO-DATE
> Task :core:files:processDebugManifest UP-TO-DATE
> Task :core:notifications:extractDeepLinksDebug UP-TO-DATE
> Task :core:notifications:processDebugManifest UP-TO-DATE
> Task :core:security:extractDeepLinksDebug UP-TO-DATE
> Task :core:security:processDebugManifest UP-TO-DATE
> Task :core:ui:extractDeepLinksDebug UP-TO-DATE
> Task :core:ui:processDebugManifest UP-TO-DATE
> Task :feature:appointments:extractDeepLinksDebug UP-TO-DATE
> Task :feature:appointments:processDebugManifest UP-TO-DATE
> Task :feature:dashboard:extractDeepLinksDebug UP-TO-DATE
> Task :feature:dashboard:processDebugManifest UP-TO-DATE
> Task :feature:medications:extractDeepLinksDebug UP-TO-DATE
> Task :feature:medications:processDebugManifest UP-TO-DATE
> Task :feature:onboarding:extractDeepLinksDebug UP-TO-DATE
> Task :feature:onboarding:processDebugManifest UP-TO-DATE
> Task :feature:profile:extractDeepLinksDebug UP-TO-DATE
> Task :feature:profile:processDebugManifest UP-TO-DATE
> Task :feature:records:extractDeepLinksDebug UP-TO-DATE
> Task :feature:records:processDebugManifest UP-TO-DATE
> Task :feature:reminders:extractDeepLinksDebug UP-TO-DATE
> Task :feature:reminders:processDebugManifest UP-TO-DATE
> Task :feature:reports:extractDeepLinksDebug UP-TO-DATE
> Task :feature:reports:processDebugManifest UP-TO-DATE
> Task :feature:settings:extractDeepLinksDebug UP-TO-DATE
> Task :feature:settings:processDebugManifest UP-TO-DATE
> Task :feature:symptoms:extractDeepLinksDebug UP-TO-DATE
> Task :feature:symptoms:processDebugManifest UP-TO-DATE
> Task :feature:timeline:extractDeepLinksDebug UP-TO-DATE
> Task :feature:timeline:processDebugManifest UP-TO-DATE
> Task :app:processDebugMainManifest UP-TO-DATE
> Task :app:processDebugManifest UP-TO-DATE
> Task :app:processDebugManifestForPackage UP-TO-DATE
> Task :core:database:compileDebugLibraryResources UP-TO-DATE
> Task :core:database:parseDebugLocalResources UP-TO-DATE
> Task :core:database:generateDebugRFile UP-TO-DATE
> Task :core:datastore:compileDebugLibraryResources UP-TO-DATE
> Task :core:datastore:parseDebugLocalResources UP-TO-DATE
> Task :core:datastore:generateDebugRFile UP-TO-DATE
> Task :core:designsystem:compileDebugLibraryResources UP-TO-DATE
> Task :core:designsystem:parseDebugLocalResources UP-TO-DATE
> Task :core:designsystem:generateDebugRFile UP-TO-DATE
> Task :core:files:compileDebugLibraryResources UP-TO-DATE
> Task :core:files:parseDebugLocalResources UP-TO-DATE
> Task :core:files:generateDebugRFile UP-TO-DATE
> Task :core:notifications:compileDebugLibraryResources UP-TO-DATE
> Task :core:notifications:parseDebugLocalResources UP-TO-DATE
> Task :core:notifications:generateDebugRFile UP-TO-DATE
> Task :core:security:compileDebugLibraryResources UP-TO-DATE
> Task :core:security:parseDebugLocalResources UP-TO-DATE
> Task :core:security:generateDebugRFile UP-TO-DATE
> Task :core:ui:compileDebugLibraryResources UP-TO-DATE
> Task :core:ui:parseDebugLocalResources UP-TO-DATE
> Task :core:ui:generateDebugRFile UP-TO-DATE
> Task :feature:appointments:compileDebugLibraryResources UP-TO-DATE
> Task :feature:appointments:parseDebugLocalResources UP-TO-DATE
> Task :feature:appointments:generateDebugRFile UP-TO-DATE
> Task :feature:dashboard:compileDebugLibraryResources UP-TO-DATE
> Task :feature:dashboard:parseDebugLocalResources UP-TO-DATE
> Task :feature:dashboard:generateDebugRFile UP-TO-DATE
> Task :feature:medications:compileDebugLibraryResources UP-TO-DATE
> Task :feature:medications:parseDebugLocalResources UP-TO-DATE
> Task :feature:medications:generateDebugRFile UP-TO-DATE
> Task :feature:onboarding:compileDebugLibraryResources UP-TO-DATE
> Task :feature:onboarding:parseDebugLocalResources UP-TO-DATE
> Task :feature:onboarding:generateDebugRFile UP-TO-DATE
> Task :feature:profile:compileDebugLibraryResources UP-TO-DATE
> Task :feature:profile:parseDebugLocalResources UP-TO-DATE
> Task :feature:profile:generateDebugRFile UP-TO-DATE
> Task :feature:records:compileDebugLibraryResources UP-TO-DATE
> Task :feature:records:parseDebugLocalResources UP-TO-DATE
> Task :feature:records:generateDebugRFile UP-TO-DATE
> Task :feature:reminders:compileDebugLibraryResources UP-TO-DATE
> Task :feature:reminders:parseDebugLocalResources UP-TO-DATE
> Task :feature:reminders:generateDebugRFile UP-TO-DATE
> Task :feature:reports:compileDebugLibraryResources UP-TO-DATE
> Task :feature:reports:parseDebugLocalResources UP-TO-DATE
> Task :feature:reports:generateDebugRFile UP-TO-DATE
> Task :feature:settings:compileDebugLibraryResources UP-TO-DATE
> Task :feature:settings:parseDebugLocalResources UP-TO-DATE
> Task :feature:settings:generateDebugRFile UP-TO-DATE
> Task :feature:symptoms:compileDebugLibraryResources UP-TO-DATE
> Task :feature:symptoms:parseDebugLocalResources UP-TO-DATE
> Task :feature:symptoms:generateDebugRFile UP-TO-DATE
> Task :feature:timeline:compileDebugLibraryResources UP-TO-DATE
> Task :feature:timeline:parseDebugLocalResources UP-TO-DATE
> Task :feature:timeline:generateDebugRFile UP-TO-DATE
> Task :app:processDebugResources UP-TO-DATE
> Task :core:database:checkKotlinGradlePluginConfigurationErrors SKIPPED
> Task :core:database:kspDebugKotlin UP-TO-DATE
> Task :core:database:compileDebugKotlin UP-TO-DATE
> Task :core:database:javaPreCompileDebug UP-TO-DATE
> Task :core:database:compileDebugJavaWithJavac UP-TO-DATE
> Task :core:database:bundleLibCompileToJarDebug UP-TO-DATE
> Task :core:datastore:checkKotlinGradlePluginConfigurationErrors SKIPPED
> Task :core:datastore:compileDebugKotlin UP-TO-DATE
> Task :core:datastore:javaPreCompileDebug UP-TO-DATE
> Task :core:datastore:compileDebugJavaWithJavac NO-SOURCE
> Task :core:datastore:bundleLibCompileToJarDebug UP-TO-DATE
> Task :core:designsystem:checkKotlinGradlePluginConfigurationErrors SKIPPED
> Task :core:designsystem:compileDebugKotlin UP-TO-DATE
> Task :core:designsystem:javaPreCompileDebug UP-TO-DATE
> Task :core:designsystem:compileDebugJavaWithJavac NO-SOURCE
> Task :core:designsystem:bundleLibCompileToJarDebug UP-TO-DATE
> Task :core:files:checkKotlinGradlePluginConfigurationErrors SKIPPED
> Task :core:files:compileDebugKotlin UP-TO-DATE
> Task :core:files:javaPreCompileDebug UP-TO-DATE
> Task :core:files:compileDebugJavaWithJavac NO-SOURCE
> Task :core:files:bundleLibCompileToJarDebug UP-TO-DATE
> Task :core:notifications:checkKotlinGradlePluginConfigurationErrors SKIPPED
> Task :core:notifications:compileDebugKotlin UP-TO-DATE
> Task :core:notifications:javaPreCompileDebug UP-TO-DATE
> Task :core:notifications:compileDebugJavaWithJavac NO-SOURCE
> Task :core:notifications:bundleLibCompileToJarDebug UP-TO-DATE
> Task :core:security:checkKotlinGradlePluginConfigurationErrors SKIPPED
> Task :core:security:compileDebugKotlin UP-TO-DATE
> Task :core:security:javaPreCompileDebug UP-TO-DATE
> Task :core:security:compileDebugJavaWithJavac NO-SOURCE
> Task :core:security:bundleLibCompileToJarDebug UP-TO-DATE
> Task :core:ui:checkKotlinGradlePluginConfigurationErrors SKIPPED
> Task :core:ui:compileDebugKotlin UP-TO-DATE
> Task :core:ui:javaPreCompileDebug UP-TO-DATE
> Task :core:ui:compileDebugJavaWithJavac NO-SOURCE
> Task :core:ui:bundleLibCompileToJarDebug UP-TO-DATE
> Task :feature:appointments:checkKotlinGradlePluginConfigurationErrors SKIPPED
> Task :feature:appointments:compileDebugKotlin UP-TO-DATE
> Task :feature:appointments:javaPreCompileDebug UP-TO-DATE
> Task :feature:appointments:compileDebugJavaWithJavac NO-SOURCE
> Task :feature:appointments:bundleLibCompileToJarDebug UP-TO-DATE
> Task :feature:dashboard:checkKotlinGradlePluginConfigurationErrors SKIPPED
> Task :feature:dashboard:compileDebugKotlin UP-TO-DATE
> Task :feature:dashboard:javaPreCompileDebug UP-TO-DATE
> Task :feature:dashboard:compileDebugJavaWithJavac NO-SOURCE
> Task :feature:dashboard:bundleLibCompileToJarDebug UP-TO-DATE
> Task :feature:medications:checkKotlinGradlePluginConfigurationErrors SKIPPED
> Task :feature:medications:compileDebugKotlin UP-TO-DATE
> Task :feature:medications:javaPreCompileDebug UP-TO-DATE
> Task :feature:medications:compileDebugJavaWithJavac NO-SOURCE
> Task :feature:medications:bundleLibCompileToJarDebug UP-TO-DATE
> Task :feature:onboarding:checkKotlinGradlePluginConfigurationErrors SKIPPED
> Task :feature:onboarding:compileDebugKotlin UP-TO-DATE
> Task :feature:onboarding:javaPreCompileDebug UP-TO-DATE
> Task :feature:onboarding:compileDebugJavaWithJavac NO-SOURCE
> Task :feature:onboarding:bundleLibCompileToJarDebug UP-TO-DATE
> Task :feature:profile:checkKotlinGradlePluginConfigurationErrors SKIPPED
> Task :feature:profile:compileDebugKotlin UP-TO-DATE
> Task :feature:profile:javaPreCompileDebug UP-TO-DATE
> Task :feature:profile:compileDebugJavaWithJavac NO-SOURCE
> Task :feature:profile:bundleLibCompileToJarDebug UP-TO-DATE
> Task :feature:records:checkKotlinGradlePluginConfigurationErrors SKIPPED
> Task :feature:records:compileDebugKotlin UP-TO-DATE
> Task :feature:records:javaPreCompileDebug UP-TO-DATE
> Task :feature:records:compileDebugJavaWithJavac NO-SOURCE
> Task :feature:records:bundleLibCompileToJarDebug UP-TO-DATE
> Task :feature:reminders:checkKotlinGradlePluginConfigurationErrors SKIPPED
> Task :feature:reminders:compileDebugKotlin UP-TO-DATE
> Task :feature:reminders:javaPreCompileDebug UP-TO-DATE
> Task :feature:reminders:compileDebugJavaWithJavac NO-SOURCE
> Task :feature:reminders:bundleLibCompileToJarDebug UP-TO-DATE
> Task :feature:reports:checkKotlinGradlePluginConfigurationErrors SKIPPED
> Task :feature:reports:compileDebugKotlin UP-TO-DATE
> Task :feature:reports:javaPreCompileDebug UP-TO-DATE
> Task :feature:reports:compileDebugJavaWithJavac NO-SOURCE
> Task :feature:reports:bundleLibCompileToJarDebug UP-TO-DATE
> Task :feature:settings:checkKotlinGradlePluginConfigurationErrors SKIPPED
> Task :feature:settings:compileDebugKotlin UP-TO-DATE
> Task :feature:settings:javaPreCompileDebug UP-TO-DATE
> Task :feature:settings:compileDebugJavaWithJavac NO-SOURCE
> Task :feature:settings:bundleLibCompileToJarDebug UP-TO-DATE
> Task :feature:symptoms:checkKotlinGradlePluginConfigurationErrors SKIPPED
> Task :feature:symptoms:compileDebugKotlin UP-TO-DATE
> Task :feature:symptoms:javaPreCompileDebug UP-TO-DATE
> Task :feature:symptoms:compileDebugJavaWithJavac NO-SOURCE
> Task :feature:symptoms:bundleLibCompileToJarDebug UP-TO-DATE
> Task :feature:timeline:checkKotlinGradlePluginConfigurationErrors SKIPPED
> Task :feature:timeline:compileDebugKotlin UP-TO-DATE
> Task :feature:timeline:javaPreCompileDebug UP-TO-DATE
> Task :feature:timeline:compileDebugJavaWithJavac NO-SOURCE
> Task :feature:timeline:bundleLibCompileToJarDebug UP-TO-DATE
> Task :app:kspDebugKotlin UP-TO-DATE
> Task :app:compileDebugKotlin UP-TO-DATE
> Task :app:javaPreCompileDebug UP-TO-DATE
> Task :app:compileDebugJavaWithJavac UP-TO-DATE
> Task :app:mergeDebugShaders UP-TO-DATE
> Task :app:compileDebugShaders NO-SOURCE
> Task :app:generateDebugAssets UP-TO-DATE
> Task :core:database:mergeDebugShaders UP-TO-DATE
> Task :core:database:compileDebugShaders NO-SOURCE
> Task :core:database:generateDebugAssets UP-TO-DATE
> Task :core:database:packageDebugAssets UP-TO-DATE
> Task :core:datastore:mergeDebugShaders UP-TO-DATE
> Task :core:datastore:compileDebugShaders NO-SOURCE
> Task :core:datastore:generateDebugAssets UP-TO-DATE
> Task :core:datastore:packageDebugAssets UP-TO-DATE
> Task :core:designsystem:mergeDebugShaders UP-TO-DATE
> Task :core:designsystem:compileDebugShaders NO-SOURCE
> Task :core:designsystem:generateDebugAssets UP-TO-DATE
> Task :core:designsystem:packageDebugAssets UP-TO-DATE
> Task :core:files:mergeDebugShaders UP-TO-DATE
> Task :core:files:compileDebugShaders NO-SOURCE
> Task :core:files:generateDebugAssets UP-TO-DATE
> Task :core:files:packageDebugAssets UP-TO-DATE
> Task :core:notifications:mergeDebugShaders UP-TO-DATE
> Task :core:notifications:compileDebugShaders NO-SOURCE
> Task :core:notifications:generateDebugAssets UP-TO-DATE
> Task :core:notifications:packageDebugAssets UP-TO-DATE
> Task :core:security:mergeDebugShaders UP-TO-DATE
> Task :core:security:compileDebugShaders NO-SOURCE
> Task :core:security:generateDebugAssets UP-TO-DATE
> Task :core:security:packageDebugAssets UP-TO-DATE
> Task :core:ui:mergeDebugShaders UP-TO-DATE
> Task :core:ui:compileDebugShaders NO-SOURCE
> Task :core:ui:generateDebugAssets UP-TO-DATE
> Task :core:ui:packageDebugAssets UP-TO-DATE
> Task :feature:appointments:mergeDebugShaders UP-TO-DATE
> Task :feature:appointments:compileDebugShaders NO-SOURCE
> Task :feature:appointments:generateDebugAssets UP-TO-DATE
> Task :feature:appointments:packageDebugAssets UP-TO-DATE
> Task :feature:dashboard:mergeDebugShaders UP-TO-DATE
> Task :feature:dashboard:compileDebugShaders NO-SOURCE
> Task :feature:dashboard:generateDebugAssets UP-TO-DATE
> Task :feature:dashboard:packageDebugAssets UP-TO-DATE
> Task :feature:medications:mergeDebugShaders UP-TO-DATE
> Task :feature:medications:compileDebugShaders NO-SOURCE
> Task :feature:medications:generateDebugAssets UP-TO-DATE
> Task :feature:medications:packageDebugAssets UP-TO-DATE
> Task :feature:onboarding:mergeDebugShaders UP-TO-DATE
> Task :feature:onboarding:compileDebugShaders NO-SOURCE
> Task :feature:onboarding:generateDebugAssets UP-TO-DATE
> Task :feature:onboarding:packageDebugAssets UP-TO-DATE
> Task :feature:profile:mergeDebugShaders UP-TO-DATE
> Task :feature:profile:compileDebugShaders NO-SOURCE
> Task :feature:profile:generateDebugAssets UP-TO-DATE
> Task :feature:profile:packageDebugAssets UP-TO-DATE
> Task :feature:records:mergeDebugShaders UP-TO-DATE
> Task :feature:records:compileDebugShaders NO-SOURCE
> Task :feature:records:generateDebugAssets UP-TO-DATE
> Task :feature:records:packageDebugAssets UP-TO-DATE
> Task :feature:reminders:mergeDebugShaders UP-TO-DATE
> Task :feature:reminders:compileDebugShaders NO-SOURCE
> Task :feature:reminders:generateDebugAssets UP-TO-DATE
> Task :feature:reminders:packageDebugAssets UP-TO-DATE
> Task :feature:reports:mergeDebugShaders UP-TO-DATE
> Task :feature:reports:compileDebugShaders NO-SOURCE
> Task :feature:reports:generateDebugAssets UP-TO-DATE
> Task :feature:reports:packageDebugAssets UP-TO-DATE
> Task :feature:settings:mergeDebugShaders UP-TO-DATE
> Task :feature:settings:compileDebugShaders NO-SOURCE
> Task :feature:settings:generateDebugAssets UP-TO-DATE
> Task :feature:settings:packageDebugAssets UP-TO-DATE
> Task :feature:symptoms:mergeDebugShaders UP-TO-DATE
> Task :feature:symptoms:compileDebugShaders NO-SOURCE
> Task :feature:symptoms:generateDebugAssets UP-TO-DATE
> Task :feature:symptoms:packageDebugAssets UP-TO-DATE
> Task :feature:timeline:mergeDebugShaders UP-TO-DATE
> Task :feature:timeline:compileDebugShaders NO-SOURCE
> Task :feature:timeline:generateDebugAssets UP-TO-DATE
> Task :feature:timeline:packageDebugAssets UP-TO-DATE
> Task :app:mergeDebugAssets UP-TO-DATE
> Task :app:compressDebugAssets UP-TO-DATE
> Task :core:notifications:bundleLibRuntimeToJarDebug UP-TO-DATE
> Task :core:database:bundleLibRuntimeToJarDebug UP-TO-DATE
> Task :core:security:bundleLibRuntimeToJarDebug UP-TO-DATE
> Task :core:files:bundleLibRuntimeToJarDebug UP-TO-DATE
> Task :core:datastore:bundleLibRuntimeToJarDebug UP-TO-DATE
> Task :feature:onboarding:bundleLibRuntimeToJarDebug UP-TO-DATE
> Task :feature:dashboard:bundleLibRuntimeToJarDebug UP-TO-DATE
> Task :feature:profile:bundleLibRuntimeToJarDebug UP-TO-DATE
> Task :feature:timeline:bundleLibRuntimeToJarDebug UP-TO-DATE
> Task :feature:symptoms:bundleLibRuntimeToJarDebug UP-TO-DATE
> Task :feature:records:bundleLibRuntimeToJarDebug UP-TO-DATE
> Task :feature:medications:bundleLibRuntimeToJarDebug UP-TO-DATE
> Task :feature:reminders:bundleLibRuntimeToJarDebug UP-TO-DATE
> Task :feature:appointments:bundleLibRuntimeToJarDebug UP-TO-DATE
> Task :feature:reports:bundleLibRuntimeToJarDebug UP-TO-DATE
> Task :feature:settings:bundleLibRuntimeToJarDebug UP-TO-DATE
> Task :core:ui:bundleLibRuntimeToJarDebug UP-TO-DATE
> Task :core:designsystem:bundleLibRuntimeToJarDebug UP-TO-DATE
> Task :app:desugarDebugFileDependencies UP-TO-DATE
> Task :app:hiltAggregateDepsDebug UP-TO-DATE
> Task :app:hiltJavaCompileDebug UP-TO-DATE
> Task :app:transformDebugClassesWithAsm UP-TO-DATE
> Task :app:dexBuilderDebug UP-TO-DATE
> Task :app:mergeDebugGlobalSynthetics UP-TO-DATE
> Task :app:processDebugJavaRes UP-TO-DATE
> Task :core:database:processDebugJavaRes UP-TO-DATE
> Task :core:datastore:processDebugJavaRes UP-TO-DATE
> Task :core:designsystem:processDebugJavaRes UP-TO-DATE
> Task :core:files:processDebugJavaRes UP-TO-DATE
> Task :core:notifications:processDebugJavaRes UP-TO-DATE
> Task :core:security:processDebugJavaRes UP-TO-DATE
> Task :core:ui:processDebugJavaRes UP-TO-DATE
> Task :feature:appointments:processDebugJavaRes UP-TO-DATE
> Task :feature:dashboard:processDebugJavaRes UP-TO-DATE
> Task :feature:medications:processDebugJavaRes UP-TO-DATE
> Task :feature:onboarding:processDebugJavaRes UP-TO-DATE
> Task :feature:profile:processDebugJavaRes UP-TO-DATE
> Task :feature:records:processDebugJavaRes UP-TO-DATE
> Task :feature:reminders:processDebugJavaRes UP-TO-DATE
> Task :feature:reports:processDebugJavaRes UP-TO-DATE
> Task :feature:settings:processDebugJavaRes UP-TO-DATE
> Task :feature:symptoms:processDebugJavaRes UP-TO-DATE
> Task :feature:timeline:processDebugJavaRes UP-TO-DATE
> Task :app:mergeDebugJavaResource UP-TO-DATE
> Task :app:checkDebugDuplicateClasses UP-TO-DATE
> Task :app:mergeExtDexDebug UP-TO-DATE
> Task :core:notifications:bundleLibRuntimeToDirDebug UP-TO-DATE
> Task :core:database:bundleLibRuntimeToDirDebug UP-TO-DATE
> Task :core:security:bundleLibRuntimeToDirDebug UP-TO-DATE
> Task :core:files:bundleLibRuntimeToDirDebug UP-TO-DATE
> Task :core:datastore:bundleLibRuntimeToDirDebug UP-TO-DATE
> Task :feature:onboarding:bundleLibRuntimeToDirDebug UP-TO-DATE
> Task :feature:dashboard:bundleLibRuntimeToDirDebug UP-TO-DATE
> Task :feature:profile:bundleLibRuntimeToDirDebug UP-TO-DATE
> Task :feature:timeline:bundleLibRuntimeToDirDebug UP-TO-DATE
> Task :feature:symptoms:bundleLibRuntimeToDirDebug UP-TO-DATE
> Task :feature:records:bundleLibRuntimeToDirDebug UP-TO-DATE
> Task :feature:medications:bundleLibRuntimeToDirDebug UP-TO-DATE
> Task :feature:reminders:bundleLibRuntimeToDirDebug UP-TO-DATE
> Task :feature:appointments:bundleLibRuntimeToDirDebug UP-TO-DATE
> Task :feature:reports:bundleLibRuntimeToDirDebug UP-TO-DATE
> Task :feature:settings:bundleLibRuntimeToDirDebug UP-TO-DATE
> Task :core:ui:bundleLibRuntimeToDirDebug UP-TO-DATE
> Task :core:designsystem:bundleLibRuntimeToDirDebug UP-TO-DATE
> Task :app:mergeProjectDexDebug UP-TO-DATE
> Task :app:mergeLibDexDebug UP-TO-DATE
> Task :app:mergeDebugJniLibFolders UP-TO-DATE
> Task :core:database:mergeDebugJniLibFolders UP-TO-DATE
> Task :core:database:mergeDebugNativeLibs NO-SOURCE
> Task :core:database:copyDebugJniLibsProjectOnly UP-TO-DATE
> Task :core:datastore:mergeDebugJniLibFolders UP-TO-DATE
> Task :core:datastore:mergeDebugNativeLibs NO-SOURCE
> Task :core:datastore:copyDebugJniLibsProjectOnly UP-TO-DATE
> Task :core:designsystem:mergeDebugJniLibFolders UP-TO-DATE
> Task :core:designsystem:mergeDebugNativeLibs NO-SOURCE
> Task :core:designsystem:copyDebugJniLibsProjectOnly UP-TO-DATE
> Task :core:files:mergeDebugJniLibFolders UP-TO-DATE
> Task :core:files:mergeDebugNativeLibs NO-SOURCE
> Task :core:files:copyDebugJniLibsProjectOnly UP-TO-DATE
> Task :core:notifications:mergeDebugJniLibFolders UP-TO-DATE
> Task :core:notifications:mergeDebugNativeLibs NO-SOURCE
> Task :core:notifications:copyDebugJniLibsProjectOnly UP-TO-DATE
> Task :core:security:mergeDebugJniLibFolders UP-TO-DATE
> Task :core:security:mergeDebugNativeLibs NO-SOURCE
> Task :core:security:copyDebugJniLibsProjectOnly UP-TO-DATE
> Task :core:ui:mergeDebugJniLibFolders UP-TO-DATE
> Task :core:ui:mergeDebugNativeLibs NO-SOURCE
> Task :core:ui:copyDebugJniLibsProjectOnly UP-TO-DATE
> Task :feature:appointments:mergeDebugJniLibFolders UP-TO-DATE
> Task :feature:appointments:mergeDebugNativeLibs NO-SOURCE
> Task :feature:appointments:copyDebugJniLibsProjectOnly UP-TO-DATE
> Task :feature:dashboard:mergeDebugJniLibFolders UP-TO-DATE
> Task :feature:dashboard:mergeDebugNativeLibs NO-SOURCE
> Task :feature:dashboard:copyDebugJniLibsProjectOnly UP-TO-DATE
> Task :feature:medications:mergeDebugJniLibFolders UP-TO-DATE
> Task :feature:medications:mergeDebugNativeLibs NO-SOURCE
> Task :feature:medications:copyDebugJniLibsProjectOnly UP-TO-DATE
> Task :feature:onboarding:mergeDebugJniLibFolders UP-TO-DATE
> Task :feature:onboarding:mergeDebugNativeLibs NO-SOURCE
> Task :feature:onboarding:copyDebugJniLibsProjectOnly UP-TO-DATE
> Task :feature:profile:mergeDebugJniLibFolders UP-TO-DATE
> Task :feature:profile:mergeDebugNativeLibs NO-SOURCE
> Task :feature:profile:copyDebugJniLibsProjectOnly UP-TO-DATE
> Task :feature:records:mergeDebugJniLibFolders UP-TO-DATE
> Task :feature:records:mergeDebugNativeLibs NO-SOURCE
> Task :feature:records:copyDebugJniLibsProjectOnly UP-TO-DATE
> Task :feature:reminders:mergeDebugJniLibFolders UP-TO-DATE
> Task :feature:reminders:mergeDebugNativeLibs NO-SOURCE
> Task :feature:reminders:copyDebugJniLibsProjectOnly UP-TO-DATE
> Task :feature:reports:mergeDebugJniLibFolders UP-TO-DATE
> Task :feature:reports:mergeDebugNativeLibs NO-SOURCE
> Task :feature:reports:copyDebugJniLibsProjectOnly UP-TO-DATE
> Task :feature:settings:mergeDebugJniLibFolders UP-TO-DATE
> Task :feature:settings:mergeDebugNativeLibs NO-SOURCE
> Task :feature:settings:copyDebugJniLibsProjectOnly UP-TO-DATE
> Task :feature:symptoms:mergeDebugJniLibFolders UP-TO-DATE
> Task :feature:symptoms:mergeDebugNativeLibs NO-SOURCE
> Task :feature:symptoms:copyDebugJniLibsProjectOnly UP-TO-DATE
> Task :feature:timeline:mergeDebugJniLibFolders UP-TO-DATE
> Task :feature:timeline:mergeDebugNativeLibs NO-SOURCE
> Task :feature:timeline:copyDebugJniLibsProjectOnly UP-TO-DATE
> Task :app:mergeDebugNativeLibs UP-TO-DATE
> Task :app:stripDebugDebugSymbols UP-TO-DATE
> Task :app:validateSigningDebug UP-TO-DATE
> Task :app:writeDebugAppMetadata UP-TO-DATE
> Task :app:writeDebugSigningConfigVersions UP-TO-DATE
> Task :app:packageDebug UP-TO-DATE
> Task :app:createDebugApkListingFileRedirect UP-TO-DATE
> Task :app:bundleDebugClassesToCompileJar UP-TO-DATE
> Task :app:preDebugAndroidTestBuild SKIPPED
> Task :app:checkDebugAndroidTestAarMetadata UP-TO-DATE
> Task :app:generateDebugAndroidTestResValues UP-TO-DATE
> Task :app:mapDebugAndroidTestSourceSetPaths UP-TO-DATE
> Task :app:generateDebugAndroidTestResources UP-TO-DATE
> Task :app:mergeDebugAndroidTestResources UP-TO-DATE
> Task :app:processDebugAndroidTestManifest UP-TO-DATE
> Task :app:processDebugAndroidTestResources UP-TO-DATE
> Task :app:kspDebugAndroidTestKotlin UP-TO-DATE
> Task :app:compileDebugAndroidTestKotlin UP-TO-DATE
> Task :app:javaPreCompileDebugAndroidTest UP-TO-DATE
> Task :app:compileDebugAndroidTestJavaWithJavac NO-SOURCE
> Task :app:mergeDebugAndroidTestShaders UP-TO-DATE
> Task :app:compileDebugAndroidTestShaders NO-SOURCE
> Task :app:generateDebugAndroidTestAssets UP-TO-DATE
> Task :app:mergeDebugAndroidTestAssets UP-TO-DATE
> Task :app:compressDebugAndroidTestAssets UP-TO-DATE
> Task :app:desugarDebugAndroidTestFileDependencies UP-TO-DATE
> Task :app:hiltAggregateDepsDebugAndroidTest UP-TO-DATE
> Task :app:hiltJavaCompileDebugAndroidTest NO-SOURCE
> Task :app:transformDebugAndroidTestClassesWithAsm UP-TO-DATE
> Task :app:dexBuilderDebugAndroidTest UP-TO-DATE
> Task :app:mergeDebugAndroidTestGlobalSynthetics UP-TO-DATE
> Task :app:processDebugAndroidTestJavaRes UP-TO-DATE
> Task :app:mergeDebugAndroidTestJavaResource UP-TO-DATE
> Task :app:checkDebugAndroidTestDuplicateClasses UP-TO-DATE
> Task :app:mergeExtDexDebugAndroidTest UP-TO-DATE
> Task :app:mergeLibDexDebugAndroidTest UP-TO-DATE
> Task :app:mergeProjectDexDebugAndroidTest UP-TO-DATE
> Task :app:mergeDebugAndroidTestJniLibFolders UP-TO-DATE
> Task :app:mergeDebugAndroidTestNativeLibs NO-SOURCE
> Task :app:stripDebugAndroidTestDebugSymbols NO-SOURCE
> Task :app:validateSigningDebugAndroidTest UP-TO-DATE
> Task :app:writeDebugAndroidTestSigningConfigVersions UP-TO-DATE
> Task :app:packageDebugAndroidTest UP-TO-DATE
> Task :app:createDebugAndroidTestApkListingFileRedirect UP-TO-DATE

> Task :app:connectedDebugAndroidTest
Starting 7 tests on Android_26_Test(AVD) - 8.0.0

Android_26_Test(AVD) - 8.0.0 Tests 1/7 completed. (0 skipped) (0 failed)
Android_26_Test(AVD) - 8.0.0 Tests 7/7 completed. (0 skipped) (0 failed)
Finished 7 tests on Android_26_Test(AVD) - 8.0.0

> Task :app:connectedAndroidTest
> Task :app:connectedCheck
> Task :core:database:preDebugAndroidTestBuild UP-TO-DATE
> Task :core:database:checkDebugAndroidTestAarMetadata UP-TO-DATE
> Task :core:database:generateDebugAndroidTestResValues UP-TO-DATE
> Task :core:database:mapDebugAndroidTestSourceSetPaths UP-TO-DATE
> Task :core:database:generateDebugAndroidTestResources UP-TO-DATE
> Task :core:database:mergeDebugAndroidTestResources UP-TO-DATE
> Task :core:database:processDebugAndroidTestManifest UP-TO-DATE
> Task :core:database:processDebugAndroidTestResources UP-TO-DATE
> Task :core:database:kspDebugAndroidTestKotlin NO-SOURCE
> Task :core:database:compileDebugAndroidTestKotlin NO-SOURCE
> Task :core:database:javaPreCompileDebugAndroidTest UP-TO-DATE
> Task :core:database:compileDebugAndroidTestJavaWithJavac NO-SOURCE
> Task :core:database:mergeDebugAndroidTestShaders UP-TO-DATE
> Task :core:database:compileDebugAndroidTestShaders NO-SOURCE
> Task :core:database:generateDebugAndroidTestAssets UP-TO-DATE
> Task :core:database:mergeDebugAndroidTestAssets UP-TO-DATE
> Task :core:database:compressDebugAndroidTestAssets UP-TO-DATE
> Task :core:database:desugarDebugAndroidTestFileDependencies UP-TO-DATE
> Task :core:database:dexBuilderDebugAndroidTest UP-TO-DATE
> Task :core:database:mergeDebugAndroidTestGlobalSynthetics UP-TO-DATE
> Task :core:database:processDebugAndroidTestJavaRes NO-SOURCE
> Task :core:database:mergeDebugAndroidTestJavaResource UP-TO-DATE
> Task :core:database:checkDebugAndroidTestDuplicateClasses UP-TO-DATE
> Task :core:database:mergeExtDexDebugAndroidTest UP-TO-DATE
> Task :core:database:mergeLibDexDebugAndroidTest UP-TO-DATE
> Task :core:database:mergeProjectDexDebugAndroidTest UP-TO-DATE
> Task :core:database:mergeDebugAndroidTestJniLibFolders UP-TO-DATE
> Task :core:database:mergeDebugAndroidTestNativeLibs NO-SOURCE
> Task :core:database:stripDebugAndroidTestDebugSymbols NO-SOURCE
> Task :core:database:validateSigningDebugAndroidTest UP-TO-DATE
> Task :core:database:writeDebugAndroidTestSigningConfigVersions UP-TO-DATE
> Task :core:database:packageDebugAndroidTest UP-TO-DATE
> Task :core:database:createDebugAndroidTestApkListingFileRedirect UP-TO-DATE
> Task :core:database:connectedDebugAndroidTest
> Task :core:database:connectedAndroidTest
> Task :core:database:connectedCheck
> Task :core:datastore:preDebugAndroidTestBuild UP-TO-DATE
> Task :core:datastore:checkDebugAndroidTestAarMetadata UP-TO-DATE
> Task :core:datastore:generateDebugAndroidTestResValues UP-TO-DATE
> Task :core:datastore:mapDebugAndroidTestSourceSetPaths UP-TO-DATE
> Task :core:datastore:generateDebugAndroidTestResources UP-TO-DATE
> Task :core:datastore:mergeDebugAndroidTestResources UP-TO-DATE
> Task :core:datastore:processDebugAndroidTestManifest UP-TO-DATE
> Task :core:datastore:processDebugAndroidTestResources UP-TO-DATE
> Task :core:datastore:compileDebugAndroidTestKotlin NO-SOURCE
> Task :core:datastore:javaPreCompileDebugAndroidTest UP-TO-DATE
> Task :core:datastore:compileDebugAndroidTestJavaWithJavac NO-SOURCE
> Task :core:datastore:mergeDebugAndroidTestShaders UP-TO-DATE
> Task :core:datastore:compileDebugAndroidTestShaders NO-SOURCE
> Task :core:datastore:generateDebugAndroidTestAssets UP-TO-DATE
> Task :core:datastore:mergeDebugAndroidTestAssets UP-TO-DATE
> Task :core:datastore:compressDebugAndroidTestAssets UP-TO-DATE
> Task :core:datastore:desugarDebugAndroidTestFileDependencies UP-TO-DATE
> Task :core:datastore:dexBuilderDebugAndroidTest UP-TO-DATE
> Task :core:datastore:mergeDebugAndroidTestGlobalSynthetics UP-TO-DATE
> Task :core:datastore:processDebugAndroidTestJavaRes NO-SOURCE
> Task :core:datastore:mergeDebugAndroidTestJavaResource UP-TO-DATE
> Task :core:datastore:checkDebugAndroidTestDuplicateClasses UP-TO-DATE
> Task :core:datastore:mergeExtDexDebugAndroidTest UP-TO-DATE
> Task :core:datastore:mergeLibDexDebugAndroidTest UP-TO-DATE
> Task :core:datastore:mergeProjectDexDebugAndroidTest UP-TO-DATE
> Task :core:datastore:mergeDebugAndroidTestJniLibFolders UP-TO-DATE
> Task :core:datastore:mergeDebugAndroidTestNativeLibs UP-TO-DATE
> Task :core:datastore:stripDebugAndroidTestDebugSymbols UP-TO-DATE
> Task :core:datastore:validateSigningDebugAndroidTest UP-TO-DATE
> Task :core:datastore:writeDebugAndroidTestSigningConfigVersions UP-TO-DATE
> Task :core:datastore:packageDebugAndroidTest UP-TO-DATE
> Task :core:datastore:createDebugAndroidTestApkListingFileRedirect UP-TO-DATE
> Task :core:datastore:connectedDebugAndroidTest
> Task :core:datastore:connectedAndroidTest
> Task :core:datastore:connectedCheck
> Task :core:designsystem:preDebugAndroidTestBuild UP-TO-DATE
> Task :core:designsystem:checkDebugAndroidTestAarMetadata UP-TO-DATE
> Task :core:designsystem:generateDebugAndroidTestResValues UP-TO-DATE
> Task :core:designsystem:mapDebugAndroidTestSourceSetPaths UP-TO-DATE
> Task :core:designsystem:generateDebugAndroidTestResources UP-TO-DATE
> Task :core:designsystem:mergeDebugAndroidTestResources UP-TO-DATE
> Task :core:designsystem:processDebugAndroidTestManifest UP-TO-DATE
> Task :core:designsystem:processDebugAndroidTestResources UP-TO-DATE
> Task :core:designsystem:compileDebugAndroidTestKotlin NO-SOURCE
> Task :core:designsystem:javaPreCompileDebugAndroidTest UP-TO-DATE
> Task :core:designsystem:compileDebugAndroidTestJavaWithJavac NO-SOURCE
> Task :core:designsystem:mergeDebugAndroidTestShaders UP-TO-DATE
> Task :core:designsystem:compileDebugAndroidTestShaders NO-SOURCE
> Task :core:designsystem:generateDebugAndroidTestAssets UP-TO-DATE
> Task :core:designsystem:mergeDebugAndroidTestAssets UP-TO-DATE
> Task :core:designsystem:compressDebugAndroidTestAssets UP-TO-DATE
> Task :core:designsystem:desugarDebugAndroidTestFileDependencies UP-TO-DATE
> Task :core:designsystem:dexBuilderDebugAndroidTest UP-TO-DATE
> Task :core:designsystem:mergeDebugAndroidTestGlobalSynthetics UP-TO-DATE
> Task :core:designsystem:processDebugAndroidTestJavaRes NO-SOURCE
> Task :core:designsystem:mergeDebugAndroidTestJavaResource UP-TO-DATE
> Task :core:designsystem:checkDebugAndroidTestDuplicateClasses UP-TO-DATE
> Task :core:designsystem:mergeExtDexDebugAndroidTest UP-TO-DATE
> Task :core:designsystem:mergeLibDexDebugAndroidTest UP-TO-DATE
> Task :core:designsystem:mergeProjectDexDebugAndroidTest UP-TO-DATE
> Task :core:designsystem:mergeDebugAndroidTestJniLibFolders UP-TO-DATE
> Task :core:designsystem:mergeDebugAndroidTestNativeLibs UP-TO-DATE
> Task :core:designsystem:stripDebugAndroidTestDebugSymbols UP-TO-DATE
> Task :core:designsystem:validateSigningDebugAndroidTest UP-TO-DATE
> Task :core:designsystem:writeDebugAndroidTestSigningConfigVersions UP-TO-DATE
> Task :core:designsystem:packageDebugAndroidTest UP-TO-DATE
> Task :core:designsystem:createDebugAndroidTestApkListingFileRedirect UP-TO-DATE
> Task :core:designsystem:connectedDebugAndroidTest
> Task :core:designsystem:connectedAndroidTest
> Task :core:designsystem:connectedCheck
> Task :core:files:preDebugAndroidTestBuild UP-TO-DATE
> Task :core:files:checkDebugAndroidTestAarMetadata UP-TO-DATE
> Task :core:files:generateDebugAndroidTestResValues UP-TO-DATE
> Task :core:files:mapDebugAndroidTestSourceSetPaths UP-TO-DATE
> Task :core:files:generateDebugAndroidTestResources UP-TO-DATE
> Task :core:files:mergeDebugAndroidTestResources UP-TO-DATE
> Task :core:files:processDebugAndroidTestManifest UP-TO-DATE
> Task :core:files:processDebugAndroidTestResources UP-TO-DATE
> Task :core:files:compileDebugAndroidTestKotlin NO-SOURCE
> Task :core:files:javaPreCompileDebugAndroidTest UP-TO-DATE
> Task :core:files:compileDebugAndroidTestJavaWithJavac NO-SOURCE
> Task :core:files:mergeDebugAndroidTestShaders UP-TO-DATE
> Task :core:files:compileDebugAndroidTestShaders NO-SOURCE
> Task :core:files:generateDebugAndroidTestAssets UP-TO-DATE
> Task :core:files:mergeDebugAndroidTestAssets UP-TO-DATE
> Task :core:files:compressDebugAndroidTestAssets UP-TO-DATE
> Task :core:files:desugarDebugAndroidTestFileDependencies UP-TO-DATE
> Task :core:files:dexBuilderDebugAndroidTest UP-TO-DATE
> Task :core:files:mergeDebugAndroidTestGlobalSynthetics UP-TO-DATE
> Task :core:files:processDebugAndroidTestJavaRes NO-SOURCE
> Task :core:files:mergeDebugAndroidTestJavaResource UP-TO-DATE
> Task :core:files:checkDebugAndroidTestDuplicateClasses UP-TO-DATE
> Task :core:files:mergeExtDexDebugAndroidTest UP-TO-DATE
> Task :core:files:mergeLibDexDebugAndroidTest UP-TO-DATE
> Task :core:files:mergeProjectDexDebugAndroidTest UP-TO-DATE
> Task :core:files:mergeDebugAndroidTestJniLibFolders UP-TO-DATE
> Task :core:files:mergeDebugAndroidTestNativeLibs NO-SOURCE
> Task :core:files:stripDebugAndroidTestDebugSymbols NO-SOURCE
> Task :core:files:validateSigningDebugAndroidTest UP-TO-DATE
> Task :core:files:writeDebugAndroidTestSigningConfigVersions UP-TO-DATE
> Task :core:files:packageDebugAndroidTest UP-TO-DATE
> Task :core:files:createDebugAndroidTestApkListingFileRedirect UP-TO-DATE
> Task :core:files:connectedDebugAndroidTest
> Task :core:files:connectedAndroidTest
> Task :core:files:connectedCheck
> Task :core:notifications:preDebugAndroidTestBuild UP-TO-DATE
> Task :core:notifications:checkDebugAndroidTestAarMetadata UP-TO-DATE
> Task :core:notifications:generateDebugAndroidTestResValues UP-TO-DATE
> Task :core:notifications:mapDebugAndroidTestSourceSetPaths UP-TO-DATE
> Task :core:notifications:generateDebugAndroidTestResources UP-TO-DATE
> Task :core:notifications:mergeDebugAndroidTestResources UP-TO-DATE
> Task :core:notifications:processDebugAndroidTestManifest UP-TO-DATE
> Task :core:notifications:processDebugAndroidTestResources UP-TO-DATE
> Task :core:notifications:compileDebugAndroidTestKotlin NO-SOURCE
> Task :core:notifications:javaPreCompileDebugAndroidTest UP-TO-DATE
> Task :core:notifications:compileDebugAndroidTestJavaWithJavac NO-SOURCE
> Task :core:notifications:mergeDebugAndroidTestShaders UP-TO-DATE
> Task :core:notifications:compileDebugAndroidTestShaders NO-SOURCE
> Task :core:notifications:generateDebugAndroidTestAssets UP-TO-DATE
> Task :core:notifications:mergeDebugAndroidTestAssets UP-TO-DATE
> Task :core:notifications:compressDebugAndroidTestAssets UP-TO-DATE
> Task :core:notifications:desugarDebugAndroidTestFileDependencies UP-TO-DATE
> Task :core:notifications:dexBuilderDebugAndroidTest UP-TO-DATE
> Task :core:notifications:mergeDebugAndroidTestGlobalSynthetics UP-TO-DATE
> Task :core:notifications:processDebugAndroidTestJavaRes NO-SOURCE
> Task :core:notifications:mergeDebugAndroidTestJavaResource UP-TO-DATE
> Task :core:notifications:checkDebugAndroidTestDuplicateClasses UP-TO-DATE
> Task :core:notifications:mergeExtDexDebugAndroidTest UP-TO-DATE
> Task :core:notifications:mergeLibDexDebugAndroidTest UP-TO-DATE
> Task :core:notifications:mergeProjectDexDebugAndroidTest UP-TO-DATE
> Task :core:notifications:mergeDebugAndroidTestJniLibFolders UP-TO-DATE
> Task :core:notifications:mergeDebugAndroidTestNativeLibs NO-SOURCE
> Task :core:notifications:stripDebugAndroidTestDebugSymbols NO-SOURCE
> Task :core:notifications:validateSigningDebugAndroidTest UP-TO-DATE
> Task :core:notifications:writeDebugAndroidTestSigningConfigVersions UP-TO-DATE
> Task :core:notifications:packageDebugAndroidTest UP-TO-DATE
> Task :core:notifications:createDebugAndroidTestApkListingFileRedirect UP-TO-DATE
> Task :core:notifications:connectedDebugAndroidTest
> Task :core:notifications:connectedAndroidTest
> Task :core:notifications:connectedCheck
> Task :core:security:preDebugAndroidTestBuild UP-TO-DATE
> Task :core:security:checkDebugAndroidTestAarMetadata UP-TO-DATE
> Task :core:security:generateDebugAndroidTestResValues UP-TO-DATE
> Task :core:security:mapDebugAndroidTestSourceSetPaths UP-TO-DATE
> Task :core:security:generateDebugAndroidTestResources UP-TO-DATE
> Task :core:security:mergeDebugAndroidTestResources UP-TO-DATE
> Task :core:security:processDebugAndroidTestManifest UP-TO-DATE
> Task :core:security:processDebugAndroidTestResources UP-TO-DATE
> Task :core:security:compileDebugAndroidTestKotlin NO-SOURCE
> Task :core:security:javaPreCompileDebugAndroidTest UP-TO-DATE
> Task :core:security:compileDebugAndroidTestJavaWithJavac NO-SOURCE
> Task :core:security:mergeDebugAndroidTestShaders UP-TO-DATE
> Task :core:security:compileDebugAndroidTestShaders NO-SOURCE
> Task :core:security:generateDebugAndroidTestAssets UP-TO-DATE
> Task :core:security:mergeDebugAndroidTestAssets UP-TO-DATE
> Task :core:security:compressDebugAndroidTestAssets UP-TO-DATE
> Task :core:security:desugarDebugAndroidTestFileDependencies UP-TO-DATE
> Task :core:security:dexBuilderDebugAndroidTest UP-TO-DATE
> Task :core:security:mergeDebugAndroidTestGlobalSynthetics UP-TO-DATE
> Task :core:security:processDebugAndroidTestJavaRes NO-SOURCE
> Task :core:security:mergeDebugAndroidTestJavaResource UP-TO-DATE
> Task :core:security:checkDebugAndroidTestDuplicateClasses UP-TO-DATE
> Task :core:security:mergeExtDexDebugAndroidTest UP-TO-DATE
> Task :core:security:mergeLibDexDebugAndroidTest UP-TO-DATE
> Task :core:security:mergeProjectDexDebugAndroidTest UP-TO-DATE
> Task :core:security:mergeDebugAndroidTestJniLibFolders UP-TO-DATE
> Task :core:security:mergeDebugAndroidTestNativeLibs NO-SOURCE
> Task :core:security:stripDebugAndroidTestDebugSymbols NO-SOURCE
> Task :core:security:validateSigningDebugAndroidTest UP-TO-DATE
> Task :core:security:writeDebugAndroidTestSigningConfigVersions UP-TO-DATE
> Task :core:security:packageDebugAndroidTest UP-TO-DATE
> Task :core:security:createDebugAndroidTestApkListingFileRedirect UP-TO-DATE
> Task :core:security:connectedDebugAndroidTest
> Task :core:security:connectedAndroidTest
> Task :core:security:connectedCheck
> Task :core:ui:preDebugAndroidTestBuild UP-TO-DATE
> Task :core:ui:checkDebugAndroidTestAarMetadata UP-TO-DATE
> Task :core:ui:generateDebugAndroidTestResValues UP-TO-DATE
> Task :core:ui:mapDebugAndroidTestSourceSetPaths UP-TO-DATE
> Task :core:ui:generateDebugAndroidTestResources UP-TO-DATE
> Task :core:ui:mergeDebugAndroidTestResources UP-TO-DATE
> Task :core:ui:processDebugAndroidTestManifest UP-TO-DATE
> Task :core:ui:processDebugAndroidTestResources UP-TO-DATE
> Task :core:ui:compileDebugAndroidTestKotlin NO-SOURCE
> Task :core:ui:javaPreCompileDebugAndroidTest UP-TO-DATE
> Task :core:ui:compileDebugAndroidTestJavaWithJavac NO-SOURCE
> Task :core:ui:mergeDebugAndroidTestShaders UP-TO-DATE
> Task :core:ui:compileDebugAndroidTestShaders NO-SOURCE
> Task :core:ui:generateDebugAndroidTestAssets UP-TO-DATE
> Task :core:ui:mergeDebugAndroidTestAssets UP-TO-DATE
> Task :core:ui:compressDebugAndroidTestAssets UP-TO-DATE
> Task :core:ui:desugarDebugAndroidTestFileDependencies UP-TO-DATE
> Task :core:ui:dexBuilderDebugAndroidTest UP-TO-DATE
> Task :core:ui:mergeDebugAndroidTestGlobalSynthetics UP-TO-DATE
> Task :core:ui:processDebugAndroidTestJavaRes NO-SOURCE
> Task :core:ui:mergeDebugAndroidTestJavaResource UP-TO-DATE
> Task :core:ui:checkDebugAndroidTestDuplicateClasses UP-TO-DATE
> Task :core:ui:mergeExtDexDebugAndroidTest UP-TO-DATE
> Task :core:ui:mergeLibDexDebugAndroidTest UP-TO-DATE
> Task :core:ui:mergeProjectDexDebugAndroidTest UP-TO-DATE
> Task :core:ui:mergeDebugAndroidTestJniLibFolders UP-TO-DATE
> Task :core:ui:mergeDebugAndroidTestNativeLibs UP-TO-DATE
> Task :core:ui:stripDebugAndroidTestDebugSymbols UP-TO-DATE
> Task :core:ui:validateSigningDebugAndroidTest UP-TO-DATE
> Task :core:ui:writeDebugAndroidTestSigningConfigVersions UP-TO-DATE
> Task :core:ui:packageDebugAndroidTest UP-TO-DATE
> Task :core:ui:createDebugAndroidTestApkListingFileRedirect UP-TO-DATE
> Task :core:ui:connectedDebugAndroidTest
> Task :core:ui:connectedAndroidTest
> Task :core:ui:connectedCheck
> Task :feature:appointments:preDebugAndroidTestBuild UP-TO-DATE
> Task :feature:appointments:checkDebugAndroidTestAarMetadata UP-TO-DATE
> Task :feature:appointments:generateDebugAndroidTestResValues UP-TO-DATE
> Task :feature:appointments:mapDebugAndroidTestSourceSetPaths UP-TO-DATE
> Task :feature:appointments:generateDebugAndroidTestResources UP-TO-DATE
> Task :feature:appointments:mergeDebugAndroidTestResources UP-TO-DATE
> Task :feature:appointments:processDebugAndroidTestManifest UP-TO-DATE
> Task :feature:appointments:processDebugAndroidTestResources UP-TO-DATE
> Task :feature:appointments:compileDebugAndroidTestKotlin NO-SOURCE
> Task :feature:appointments:javaPreCompileDebugAndroidTest UP-TO-DATE
> Task :feature:appointments:compileDebugAndroidTestJavaWithJavac NO-SOURCE
> Task :feature:appointments:mergeDebugAndroidTestShaders UP-TO-DATE
> Task :feature:appointments:compileDebugAndroidTestShaders NO-SOURCE
> Task :feature:appointments:generateDebugAndroidTestAssets UP-TO-DATE
> Task :feature:appointments:mergeDebugAndroidTestAssets UP-TO-DATE
> Task :feature:appointments:compressDebugAndroidTestAssets UP-TO-DATE
> Task :feature:appointments:desugarDebugAndroidTestFileDependencies UP-TO-DATE
> Task :feature:appointments:dexBuilderDebugAndroidTest UP-TO-DATE
> Task :feature:appointments:mergeDebugAndroidTestGlobalSynthetics UP-TO-DATE
> Task :feature:appointments:processDebugAndroidTestJavaRes NO-SOURCE
> Task :feature:appointments:mergeDebugAndroidTestJavaResource UP-TO-DATE
> Task :feature:appointments:checkDebugAndroidTestDuplicateClasses UP-TO-DATE
> Task :feature:appointments:mergeExtDexDebugAndroidTest UP-TO-DATE
> Task :feature:appointments:mergeLibDexDebugAndroidTest UP-TO-DATE
> Task :feature:appointments:mergeProjectDexDebugAndroidTest UP-TO-DATE
> Task :feature:appointments:mergeDebugAndroidTestJniLibFolders UP-TO-DATE
> Task :feature:appointments:mergeDebugAndroidTestNativeLibs UP-TO-DATE
> Task :feature:appointments:stripDebugAndroidTestDebugSymbols UP-TO-DATE
> Task :feature:appointments:validateSigningDebugAndroidTest UP-TO-DATE
> Task :feature:appointments:writeDebugAndroidTestSigningConfigVersions UP-TO-DATE
> Task :feature:appointments:packageDebugAndroidTest UP-TO-DATE
> Task :feature:appointments:createDebugAndroidTestApkListingFileRedirect UP-TO-DATE
> Task :feature:appointments:connectedDebugAndroidTest
> Task :feature:appointments:connectedAndroidTest
> Task :feature:appointments:connectedCheck
> Task :feature:dashboard:preDebugAndroidTestBuild UP-TO-DATE
> Task :feature:dashboard:checkDebugAndroidTestAarMetadata UP-TO-DATE
> Task :feature:dashboard:generateDebugAndroidTestResValues UP-TO-DATE
> Task :feature:dashboard:mapDebugAndroidTestSourceSetPaths UP-TO-DATE
> Task :feature:dashboard:generateDebugAndroidTestResources UP-TO-DATE
> Task :feature:dashboard:mergeDebugAndroidTestResources UP-TO-DATE
> Task :feature:dashboard:processDebugAndroidTestManifest UP-TO-DATE
> Task :feature:dashboard:processDebugAndroidTestResources UP-TO-DATE
> Task :feature:dashboard:compileDebugAndroidTestKotlin NO-SOURCE
> Task :feature:dashboard:javaPreCompileDebugAndroidTest UP-TO-DATE
> Task :feature:dashboard:compileDebugAndroidTestJavaWithJavac NO-SOURCE
> Task :feature:dashboard:mergeDebugAndroidTestShaders UP-TO-DATE
> Task :feature:dashboard:compileDebugAndroidTestShaders NO-SOURCE
> Task :feature:dashboard:generateDebugAndroidTestAssets UP-TO-DATE
> Task :feature:dashboard:mergeDebugAndroidTestAssets UP-TO-DATE
> Task :feature:dashboard:compressDebugAndroidTestAssets UP-TO-DATE
> Task :feature:dashboard:desugarDebugAndroidTestFileDependencies UP-TO-DATE
> Task :feature:dashboard:dexBuilderDebugAndroidTest UP-TO-DATE
> Task :feature:dashboard:mergeDebugAndroidTestGlobalSynthetics UP-TO-DATE
> Task :feature:dashboard:processDebugAndroidTestJavaRes NO-SOURCE
> Task :feature:dashboard:mergeDebugAndroidTestJavaResource UP-TO-DATE
> Task :feature:dashboard:checkDebugAndroidTestDuplicateClasses UP-TO-DATE
> Task :feature:dashboard:mergeExtDexDebugAndroidTest UP-TO-DATE
> Task :feature:dashboard:mergeLibDexDebugAndroidTest UP-TO-DATE
> Task :feature:dashboard:mergeProjectDexDebugAndroidTest UP-TO-DATE
> Task :feature:dashboard:mergeDebugAndroidTestJniLibFolders UP-TO-DATE
> Task :feature:dashboard:mergeDebugAndroidTestNativeLibs UP-TO-DATE
> Task :feature:dashboard:stripDebugAndroidTestDebugSymbols UP-TO-DATE
> Task :feature:dashboard:validateSigningDebugAndroidTest UP-TO-DATE
> Task :feature:dashboard:writeDebugAndroidTestSigningConfigVersions UP-TO-DATE
> Task :feature:dashboard:packageDebugAndroidTest UP-TO-DATE
> Task :feature:dashboard:createDebugAndroidTestApkListingFileRedirect UP-TO-DATE
> Task :feature:dashboard:connectedDebugAndroidTest
> Task :feature:dashboard:connectedAndroidTest
> Task :feature:dashboard:connectedCheck
> Task :feature:medications:preDebugAndroidTestBuild UP-TO-DATE
> Task :feature:medications:checkDebugAndroidTestAarMetadata UP-TO-DATE
> Task :feature:medications:generateDebugAndroidTestResValues UP-TO-DATE
> Task :feature:medications:mapDebugAndroidTestSourceSetPaths UP-TO-DATE
> Task :feature:medications:generateDebugAndroidTestResources UP-TO-DATE
> Task :feature:medications:mergeDebugAndroidTestResources UP-TO-DATE
> Task :feature:medications:processDebugAndroidTestManifest UP-TO-DATE
> Task :feature:medications:processDebugAndroidTestResources UP-TO-DATE
> Task :feature:medications:compileDebugAndroidTestKotlin NO-SOURCE
> Task :feature:medications:javaPreCompileDebugAndroidTest UP-TO-DATE
> Task :feature:medications:compileDebugAndroidTestJavaWithJavac NO-SOURCE
> Task :feature:medications:mergeDebugAndroidTestShaders UP-TO-DATE
> Task :feature:medications:compileDebugAndroidTestShaders NO-SOURCE
> Task :feature:medications:generateDebugAndroidTestAssets UP-TO-DATE
> Task :feature:medications:mergeDebugAndroidTestAssets UP-TO-DATE
> Task :feature:medications:compressDebugAndroidTestAssets UP-TO-DATE
> Task :feature:medications:desugarDebugAndroidTestFileDependencies UP-TO-DATE
> Task :feature:medications:dexBuilderDebugAndroidTest UP-TO-DATE
> Task :feature:medications:mergeDebugAndroidTestGlobalSynthetics UP-TO-DATE
> Task :feature:medications:processDebugAndroidTestJavaRes NO-SOURCE
> Task :feature:medications:mergeDebugAndroidTestJavaResource UP-TO-DATE
> Task :feature:medications:checkDebugAndroidTestDuplicateClasses UP-TO-DATE
> Task :feature:medications:mergeExtDexDebugAndroidTest UP-TO-DATE
> Task :feature:medications:mergeLibDexDebugAndroidTest UP-TO-DATE
> Task :feature:medications:mergeProjectDexDebugAndroidTest UP-TO-DATE
> Task :feature:medications:mergeDebugAndroidTestJniLibFolders UP-TO-DATE
> Task :feature:medications:mergeDebugAndroidTestNativeLibs UP-TO-DATE
> Task :feature:medications:stripDebugAndroidTestDebugSymbols UP-TO-DATE
> Task :feature:medications:validateSigningDebugAndroidTest UP-TO-DATE
> Task :feature:medications:writeDebugAndroidTestSigningConfigVersions UP-TO-DATE
> Task :feature:medications:packageDebugAndroidTest UP-TO-DATE
> Task :feature:medications:createDebugAndroidTestApkListingFileRedirect UP-TO-DATE
> Task :feature:medications:connectedDebugAndroidTest
> Task :feature:medications:connectedAndroidTest
> Task :feature:medications:connectedCheck
> Task :feature:onboarding:preDebugAndroidTestBuild UP-TO-DATE
> Task :feature:onboarding:checkDebugAndroidTestAarMetadata UP-TO-DATE
> Task :feature:onboarding:generateDebugAndroidTestResValues UP-TO-DATE
> Task :feature:onboarding:mapDebugAndroidTestSourceSetPaths UP-TO-DATE
> Task :feature:onboarding:generateDebugAndroidTestResources UP-TO-DATE
> Task :feature:onboarding:mergeDebugAndroidTestResources UP-TO-DATE
> Task :feature:onboarding:processDebugAndroidTestManifest UP-TO-DATE
> Task :feature:onboarding:processDebugAndroidTestResources UP-TO-DATE
> Task :feature:onboarding:compileDebugAndroidTestKotlin NO-SOURCE
> Task :feature:onboarding:javaPreCompileDebugAndroidTest UP-TO-DATE
> Task :feature:onboarding:compileDebugAndroidTestJavaWithJavac NO-SOURCE
> Task :feature:onboarding:mergeDebugAndroidTestShaders UP-TO-DATE
> Task :feature:onboarding:compileDebugAndroidTestShaders NO-SOURCE
> Task :feature:onboarding:generateDebugAndroidTestAssets UP-TO-DATE
> Task :feature:onboarding:mergeDebugAndroidTestAssets UP-TO-DATE
> Task :feature:onboarding:compressDebugAndroidTestAssets UP-TO-DATE
> Task :feature:onboarding:desugarDebugAndroidTestFileDependencies UP-TO-DATE
> Task :feature:onboarding:dexBuilderDebugAndroidTest UP-TO-DATE
> Task :feature:onboarding:mergeDebugAndroidTestGlobalSynthetics UP-TO-DATE
> Task :feature:onboarding:processDebugAndroidTestJavaRes NO-SOURCE
> Task :feature:onboarding:mergeDebugAndroidTestJavaResource UP-TO-DATE
> Task :feature:onboarding:checkDebugAndroidTestDuplicateClasses UP-TO-DATE
> Task :feature:onboarding:mergeExtDexDebugAndroidTest UP-TO-DATE
> Task :feature:onboarding:mergeLibDexDebugAndroidTest UP-TO-DATE
> Task :feature:onboarding:mergeProjectDexDebugAndroidTest UP-TO-DATE
> Task :feature:onboarding:mergeDebugAndroidTestJniLibFolders UP-TO-DATE
> Task :feature:onboarding:mergeDebugAndroidTestNativeLibs UP-TO-DATE
> Task :feature:onboarding:stripDebugAndroidTestDebugSymbols UP-TO-DATE
> Task :feature:onboarding:validateSigningDebugAndroidTest UP-TO-DATE
> Task :feature:onboarding:writeDebugAndroidTestSigningConfigVersions UP-TO-DATE
> Task :feature:onboarding:packageDebugAndroidTest UP-TO-DATE
> Task :feature:onboarding:createDebugAndroidTestApkListingFileRedirect UP-TO-DATE
> Task :feature:onboarding:connectedDebugAndroidTest
> Task :feature:onboarding:connectedAndroidTest
> Task :feature:onboarding:connectedCheck
> Task :feature:profile:preDebugAndroidTestBuild UP-TO-DATE
> Task :feature:profile:checkDebugAndroidTestAarMetadata UP-TO-DATE
> Task :feature:profile:generateDebugAndroidTestResValues UP-TO-DATE
> Task :feature:profile:mapDebugAndroidTestSourceSetPaths UP-TO-DATE
> Task :feature:profile:generateDebugAndroidTestResources UP-TO-DATE
> Task :feature:profile:mergeDebugAndroidTestResources UP-TO-DATE
> Task :feature:profile:processDebugAndroidTestManifest UP-TO-DATE
> Task :feature:profile:processDebugAndroidTestResources UP-TO-DATE
> Task :feature:profile:compileDebugAndroidTestKotlin NO-SOURCE
> Task :feature:profile:javaPreCompileDebugAndroidTest UP-TO-DATE
> Task :feature:profile:compileDebugAndroidTestJavaWithJavac NO-SOURCE
> Task :feature:profile:mergeDebugAndroidTestShaders UP-TO-DATE
> Task :feature:profile:compileDebugAndroidTestShaders NO-SOURCE
> Task :feature:profile:generateDebugAndroidTestAssets UP-TO-DATE
> Task :feature:profile:mergeDebugAndroidTestAssets UP-TO-DATE
> Task :feature:profile:compressDebugAndroidTestAssets UP-TO-DATE
> Task :feature:profile:desugarDebugAndroidTestFileDependencies UP-TO-DATE
> Task :feature:profile:dexBuilderDebugAndroidTest UP-TO-DATE
> Task :feature:profile:mergeDebugAndroidTestGlobalSynthetics UP-TO-DATE
> Task :feature:profile:processDebugAndroidTestJavaRes NO-SOURCE
> Task :feature:profile:mergeDebugAndroidTestJavaResource UP-TO-DATE
> Task :feature:profile:checkDebugAndroidTestDuplicateClasses UP-TO-DATE
> Task :feature:profile:mergeExtDexDebugAndroidTest UP-TO-DATE
> Task :feature:profile:mergeLibDexDebugAndroidTest UP-TO-DATE
> Task :feature:profile:mergeProjectDexDebugAndroidTest UP-TO-DATE
> Task :feature:profile:mergeDebugAndroidTestJniLibFolders UP-TO-DATE
> Task :feature:profile:mergeDebugAndroidTestNativeLibs UP-TO-DATE
> Task :feature:profile:stripDebugAndroidTestDebugSymbols UP-TO-DATE
> Task :feature:profile:validateSigningDebugAndroidTest UP-TO-DATE
> Task :feature:profile:writeDebugAndroidTestSigningConfigVersions UP-TO-DATE
> Task :feature:profile:packageDebugAndroidTest UP-TO-DATE
> Task :feature:profile:createDebugAndroidTestApkListingFileRedirect UP-TO-DATE
> Task :feature:profile:connectedDebugAndroidTest
> Task :feature:profile:connectedAndroidTest
> Task :feature:profile:connectedCheck
> Task :feature:records:preDebugAndroidTestBuild UP-TO-DATE
> Task :feature:records:checkDebugAndroidTestAarMetadata UP-TO-DATE
> Task :feature:records:generateDebugAndroidTestResValues UP-TO-DATE
> Task :feature:records:mapDebugAndroidTestSourceSetPaths UP-TO-DATE
> Task :feature:records:generateDebugAndroidTestResources UP-TO-DATE
> Task :feature:records:mergeDebugAndroidTestResources UP-TO-DATE
> Task :feature:records:processDebugAndroidTestManifest UP-TO-DATE
> Task :feature:records:processDebugAndroidTestResources UP-TO-DATE
> Task :feature:records:compileDebugAndroidTestKotlin NO-SOURCE
> Task :feature:records:javaPreCompileDebugAndroidTest UP-TO-DATE
> Task :feature:records:compileDebugAndroidTestJavaWithJavac NO-SOURCE
> Task :feature:records:mergeDebugAndroidTestShaders UP-TO-DATE
> Task :feature:records:compileDebugAndroidTestShaders NO-SOURCE
> Task :feature:records:generateDebugAndroidTestAssets UP-TO-DATE
> Task :feature:records:mergeDebugAndroidTestAssets UP-TO-DATE
> Task :feature:records:compressDebugAndroidTestAssets UP-TO-DATE
> Task :feature:records:desugarDebugAndroidTestFileDependencies UP-TO-DATE
> Task :feature:records:dexBuilderDebugAndroidTest UP-TO-DATE
> Task :feature:records:mergeDebugAndroidTestGlobalSynthetics UP-TO-DATE
> Task :feature:records:processDebugAndroidTestJavaRes NO-SOURCE
> Task :feature:records:mergeDebugAndroidTestJavaResource UP-TO-DATE
> Task :feature:records:checkDebugAndroidTestDuplicateClasses UP-TO-DATE
> Task :feature:records:mergeExtDexDebugAndroidTest UP-TO-DATE
> Task :feature:records:mergeLibDexDebugAndroidTest UP-TO-DATE
> Task :feature:records:mergeProjectDexDebugAndroidTest UP-TO-DATE
> Task :feature:records:mergeDebugAndroidTestJniLibFolders UP-TO-DATE
> Task :feature:records:mergeDebugAndroidTestNativeLibs UP-TO-DATE
> Task :feature:records:stripDebugAndroidTestDebugSymbols UP-TO-DATE
> Task :feature:records:validateSigningDebugAndroidTest UP-TO-DATE
> Task :feature:records:writeDebugAndroidTestSigningConfigVersions UP-TO-DATE
> Task :feature:records:packageDebugAndroidTest UP-TO-DATE
> Task :feature:records:createDebugAndroidTestApkListingFileRedirect UP-TO-DATE
> Task :feature:records:connectedDebugAndroidTest
> Task :feature:records:connectedAndroidTest
> Task :feature:records:connectedCheck
> Task :feature:reminders:preDebugAndroidTestBuild UP-TO-DATE
> Task :feature:reminders:checkDebugAndroidTestAarMetadata UP-TO-DATE
> Task :feature:reminders:generateDebugAndroidTestResValues UP-TO-DATE
> Task :feature:reminders:mapDebugAndroidTestSourceSetPaths UP-TO-DATE
> Task :feature:reminders:generateDebugAndroidTestResources UP-TO-DATE
> Task :feature:reminders:mergeDebugAndroidTestResources UP-TO-DATE
> Task :feature:reminders:processDebugAndroidTestManifest UP-TO-DATE
> Task :feature:reminders:processDebugAndroidTestResources UP-TO-DATE
> Task :feature:reminders:compileDebugAndroidTestKotlin NO-SOURCE
> Task :feature:reminders:javaPreCompileDebugAndroidTest UP-TO-DATE
> Task :feature:reminders:compileDebugAndroidTestJavaWithJavac NO-SOURCE
> Task :feature:reminders:mergeDebugAndroidTestShaders UP-TO-DATE
> Task :feature:reminders:compileDebugAndroidTestShaders NO-SOURCE
> Task :feature:reminders:generateDebugAndroidTestAssets UP-TO-DATE
> Task :feature:reminders:mergeDebugAndroidTestAssets UP-TO-DATE
> Task :feature:reminders:compressDebugAndroidTestAssets UP-TO-DATE
> Task :feature:reminders:desugarDebugAndroidTestFileDependencies UP-TO-DATE
> Task :feature:reminders:dexBuilderDebugAndroidTest UP-TO-DATE
> Task :feature:reminders:mergeDebugAndroidTestGlobalSynthetics UP-TO-DATE
> Task :feature:reminders:processDebugAndroidTestJavaRes NO-SOURCE
> Task :feature:reminders:mergeDebugAndroidTestJavaResource UP-TO-DATE
> Task :feature:reminders:checkDebugAndroidTestDuplicateClasses UP-TO-DATE
> Task :feature:reminders:mergeExtDexDebugAndroidTest UP-TO-DATE
> Task :feature:reminders:mergeLibDexDebugAndroidTest UP-TO-DATE
> Task :feature:reminders:mergeProjectDexDebugAndroidTest UP-TO-DATE
> Task :feature:reminders:mergeDebugAndroidTestJniLibFolders UP-TO-DATE
> Task :feature:reminders:mergeDebugAndroidTestNativeLibs UP-TO-DATE
> Task :feature:reminders:stripDebugAndroidTestDebugSymbols UP-TO-DATE
> Task :feature:reminders:validateSigningDebugAndroidTest UP-TO-DATE
> Task :feature:reminders:writeDebugAndroidTestSigningConfigVersions UP-TO-DATE
> Task :feature:reminders:packageDebugAndroidTest UP-TO-DATE
> Task :feature:reminders:createDebugAndroidTestApkListingFileRedirect UP-TO-DATE
> Task :feature:reminders:connectedDebugAndroidTest
> Task :feature:reminders:connectedAndroidTest
> Task :feature:reminders:connectedCheck
> Task :feature:reports:preDebugAndroidTestBuild UP-TO-DATE
> Task :feature:reports:checkDebugAndroidTestAarMetadata UP-TO-DATE
> Task :feature:reports:generateDebugAndroidTestResValues UP-TO-DATE
> Task :feature:reports:mapDebugAndroidTestSourceSetPaths UP-TO-DATE
> Task :feature:reports:generateDebugAndroidTestResources UP-TO-DATE
> Task :feature:reports:mergeDebugAndroidTestResources UP-TO-DATE
> Task :feature:reports:processDebugAndroidTestManifest UP-TO-DATE
> Task :feature:reports:processDebugAndroidTestResources UP-TO-DATE
> Task :feature:reports:compileDebugAndroidTestKotlin NO-SOURCE
> Task :feature:reports:javaPreCompileDebugAndroidTest UP-TO-DATE
> Task :feature:reports:compileDebugAndroidTestJavaWithJavac NO-SOURCE
> Task :feature:reports:mergeDebugAndroidTestShaders UP-TO-DATE
> Task :feature:reports:compileDebugAndroidTestShaders NO-SOURCE
> Task :feature:reports:generateDebugAndroidTestAssets UP-TO-DATE
> Task :feature:reports:mergeDebugAndroidTestAssets UP-TO-DATE
> Task :feature:reports:compressDebugAndroidTestAssets UP-TO-DATE
> Task :feature:reports:desugarDebugAndroidTestFileDependencies UP-TO-DATE
> Task :feature:reports:dexBuilderDebugAndroidTest UP-TO-DATE
> Task :feature:reports:mergeDebugAndroidTestGlobalSynthetics UP-TO-DATE
> Task :feature:reports:processDebugAndroidTestJavaRes NO-SOURCE
> Task :feature:reports:mergeDebugAndroidTestJavaResource UP-TO-DATE
> Task :feature:reports:checkDebugAndroidTestDuplicateClasses UP-TO-DATE
> Task :feature:reports:mergeExtDexDebugAndroidTest UP-TO-DATE
> Task :feature:reports:mergeLibDexDebugAndroidTest UP-TO-DATE
> Task :feature:reports:mergeProjectDexDebugAndroidTest UP-TO-DATE
> Task :feature:reports:mergeDebugAndroidTestJniLibFolders UP-TO-DATE
> Task :feature:reports:mergeDebugAndroidTestNativeLibs UP-TO-DATE
> Task :feature:reports:stripDebugAndroidTestDebugSymbols UP-TO-DATE
> Task :feature:reports:validateSigningDebugAndroidTest UP-TO-DATE
> Task :feature:reports:writeDebugAndroidTestSigningConfigVersions UP-TO-DATE
> Task :feature:reports:packageDebugAndroidTest UP-TO-DATE
> Task :feature:reports:createDebugAndroidTestApkListingFileRedirect UP-TO-DATE
> Task :feature:reports:connectedDebugAndroidTest
> Task :feature:reports:connectedAndroidTest
> Task :feature:reports:connectedCheck
> Task :feature:settings:preDebugAndroidTestBuild UP-TO-DATE
> Task :feature:settings:checkDebugAndroidTestAarMetadata UP-TO-DATE
> Task :feature:settings:generateDebugAndroidTestResValues UP-TO-DATE
> Task :feature:settings:mapDebugAndroidTestSourceSetPaths UP-TO-DATE
> Task :feature:settings:generateDebugAndroidTestResources UP-TO-DATE
> Task :feature:settings:mergeDebugAndroidTestResources UP-TO-DATE
> Task :feature:settings:processDebugAndroidTestManifest UP-TO-DATE
> Task :feature:settings:processDebugAndroidTestResources UP-TO-DATE
> Task :feature:settings:compileDebugAndroidTestKotlin NO-SOURCE
> Task :feature:settings:javaPreCompileDebugAndroidTest UP-TO-DATE
> Task :feature:settings:compileDebugAndroidTestJavaWithJavac NO-SOURCE
> Task :feature:settings:mergeDebugAndroidTestShaders UP-TO-DATE
> Task :feature:settings:compileDebugAndroidTestShaders NO-SOURCE
> Task :feature:settings:generateDebugAndroidTestAssets UP-TO-DATE
> Task :feature:settings:mergeDebugAndroidTestAssets UP-TO-DATE
> Task :feature:settings:compressDebugAndroidTestAssets UP-TO-DATE
> Task :feature:settings:desugarDebugAndroidTestFileDependencies UP-TO-DATE
> Task :feature:settings:dexBuilderDebugAndroidTest UP-TO-DATE
> Task :feature:settings:mergeDebugAndroidTestGlobalSynthetics UP-TO-DATE
> Task :feature:settings:processDebugAndroidTestJavaRes NO-SOURCE
> Task :feature:settings:mergeDebugAndroidTestJavaResource UP-TO-DATE
> Task :feature:settings:checkDebugAndroidTestDuplicateClasses UP-TO-DATE
> Task :feature:settings:mergeExtDexDebugAndroidTest UP-TO-DATE
> Task :feature:settings:mergeLibDexDebugAndroidTest UP-TO-DATE
> Task :feature:settings:mergeProjectDexDebugAndroidTest UP-TO-DATE
> Task :feature:settings:mergeDebugAndroidTestJniLibFolders UP-TO-DATE
> Task :feature:settings:mergeDebugAndroidTestNativeLibs UP-TO-DATE
> Task :feature:settings:stripDebugAndroidTestDebugSymbols UP-TO-DATE
> Task :feature:settings:validateSigningDebugAndroidTest UP-TO-DATE
> Task :feature:settings:writeDebugAndroidTestSigningConfigVersions UP-TO-DATE
> Task :feature:settings:packageDebugAndroidTest UP-TO-DATE
> Task :feature:settings:createDebugAndroidTestApkListingFileRedirect UP-TO-DATE
> Task :feature:settings:connectedDebugAndroidTest
> Task :feature:settings:connectedAndroidTest
> Task :feature:settings:connectedCheck
> Task :feature:symptoms:preDebugAndroidTestBuild UP-TO-DATE
> Task :feature:symptoms:checkDebugAndroidTestAarMetadata UP-TO-DATE
> Task :feature:symptoms:generateDebugAndroidTestResValues UP-TO-DATE
> Task :feature:symptoms:mapDebugAndroidTestSourceSetPaths UP-TO-DATE
> Task :feature:symptoms:generateDebugAndroidTestResources UP-TO-DATE
> Task :feature:symptoms:mergeDebugAndroidTestResources UP-TO-DATE
> Task :feature:symptoms:processDebugAndroidTestManifest UP-TO-DATE
> Task :feature:symptoms:processDebugAndroidTestResources UP-TO-DATE
> Task :feature:symptoms:compileDebugAndroidTestKotlin NO-SOURCE
> Task :feature:symptoms:javaPreCompileDebugAndroidTest UP-TO-DATE
> Task :feature:symptoms:compileDebugAndroidTestJavaWithJavac NO-SOURCE
> Task :feature:symptoms:mergeDebugAndroidTestShaders UP-TO-DATE
> Task :feature:symptoms:compileDebugAndroidTestShaders NO-SOURCE
> Task :feature:symptoms:generateDebugAndroidTestAssets UP-TO-DATE
> Task :feature:symptoms:mergeDebugAndroidTestAssets UP-TO-DATE
> Task :feature:symptoms:compressDebugAndroidTestAssets UP-TO-DATE
> Task :feature:symptoms:desugarDebugAndroidTestFileDependencies UP-TO-DATE
> Task :feature:symptoms:dexBuilderDebugAndroidTest UP-TO-DATE
> Task :feature:symptoms:mergeDebugAndroidTestGlobalSynthetics UP-TO-DATE
> Task :feature:symptoms:processDebugAndroidTestJavaRes NO-SOURCE
> Task :feature:symptoms:mergeDebugAndroidTestJavaResource UP-TO-DATE
> Task :feature:symptoms:checkDebugAndroidTestDuplicateClasses UP-TO-DATE
> Task :feature:symptoms:mergeExtDexDebugAndroidTest UP-TO-DATE
> Task :feature:symptoms:mergeLibDexDebugAndroidTest UP-TO-DATE
> Task :feature:symptoms:mergeProjectDexDebugAndroidTest UP-TO-DATE
> Task :feature:symptoms:mergeDebugAndroidTestJniLibFolders UP-TO-DATE
> Task :feature:symptoms:mergeDebugAndroidTestNativeLibs UP-TO-DATE
> Task :feature:symptoms:stripDebugAndroidTestDebugSymbols UP-TO-DATE
> Task :feature:symptoms:validateSigningDebugAndroidTest UP-TO-DATE
> Task :feature:symptoms:writeDebugAndroidTestSigningConfigVersions UP-TO-DATE
> Task :feature:symptoms:packageDebugAndroidTest UP-TO-DATE
> Task :feature:symptoms:createDebugAndroidTestApkListingFileRedirect UP-TO-DATE
> Task :feature:symptoms:connectedDebugAndroidTest
> Task :feature:symptoms:connectedAndroidTest
> Task :feature:symptoms:connectedCheck
> Task :feature:timeline:preDebugAndroidTestBuild UP-TO-DATE
> Task :feature:timeline:checkDebugAndroidTestAarMetadata UP-TO-DATE
> Task :feature:timeline:generateDebugAndroidTestResValues UP-TO-DATE
> Task :feature:timeline:mapDebugAndroidTestSourceSetPaths UP-TO-DATE
> Task :feature:timeline:generateDebugAndroidTestResources UP-TO-DATE
> Task :feature:timeline:mergeDebugAndroidTestResources UP-TO-DATE
> Task :feature:timeline:processDebugAndroidTestManifest UP-TO-DATE
> Task :feature:timeline:processDebugAndroidTestResources UP-TO-DATE
> Task :feature:timeline:compileDebugAndroidTestKotlin NO-SOURCE
> Task :feature:timeline:javaPreCompileDebugAndroidTest UP-TO-DATE
> Task :feature:timeline:compileDebugAndroidTestJavaWithJavac NO-SOURCE
> Task :feature:timeline:mergeDebugAndroidTestShaders UP-TO-DATE
> Task :feature:timeline:compileDebugAndroidTestShaders NO-SOURCE
> Task :feature:timeline:generateDebugAndroidTestAssets UP-TO-DATE
> Task :feature:timeline:mergeDebugAndroidTestAssets UP-TO-DATE
> Task :feature:timeline:compressDebugAndroidTestAssets UP-TO-DATE
> Task :feature:timeline:desugarDebugAndroidTestFileDependencies UP-TO-DATE
> Task :feature:timeline:dexBuilderDebugAndroidTest UP-TO-DATE
> Task :feature:timeline:mergeDebugAndroidTestGlobalSynthetics UP-TO-DATE
> Task :feature:timeline:processDebugAndroidTestJavaRes NO-SOURCE
> Task :feature:timeline:mergeDebugAndroidTestJavaResource UP-TO-DATE
> Task :feature:timeline:checkDebugAndroidTestDuplicateClasses UP-TO-DATE
> Task :feature:timeline:mergeExtDexDebugAndroidTest UP-TO-DATE
> Task :feature:timeline:mergeLibDexDebugAndroidTest UP-TO-DATE
> Task :feature:timeline:mergeProjectDexDebugAndroidTest UP-TO-DATE
> Task :feature:timeline:mergeDebugAndroidTestJniLibFolders UP-TO-DATE
> Task :feature:timeline:mergeDebugAndroidTestNativeLibs UP-TO-DATE
> Task :feature:timeline:stripDebugAndroidTestDebugSymbols UP-TO-DATE
> Task :feature:timeline:validateSigningDebugAndroidTest UP-TO-DATE
> Task :feature:timeline:writeDebugAndroidTestSigningConfigVersions UP-TO-DATE
> Task :feature:timeline:packageDebugAndroidTest UP-TO-DATE
> Task :feature:timeline:createDebugAndroidTestApkListingFileRedirect UP-TO-DATE
> Task :feature:timeline:connectedDebugAndroidTest
> Task :feature:timeline:connectedAndroidTest
> Task :feature:timeline:connectedCheck

BUILD SUCCESSFUL in 50s
899 actionable tasks: 19 executed, 880 up-to-date
