openjdk version "17.0.18" 2026-01-20
OpenJDK Runtime Environment Temurin-17.0.18+8 (build 17.0.18+8)
OpenJDK 64-Bit Server VM Temurin-17.0.18+8 (build 17.0.18+8, mixed mode, sharing)
> Task :core:database:preBuild UP-TO-DATE
> Task :core:database:preDebugBuild UP-TO-DATE
> Task :core:database:checkDebugAarMetadata UP-TO-DATE
> Task :core:database:mergeDebugJniLibFolders UP-TO-DATE
> Task :core:database:mergeDebugNativeLibs NO-SOURCE
> Task :core:database:stripDebugDebugSymbols NO-SOURCE
> Task :core:database:copyDebugJniLibsProjectAndLocalJars UP-TO-DATE
> Task :core:common:checkKotlinGradlePluginConfigurationErrors SKIPPED
> Task :core:common:compileKotlin UP-TO-DATE
> Task :core:common:compileJava NO-SOURCE
> Task :core:common:processResources NO-SOURCE
> Task :core:common:classes UP-TO-DATE
> Task :core:common:jar UP-TO-DATE
> Task :core:model:checkKotlinGradlePluginConfigurationErrors SKIPPED
> Task :core:model:compileKotlin UP-TO-DATE
> Task :core:model:compileJava NO-SOURCE
> Task :core:model:processResources NO-SOURCE
> Task :core:model:classes UP-TO-DATE
> Task :core:model:jar UP-TO-DATE
> Task :core:database:checkKotlinGradlePluginConfigurationErrors SKIPPED
> Task :core:database:generateDebugResValues UP-TO-DATE
> Task :core:database:generateDebugResources UP-TO-DATE
> Task :core:database:packageDebugResources UP-TO-DATE
> Task :core:database:processDebugNavigationResources UP-TO-DATE
> Task :core:database:parseDebugLocalResources UP-TO-DATE
> Task :core:database:generateDebugRFile UP-TO-DATE
> Task :core:database:kspDebugKotlin UP-TO-DATE
> Task :core:database:compileDebugKotlin UP-TO-DATE
> Task :core:database:extractDebugAnnotations UP-TO-DATE
> Task :core:database:extractDeepLinksForAarDebug UP-TO-DATE
> Task :core:database:mergeDebugShaders UP-TO-DATE
> Task :core:database:compileDebugShaders NO-SOURCE
> Task :core:database:generateDebugAssets UP-TO-DATE
> Task :core:database:mergeDebugAssets UP-TO-DATE
> Task :core:database:javaPreCompileDebug UP-TO-DATE
> Task :core:database:compileDebugJavaWithJavac UP-TO-DATE
> Task :core:database:mergeDebugGeneratedProguardFiles UP-TO-DATE
> Task :core:database:mergeDebugConsumerProguardFiles UP-TO-DATE
> Task :core:database:prepareDebugArtProfile UP-TO-DATE
> Task :core:database:prepareLintJarForPublish UP-TO-DATE
> Task :core:database:processDebugManifest UP-TO-DATE
> Task :core:database:processDebugJavaRes UP-TO-DATE
> Task :core:database:mergeDebugJavaResource UP-TO-DATE
> Task :core:database:syncDebugLibJars UP-TO-DATE
> Task :core:database:writeDebugAarMetadata UP-TO-DATE
> Task :core:database:bundleDebugLocalLintAar
> Task :core:data:preBuild UP-TO-DATE
> Task :core:data:preDebugBuild UP-TO-DATE
> Task :core:datastore:preBuild UP-TO-DATE
> Task :core:datastore:preDebugBuild UP-TO-DATE
> Task :core:datastore:writeDebugAarMetadata UP-TO-DATE
> Task :core:files:preBuild UP-TO-DATE
> Task :core:files:preDebugBuild UP-TO-DATE
> Task :core:files:writeDebugAarMetadata UP-TO-DATE
> Task :core:notifications:preBuild UP-TO-DATE
> Task :core:notifications:preDebugBuild UP-TO-DATE
> Task :core:notifications:writeDebugAarMetadata UP-TO-DATE
> Task :core:security:preBuild UP-TO-DATE
> Task :core:security:preDebugBuild UP-TO-DATE
> Task :core:security:writeDebugAarMetadata UP-TO-DATE
> Task :core:data:checkDebugAarMetadata UP-TO-DATE
> Task :core:data:mergeDebugJniLibFolders UP-TO-DATE
> Task :core:data:mergeDebugNativeLibs NO-SOURCE
> Task :core:data:stripDebugDebugSymbols NO-SOURCE
> Task :core:data:copyDebugJniLibsProjectAndLocalJars UP-TO-DATE
> Task :core:domain:checkKotlinGradlePluginConfigurationErrors SKIPPED
> Task :core:domain:compileKotlin UP-TO-DATE
> Task :core:domain:compileJava NO-SOURCE
> Task :core:domain:processResources NO-SOURCE
> Task :core:domain:classes UP-TO-DATE
> Task :core:domain:jar UP-TO-DATE
> Task :core:data:checkKotlinGradlePluginConfigurationErrors SKIPPED
> Task :core:data:generateDebugResValues UP-TO-DATE
> Task :core:data:generateDebugResources UP-TO-DATE
> Task :core:data:packageDebugResources UP-TO-DATE
> Task :core:data:processDebugNavigationResources UP-TO-DATE
> Task :core:data:parseDebugLocalResources UP-TO-DATE
> Task :core:data:generateDebugRFile UP-TO-DATE
> Task :core:database:bundleLibCompileToJarDebug UP-TO-DATE
> Task :core:datastore:checkKotlinGradlePluginConfigurationErrors SKIPPED
> Task :core:datastore:generateDebugResValues UP-TO-DATE
> Task :core:datastore:generateDebugResources UP-TO-DATE
> Task :core:datastore:packageDebugResources UP-TO-DATE
> Task :core:datastore:processDebugNavigationResources UP-TO-DATE
> Task :core:datastore:parseDebugLocalResources UP-TO-DATE
> Task :core:datastore:generateDebugRFile UP-TO-DATE
> Task :core:datastore:compileDebugKotlin UP-TO-DATE
> Task :core:datastore:javaPreCompileDebug UP-TO-DATE
> Task :core:datastore:compileDebugJavaWithJavac NO-SOURCE
> Task :core:datastore:bundleLibCompileToJarDebug UP-TO-DATE
> Task :core:files:checkKotlinGradlePluginConfigurationErrors SKIPPED
> Task :core:files:generateDebugResValues UP-TO-DATE
> Task :core:files:generateDebugResources UP-TO-DATE
> Task :core:files:packageDebugResources UP-TO-DATE
> Task :core:files:processDebugNavigationResources UP-TO-DATE
> Task :core:files:parseDebugLocalResources UP-TO-DATE
> Task :core:files:generateDebugRFile UP-TO-DATE
> Task :core:files:compileDebugKotlin UP-TO-DATE
> Task :core:files:javaPreCompileDebug UP-TO-DATE
> Task :core:files:compileDebugJavaWithJavac NO-SOURCE
> Task :core:files:bundleLibCompileToJarDebug UP-TO-DATE
> Task :core:notifications:checkKotlinGradlePluginConfigurationErrors SKIPPED
> Task :core:notifications:generateDebugResValues UP-TO-DATE
> Task :core:notifications:generateDebugResources UP-TO-DATE
> Task :core:notifications:packageDebugResources UP-TO-DATE
> Task :core:notifications:processDebugNavigationResources UP-TO-DATE
> Task :core:notifications:parseDebugLocalResources UP-TO-DATE
> Task :core:notifications:generateDebugRFile UP-TO-DATE
> Task :core:notifications:compileDebugKotlin UP-TO-DATE
> Task :core:notifications:javaPreCompileDebug UP-TO-DATE
> Task :core:notifications:compileDebugJavaWithJavac NO-SOURCE
> Task :core:notifications:bundleLibCompileToJarDebug UP-TO-DATE
> Task :core:security:checkKotlinGradlePluginConfigurationErrors SKIPPED
> Task :core:security:generateDebugResValues UP-TO-DATE
> Task :core:security:generateDebugResources UP-TO-DATE
> Task :core:security:packageDebugResources UP-TO-DATE
> Task :core:security:processDebugNavigationResources UP-TO-DATE
> Task :core:security:parseDebugLocalResources UP-TO-DATE
> Task :core:security:generateDebugRFile UP-TO-DATE
> Task :core:security:compileDebugKotlin UP-TO-DATE
> Task :core:security:javaPreCompileDebug UP-TO-DATE
> Task :core:security:compileDebugJavaWithJavac NO-SOURCE
> Task :core:security:bundleLibCompileToJarDebug UP-TO-DATE
> Task :core:data:compileDebugKotlin UP-TO-DATE
> Task :core:data:extractDebugAnnotations UP-TO-DATE
> Task :core:data:extractDeepLinksForAarDebug UP-TO-DATE
> Task :core:data:mergeDebugShaders UP-TO-DATE
> Task :core:data:compileDebugShaders NO-SOURCE
> Task :core:data:generateDebugAssets UP-TO-DATE
> Task :core:data:mergeDebugAssets UP-TO-DATE
> Task :core:data:javaPreCompileDebug UP-TO-DATE
> Task :core:data:compileDebugJavaWithJavac NO-SOURCE
> Task :core:data:mergeDebugGeneratedProguardFiles UP-TO-DATE
> Task :core:data:mergeDebugConsumerProguardFiles UP-TO-DATE
> Task :core:data:prepareDebugArtProfile UP-TO-DATE
> Task :core:data:prepareLintJarForPublish UP-TO-DATE
> Task :core:data:processDebugManifest UP-TO-DATE
> Task :core:data:processDebugJavaRes UP-TO-DATE
> Task :core:data:mergeDebugJavaResource UP-TO-DATE
> Task :core:data:syncDebugLibJars UP-TO-DATE
> Task :core:data:writeDebugAarMetadata UP-TO-DATE
> Task :core:data:bundleDebugLocalLintAar
> Task :core:notifications:checkDebugAarMetadata UP-TO-DATE
> Task :core:notifications:mergeDebugJniLibFolders UP-TO-DATE
> Task :core:notifications:mergeDebugNativeLibs NO-SOURCE
> Task :core:notifications:stripDebugDebugSymbols NO-SOURCE
> Task :core:notifications:copyDebugJniLibsProjectAndLocalJars UP-TO-DATE
> Task :core:notifications:extractDebugAnnotations UP-TO-DATE
> Task :core:notifications:extractDeepLinksForAarDebug UP-TO-DATE
> Task :core:notifications:mergeDebugShaders UP-TO-DATE
> Task :core:notifications:compileDebugShaders NO-SOURCE
> Task :core:notifications:generateDebugAssets UP-TO-DATE
> Task :core:notifications:mergeDebugAssets UP-TO-DATE
> Task :core:notifications:mergeDebugGeneratedProguardFiles UP-TO-DATE
> Task :core:notifications:mergeDebugConsumerProguardFiles UP-TO-DATE
> Task :core:notifications:prepareDebugArtProfile UP-TO-DATE
> Task :core:notifications:prepareLintJarForPublish UP-TO-DATE
> Task :core:notifications:processDebugManifest UP-TO-DATE
> Task :core:notifications:processDebugJavaRes UP-TO-DATE
> Task :core:notifications:mergeDebugJavaResource UP-TO-DATE
> Task :core:notifications:syncDebugLibJars UP-TO-DATE
> Task :core:notifications:bundleDebugLocalLintAar
> Task :core:security:checkDebugAarMetadata UP-TO-DATE
> Task :core:security:mergeDebugJniLibFolders UP-TO-DATE
> Task :core:security:mergeDebugNativeLibs NO-SOURCE
> Task :core:security:stripDebugDebugSymbols NO-SOURCE
> Task :core:security:copyDebugJniLibsProjectAndLocalJars UP-TO-DATE
> Task :core:security:extractDebugAnnotations UP-TO-DATE
> Task :core:security:extractDeepLinksForAarDebug UP-TO-DATE
> Task :core:security:mergeDebugShaders UP-TO-DATE
> Task :core:security:compileDebugShaders NO-SOURCE
> Task :core:security:generateDebugAssets UP-TO-DATE
> Task :core:security:mergeDebugAssets UP-TO-DATE
> Task :core:security:mergeDebugGeneratedProguardFiles UP-TO-DATE
> Task :core:security:mergeDebugConsumerProguardFiles UP-TO-DATE
> Task :core:security:prepareDebugArtProfile UP-TO-DATE
> Task :core:security:prepareLintJarForPublish UP-TO-DATE
> Task :core:security:processDebugManifest UP-TO-DATE
> Task :core:security:processDebugJavaRes UP-TO-DATE
> Task :core:security:mergeDebugJavaResource UP-TO-DATE
> Task :core:security:syncDebugLibJars UP-TO-DATE
> Task :core:security:bundleDebugLocalLintAar
> Task :core:files:checkDebugAarMetadata UP-TO-DATE
> Task :core:files:mergeDebugJniLibFolders UP-TO-DATE
> Task :core:files:mergeDebugNativeLibs NO-SOURCE
> Task :core:files:stripDebugDebugSymbols NO-SOURCE
> Task :core:files:copyDebugJniLibsProjectAndLocalJars UP-TO-DATE
> Task :core:files:extractDebugAnnotations UP-TO-DATE
> Task :core:files:extractDeepLinksForAarDebug UP-TO-DATE
> Task :core:files:mergeDebugShaders UP-TO-DATE
> Task :core:files:compileDebugShaders NO-SOURCE
> Task :core:files:generateDebugAssets UP-TO-DATE
> Task :core:files:mergeDebugAssets UP-TO-DATE
> Task :core:files:mergeDebugGeneratedProguardFiles UP-TO-DATE
> Task :core:files:mergeDebugConsumerProguardFiles UP-TO-DATE
> Task :core:files:prepareDebugArtProfile UP-TO-DATE
> Task :core:files:prepareLintJarForPublish UP-TO-DATE
> Task :core:files:processDebugManifest UP-TO-DATE
> Task :core:files:processDebugJavaRes UP-TO-DATE
> Task :core:files:mergeDebugJavaResource UP-TO-DATE
> Task :core:files:syncDebugLibJars UP-TO-DATE
> Task :core:files:bundleDebugLocalLintAar
> Task :core:designsystem:preBuild UP-TO-DATE
> Task :core:designsystem:preDebugBuild UP-TO-DATE
> Task :core:designsystem:writeDebugAarMetadata UP-TO-DATE
> Task :core:ui:preBuild UP-TO-DATE
> Task :core:ui:preDebugBuild UP-TO-DATE
> Task :core:ui:checkDebugAarMetadata UP-TO-DATE
> Task :core:ui:mergeDebugJniLibFolders UP-TO-DATE
> Task :core:ui:mergeDebugNativeLibs NO-SOURCE
> Task :core:ui:stripDebugDebugSymbols NO-SOURCE
> Task :core:ui:copyDebugJniLibsProjectAndLocalJars UP-TO-DATE
> Task :core:designsystem:checkKotlinGradlePluginConfigurationErrors SKIPPED
> Task :core:designsystem:generateDebugResValues UP-TO-DATE
> Task :core:designsystem:generateDebugResources UP-TO-DATE
> Task :core:designsystem:packageDebugResources UP-TO-DATE
> Task :core:designsystem:processDebugNavigationResources UP-TO-DATE
> Task :core:designsystem:parseDebugLocalResources UP-TO-DATE
> Task :core:designsystem:generateDebugRFile UP-TO-DATE
> Task :core:designsystem:compileDebugKotlin UP-TO-DATE
> Task :core:designsystem:javaPreCompileDebug UP-TO-DATE
> Task :core:designsystem:compileDebugJavaWithJavac NO-SOURCE
> Task :core:designsystem:bundleLibCompileToJarDebug UP-TO-DATE
> Task :core:ui:checkKotlinGradlePluginConfigurationErrors SKIPPED
> Task :core:ui:generateDebugResValues UP-TO-DATE
> Task :core:ui:generateDebugResources UP-TO-DATE
> Task :core:ui:packageDebugResources UP-TO-DATE
> Task :core:ui:processDebugNavigationResources UP-TO-DATE
> Task :core:ui:parseDebugLocalResources UP-TO-DATE
> Task :core:ui:generateDebugRFile UP-TO-DATE
> Task :core:ui:compileDebugKotlin UP-TO-DATE
> Task :core:ui:extractDebugAnnotations UP-TO-DATE
> Task :core:ui:extractDeepLinksForAarDebug UP-TO-DATE
> Task :core:ui:mergeDebugShaders UP-TO-DATE
> Task :core:ui:compileDebugShaders NO-SOURCE
> Task :core:ui:generateDebugAssets UP-TO-DATE
> Task :core:ui:mergeDebugAssets UP-TO-DATE
> Task :core:ui:javaPreCompileDebug UP-TO-DATE
> Task :core:ui:compileDebugJavaWithJavac NO-SOURCE
> Task :core:ui:mergeDebugGeneratedProguardFiles UP-TO-DATE
> Task :core:ui:mergeDebugConsumerProguardFiles UP-TO-DATE
> Task :core:ui:prepareDebugArtProfile UP-TO-DATE
> Task :core:ui:prepareLintJarForPublish UP-TO-DATE
> Task :core:ui:processDebugManifest UP-TO-DATE
> Task :core:ui:processDebugJavaRes UP-TO-DATE
> Task :core:ui:mergeDebugJavaResource UP-TO-DATE
> Task :core:ui:syncDebugLibJars UP-TO-DATE
> Task :core:ui:writeDebugAarMetadata UP-TO-DATE
> Task :core:ui:bundleDebugLocalLintAar
> Task :core:datastore:checkDebugAarMetadata UP-TO-DATE
> Task :core:datastore:mergeDebugJniLibFolders UP-TO-DATE
> Task :core:datastore:mergeDebugNativeLibs NO-SOURCE
> Task :core:datastore:stripDebugDebugSymbols NO-SOURCE
> Task :core:datastore:copyDebugJniLibsProjectAndLocalJars UP-TO-DATE
> Task :core:datastore:extractDebugAnnotations UP-TO-DATE
> Task :core:datastore:extractDeepLinksForAarDebug UP-TO-DATE
> Task :core:datastore:mergeDebugShaders UP-TO-DATE
> Task :core:datastore:compileDebugShaders NO-SOURCE
> Task :core:datastore:generateDebugAssets UP-TO-DATE
> Task :core:datastore:mergeDebugAssets UP-TO-DATE
> Task :core:datastore:mergeDebugGeneratedProguardFiles UP-TO-DATE
> Task :core:datastore:mergeDebugConsumerProguardFiles UP-TO-DATE
> Task :core:datastore:prepareDebugArtProfile UP-TO-DATE
> Task :core:datastore:prepareLintJarForPublish UP-TO-DATE
> Task :core:datastore:processDebugManifest UP-TO-DATE
> Task :core:datastore:processDebugJavaRes UP-TO-DATE
> Task :core:datastore:mergeDebugJavaResource UP-TO-DATE
> Task :core:datastore:syncDebugLibJars UP-TO-DATE
> Task :core:datastore:bundleDebugLocalLintAar
> Task :core:designsystem:checkDebugAarMetadata UP-TO-DATE
> Task :core:designsystem:mergeDebugJniLibFolders UP-TO-DATE
> Task :core:designsystem:mergeDebugNativeLibs NO-SOURCE
> Task :core:designsystem:stripDebugDebugSymbols NO-SOURCE
> Task :core:designsystem:copyDebugJniLibsProjectAndLocalJars UP-TO-DATE
> Task :core:designsystem:extractDebugAnnotations UP-TO-DATE
> Task :core:designsystem:extractDeepLinksForAarDebug UP-TO-DATE
> Task :core:designsystem:mergeDebugShaders UP-TO-DATE
> Task :core:designsystem:compileDebugShaders NO-SOURCE
> Task :core:designsystem:generateDebugAssets UP-TO-DATE
> Task :core:designsystem:mergeDebugAssets UP-TO-DATE
> Task :core:designsystem:mergeDebugGeneratedProguardFiles UP-TO-DATE
> Task :core:designsystem:mergeDebugConsumerProguardFiles UP-TO-DATE
> Task :core:designsystem:prepareDebugArtProfile UP-TO-DATE
> Task :core:designsystem:prepareLintJarForPublish UP-TO-DATE
> Task :core:designsystem:processDebugManifest UP-TO-DATE
> Task :core:designsystem:processDebugJavaRes UP-TO-DATE
> Task :core:designsystem:mergeDebugJavaResource UP-TO-DATE
> Task :core:designsystem:syncDebugLibJars UP-TO-DATE
> Task :core:designsystem:bundleDebugLocalLintAar
> Task :feature:onboarding:preBuild UP-TO-DATE
> Task :feature:onboarding:preDebugBuild UP-TO-DATE
> Task :feature:onboarding:checkDebugAarMetadata UP-TO-DATE
> Task :feature:onboarding:mergeDebugJniLibFolders UP-TO-DATE
> Task :feature:onboarding:mergeDebugNativeLibs NO-SOURCE
> Task :feature:onboarding:stripDebugDebugSymbols NO-SOURCE
> Task :feature:onboarding:copyDebugJniLibsProjectAndLocalJars UP-TO-DATE
> Task :core:ui:bundleLibCompileToJarDebug UP-TO-DATE
> Task :feature:onboarding:checkKotlinGradlePluginConfigurationErrors SKIPPED
> Task :feature:onboarding:generateDebugResValues UP-TO-DATE
> Task :feature:onboarding:generateDebugResources UP-TO-DATE
> Task :feature:onboarding:packageDebugResources UP-TO-DATE
> Task :feature:onboarding:processDebugNavigationResources UP-TO-DATE
> Task :feature:onboarding:parseDebugLocalResources UP-TO-DATE
> Task :feature:onboarding:generateDebugRFile UP-TO-DATE
> Task :feature:onboarding:kspDebugKotlin UP-TO-DATE
> Task :feature:onboarding:compileDebugKotlin UP-TO-DATE
> Task :feature:onboarding:extractDebugAnnotations UP-TO-DATE
> Task :feature:onboarding:extractDeepLinksForAarDebug UP-TO-DATE
> Task :feature:onboarding:mergeDebugShaders UP-TO-DATE
> Task :feature:onboarding:compileDebugShaders NO-SOURCE
> Task :feature:onboarding:generateDebugAssets UP-TO-DATE
> Task :feature:onboarding:mergeDebugAssets UP-TO-DATE
> Task :core:datastore:bundleLibRuntimeToJarDebug UP-TO-DATE
> Task :core:designsystem:bundleLibRuntimeToJarDebug UP-TO-DATE
> Task :core:ui:bundleLibRuntimeToJarDebug UP-TO-DATE
> Task :feature:onboarding:javaPreCompileDebug UP-TO-DATE
> Task :feature:onboarding:compileDebugJavaWithJavac UP-TO-DATE
> Task :feature:onboarding:transformDebugClassesWithAsm UP-TO-DATE
> Task :feature:onboarding:mergeDebugGeneratedProguardFiles UP-TO-DATE
> Task :feature:onboarding:mergeDebugConsumerProguardFiles UP-TO-DATE
> Task :feature:onboarding:prepareDebugArtProfile UP-TO-DATE
> Task :feature:onboarding:prepareLintJarForPublish UP-TO-DATE
> Task :feature:onboarding:processDebugManifest UP-TO-DATE
> Task :feature:onboarding:processDebugJavaRes UP-TO-DATE
> Task :feature:onboarding:mergeDebugJavaResource UP-TO-DATE
> Task :feature:onboarding:syncDebugLibJars UP-TO-DATE
> Task :feature:onboarding:writeDebugAarMetadata UP-TO-DATE
> Task :feature:onboarding:bundleDebugLocalLintAar
> Task :feature:dashboard:preBuild UP-TO-DATE
> Task :feature:dashboard:preDebugBuild UP-TO-DATE
> Task :feature:dashboard:checkDebugAarMetadata UP-TO-DATE
> Task :feature:dashboard:mergeDebugJniLibFolders UP-TO-DATE
> Task :feature:dashboard:mergeDebugNativeLibs NO-SOURCE
> Task :feature:dashboard:stripDebugDebugSymbols NO-SOURCE
> Task :feature:dashboard:copyDebugJniLibsProjectAndLocalJars UP-TO-DATE
> Task :feature:dashboard:checkKotlinGradlePluginConfigurationErrors SKIPPED
> Task :feature:dashboard:generateDebugResValues UP-TO-DATE
> Task :feature:dashboard:generateDebugResources UP-TO-DATE
> Task :feature:dashboard:packageDebugResources UP-TO-DATE
> Task :feature:dashboard:processDebugNavigationResources UP-TO-DATE
> Task :feature:dashboard:parseDebugLocalResources UP-TO-DATE
> Task :feature:dashboard:generateDebugRFile UP-TO-DATE
> Task :feature:dashboard:kspDebugKotlin UP-TO-DATE
> Task :feature:dashboard:compileDebugKotlin UP-TO-DATE
> Task :feature:dashboard:extractDebugAnnotations UP-TO-DATE
> Task :feature:dashboard:extractDeepLinksForAarDebug UP-TO-DATE
> Task :feature:dashboard:mergeDebugShaders UP-TO-DATE
> Task :feature:dashboard:compileDebugShaders NO-SOURCE
> Task :feature:dashboard:generateDebugAssets UP-TO-DATE
> Task :feature:dashboard:mergeDebugAssets UP-TO-DATE
> Task :core:database:bundleLibRuntimeToJarDebug UP-TO-DATE
> Task :core:files:bundleLibRuntimeToJarDebug UP-TO-DATE
> Task :feature:dashboard:javaPreCompileDebug UP-TO-DATE
> Task :feature:dashboard:compileDebugJavaWithJavac UP-TO-DATE
> Task :feature:dashboard:transformDebugClassesWithAsm UP-TO-DATE
> Task :feature:dashboard:mergeDebugGeneratedProguardFiles UP-TO-DATE
> Task :feature:dashboard:mergeDebugConsumerProguardFiles UP-TO-DATE
> Task :feature:dashboard:prepareDebugArtProfile UP-TO-DATE
> Task :feature:dashboard:prepareLintJarForPublish UP-TO-DATE
> Task :feature:dashboard:processDebugManifest UP-TO-DATE
> Task :feature:dashboard:processDebugJavaRes UP-TO-DATE
> Task :feature:dashboard:mergeDebugJavaResource UP-TO-DATE
> Task :feature:dashboard:syncDebugLibJars UP-TO-DATE
> Task :feature:dashboard:writeDebugAarMetadata UP-TO-DATE
> Task :feature:dashboard:bundleDebugLocalLintAar
> Task :feature:profile:preBuild UP-TO-DATE
> Task :feature:profile:preDebugBuild UP-TO-DATE
> Task :feature:profile:checkDebugAarMetadata UP-TO-DATE
> Task :feature:profile:mergeDebugJniLibFolders UP-TO-DATE
> Task :feature:profile:mergeDebugNativeLibs NO-SOURCE
> Task :feature:profile:stripDebugDebugSymbols NO-SOURCE
> Task :feature:profile:copyDebugJniLibsProjectAndLocalJars UP-TO-DATE
> Task :feature:profile:checkKotlinGradlePluginConfigurationErrors SKIPPED
> Task :feature:profile:generateDebugResValues UP-TO-DATE
> Task :feature:profile:generateDebugResources UP-TO-DATE
> Task :feature:profile:packageDebugResources UP-TO-DATE
> Task :feature:profile:processDebugNavigationResources UP-TO-DATE
> Task :feature:profile:parseDebugLocalResources UP-TO-DATE
> Task :feature:profile:generateDebugRFile UP-TO-DATE
> Task :feature:profile:kspDebugKotlin UP-TO-DATE
> Task :feature:profile:compileDebugKotlin UP-TO-DATE
> Task :feature:profile:extractDebugAnnotations UP-TO-DATE
> Task :feature:profile:extractDeepLinksForAarDebug UP-TO-DATE
> Task :feature:profile:mergeDebugShaders UP-TO-DATE
> Task :feature:profile:compileDebugShaders NO-SOURCE
> Task :feature:profile:generateDebugAssets UP-TO-DATE
> Task :feature:profile:mergeDebugAssets UP-TO-DATE
> Task :core:notifications:bundleLibRuntimeToJarDebug UP-TO-DATE
> Task :core:security:bundleLibRuntimeToJarDebug UP-TO-DATE
> Task :feature:profile:javaPreCompileDebug UP-TO-DATE
> Task :feature:profile:compileDebugJavaWithJavac UP-TO-DATE
> Task :feature:profile:transformDebugClassesWithAsm UP-TO-DATE
> Task :feature:profile:mergeDebugGeneratedProguardFiles UP-TO-DATE
> Task :feature:profile:mergeDebugConsumerProguardFiles UP-TO-DATE
> Task :feature:profile:prepareDebugArtProfile UP-TO-DATE
> Task :feature:profile:prepareLintJarForPublish UP-TO-DATE
> Task :feature:profile:processDebugManifest UP-TO-DATE
> Task :feature:profile:processDebugJavaRes UP-TO-DATE
> Task :feature:profile:mergeDebugJavaResource UP-TO-DATE
> Task :feature:profile:syncDebugLibJars UP-TO-DATE
> Task :feature:profile:writeDebugAarMetadata UP-TO-DATE
> Task :feature:profile:bundleDebugLocalLintAar
> Task :feature:timeline:preBuild UP-TO-DATE
> Task :feature:timeline:preDebugBuild UP-TO-DATE
> Task :feature:timeline:checkDebugAarMetadata UP-TO-DATE
> Task :feature:timeline:mergeDebugJniLibFolders UP-TO-DATE
> Task :feature:timeline:mergeDebugNativeLibs NO-SOURCE
> Task :feature:timeline:stripDebugDebugSymbols NO-SOURCE
> Task :feature:timeline:copyDebugJniLibsProjectAndLocalJars UP-TO-DATE
> Task :feature:timeline:checkKotlinGradlePluginConfigurationErrors SKIPPED
> Task :feature:timeline:generateDebugResValues UP-TO-DATE
> Task :feature:timeline:generateDebugResources UP-TO-DATE
> Task :feature:timeline:packageDebugResources UP-TO-DATE
> Task :feature:timeline:processDebugNavigationResources UP-TO-DATE
> Task :feature:timeline:parseDebugLocalResources UP-TO-DATE
> Task :feature:timeline:generateDebugRFile UP-TO-DATE
> Task :feature:timeline:kspDebugKotlin UP-TO-DATE
> Task :feature:timeline:compileDebugKotlin UP-TO-DATE
> Task :feature:timeline:extractDebugAnnotations UP-TO-DATE
> Task :feature:timeline:extractDeepLinksForAarDebug UP-TO-DATE
> Task :feature:timeline:mergeDebugShaders UP-TO-DATE
> Task :feature:timeline:compileDebugShaders NO-SOURCE
> Task :feature:timeline:generateDebugAssets UP-TO-DATE
> Task :feature:timeline:mergeDebugAssets UP-TO-DATE
> Task :feature:timeline:javaPreCompileDebug UP-TO-DATE
> Task :feature:timeline:compileDebugJavaWithJavac UP-TO-DATE
> Task :feature:timeline:transformDebugClassesWithAsm UP-TO-DATE
> Task :feature:timeline:mergeDebugGeneratedProguardFiles UP-TO-DATE
> Task :feature:timeline:mergeDebugConsumerProguardFiles UP-TO-DATE
> Task :feature:timeline:prepareDebugArtProfile UP-TO-DATE
> Task :feature:timeline:prepareLintJarForPublish UP-TO-DATE
> Task :feature:timeline:processDebugManifest UP-TO-DATE
> Task :feature:timeline:processDebugJavaRes UP-TO-DATE
> Task :feature:timeline:mergeDebugJavaResource UP-TO-DATE
> Task :feature:timeline:syncDebugLibJars UP-TO-DATE
> Task :feature:timeline:writeDebugAarMetadata UP-TO-DATE
> Task :feature:timeline:bundleDebugLocalLintAar
> Task :feature:symptoms:preBuild UP-TO-DATE
> Task :feature:symptoms:preDebugBuild UP-TO-DATE
> Task :feature:symptoms:checkDebugAarMetadata UP-TO-DATE
> Task :feature:symptoms:mergeDebugJniLibFolders UP-TO-DATE
> Task :feature:symptoms:mergeDebugNativeLibs NO-SOURCE
> Task :feature:symptoms:stripDebugDebugSymbols NO-SOURCE
> Task :feature:symptoms:copyDebugJniLibsProjectAndLocalJars UP-TO-DATE
> Task :feature:symptoms:checkKotlinGradlePluginConfigurationErrors SKIPPED
> Task :feature:symptoms:generateDebugResValues UP-TO-DATE
> Task :feature:symptoms:generateDebugResources UP-TO-DATE
> Task :feature:symptoms:packageDebugResources UP-TO-DATE
> Task :feature:symptoms:processDebugNavigationResources UP-TO-DATE
> Task :feature:symptoms:parseDebugLocalResources UP-TO-DATE
> Task :feature:symptoms:generateDebugRFile UP-TO-DATE
> Task :feature:symptoms:compileDebugKotlin UP-TO-DATE
> Task :feature:symptoms:extractDebugAnnotations UP-TO-DATE
> Task :feature:symptoms:extractDeepLinksForAarDebug UP-TO-DATE
> Task :feature:symptoms:mergeDebugShaders UP-TO-DATE
> Task :feature:symptoms:compileDebugShaders NO-SOURCE
> Task :feature:symptoms:generateDebugAssets UP-TO-DATE
> Task :feature:symptoms:mergeDebugAssets UP-TO-DATE
> Task :feature:symptoms:javaPreCompileDebug UP-TO-DATE
> Task :feature:symptoms:compileDebugJavaWithJavac NO-SOURCE
> Task :feature:symptoms:mergeDebugGeneratedProguardFiles UP-TO-DATE
> Task :feature:symptoms:mergeDebugConsumerProguardFiles UP-TO-DATE
> Task :feature:symptoms:prepareDebugArtProfile UP-TO-DATE
> Task :feature:symptoms:prepareLintJarForPublish UP-TO-DATE
> Task :feature:symptoms:processDebugManifest UP-TO-DATE
> Task :feature:symptoms:processDebugJavaRes UP-TO-DATE
> Task :feature:symptoms:mergeDebugJavaResource UP-TO-DATE
> Task :feature:symptoms:syncDebugLibJars UP-TO-DATE
> Task :feature:symptoms:writeDebugAarMetadata UP-TO-DATE
> Task :feature:symptoms:bundleDebugLocalLintAar
> Task :feature:records:preBuild UP-TO-DATE
> Task :feature:records:preDebugBuild UP-TO-DATE
> Task :feature:records:checkDebugAarMetadata UP-TO-DATE
> Task :feature:records:mergeDebugJniLibFolders UP-TO-DATE
> Task :feature:records:mergeDebugNativeLibs NO-SOURCE
> Task :feature:records:stripDebugDebugSymbols NO-SOURCE
> Task :feature:records:copyDebugJniLibsProjectAndLocalJars UP-TO-DATE
> Task :feature:records:checkKotlinGradlePluginConfigurationErrors SKIPPED
> Task :feature:records:generateDebugResValues UP-TO-DATE
> Task :feature:records:generateDebugResources UP-TO-DATE
> Task :feature:records:packageDebugResources UP-TO-DATE
> Task :feature:records:processDebugNavigationResources UP-TO-DATE
> Task :feature:records:parseDebugLocalResources UP-TO-DATE
> Task :feature:records:generateDebugRFile UP-TO-DATE
> Task :feature:records:kspDebugKotlin UP-TO-DATE
> Task :feature:records:compileDebugKotlin UP-TO-DATE
> Task :feature:records:extractDebugAnnotations UP-TO-DATE
> Task :feature:records:extractDeepLinksForAarDebug UP-TO-DATE
> Task :feature:records:mergeDebugShaders UP-TO-DATE
> Task :feature:records:compileDebugShaders NO-SOURCE
> Task :feature:records:generateDebugAssets UP-TO-DATE
> Task :feature:records:mergeDebugAssets UP-TO-DATE
> Task :feature:records:javaPreCompileDebug UP-TO-DATE
> Task :feature:records:compileDebugJavaWithJavac UP-TO-DATE
> Task :feature:records:transformDebugClassesWithAsm UP-TO-DATE
> Task :feature:records:mergeDebugGeneratedProguardFiles UP-TO-DATE
> Task :feature:records:mergeDebugConsumerProguardFiles UP-TO-DATE
> Task :feature:records:prepareDebugArtProfile UP-TO-DATE
> Task :feature:records:prepareLintJarForPublish UP-TO-DATE
> Task :feature:records:processDebugManifest UP-TO-DATE
> Task :feature:records:processDebugJavaRes UP-TO-DATE
> Task :feature:records:mergeDebugJavaResource UP-TO-DATE
> Task :feature:records:syncDebugLibJars UP-TO-DATE
> Task :feature:records:writeDebugAarMetadata UP-TO-DATE
> Task :feature:records:bundleDebugLocalLintAar
> Task :feature:medications:preBuild UP-TO-DATE
> Task :feature:medications:preDebugBuild UP-TO-DATE
> Task :feature:medications:checkDebugAarMetadata UP-TO-DATE
> Task :feature:medications:mergeDebugJniLibFolders UP-TO-DATE
> Task :feature:medications:mergeDebugNativeLibs NO-SOURCE
> Task :feature:medications:stripDebugDebugSymbols NO-SOURCE
> Task :feature:medications:copyDebugJniLibsProjectAndLocalJars UP-TO-DATE
> Task :feature:medications:checkKotlinGradlePluginConfigurationErrors SKIPPED
> Task :feature:medications:generateDebugResValues UP-TO-DATE
> Task :feature:medications:generateDebugResources UP-TO-DATE
> Task :feature:medications:packageDebugResources UP-TO-DATE
> Task :feature:medications:processDebugNavigationResources UP-TO-DATE
> Task :feature:medications:parseDebugLocalResources UP-TO-DATE
> Task :feature:medications:generateDebugRFile UP-TO-DATE
> Task :feature:medications:compileDebugKotlin UP-TO-DATE
> Task :feature:medications:extractDebugAnnotations UP-TO-DATE
> Task :feature:medications:extractDeepLinksForAarDebug UP-TO-DATE
> Task :feature:medications:mergeDebugShaders UP-TO-DATE
> Task :feature:medications:compileDebugShaders NO-SOURCE
> Task :feature:medications:generateDebugAssets UP-TO-DATE
> Task :feature:medications:mergeDebugAssets UP-TO-DATE
> Task :feature:medications:javaPreCompileDebug UP-TO-DATE
> Task :feature:medications:compileDebugJavaWithJavac NO-SOURCE
> Task :feature:medications:mergeDebugGeneratedProguardFiles UP-TO-DATE
> Task :feature:medications:mergeDebugConsumerProguardFiles UP-TO-DATE
> Task :feature:medications:prepareDebugArtProfile UP-TO-DATE
> Task :feature:medications:prepareLintJarForPublish UP-TO-DATE
> Task :feature:medications:processDebugManifest UP-TO-DATE
> Task :feature:medications:processDebugJavaRes UP-TO-DATE
> Task :feature:medications:mergeDebugJavaResource UP-TO-DATE
> Task :feature:medications:syncDebugLibJars UP-TO-DATE
> Task :feature:medications:writeDebugAarMetadata UP-TO-DATE
> Task :feature:medications:bundleDebugLocalLintAar
> Task :feature:reminders:preBuild UP-TO-DATE
> Task :feature:reminders:preDebugBuild UP-TO-DATE
> Task :feature:reminders:checkDebugAarMetadata UP-TO-DATE
> Task :feature:reminders:mergeDebugJniLibFolders UP-TO-DATE
> Task :feature:reminders:mergeDebugNativeLibs NO-SOURCE
> Task :feature:reminders:stripDebugDebugSymbols NO-SOURCE
> Task :feature:reminders:copyDebugJniLibsProjectAndLocalJars UP-TO-DATE
> Task :feature:reminders:checkKotlinGradlePluginConfigurationErrors SKIPPED
> Task :feature:reminders:generateDebugResValues UP-TO-DATE
> Task :feature:reminders:generateDebugResources UP-TO-DATE
> Task :feature:reminders:packageDebugResources UP-TO-DATE
> Task :feature:reminders:processDebugNavigationResources UP-TO-DATE
> Task :feature:reminders:parseDebugLocalResources UP-TO-DATE
> Task :feature:reminders:generateDebugRFile UP-TO-DATE
> Task :feature:reminders:kspDebugKotlin UP-TO-DATE
> Task :feature:reminders:compileDebugKotlin UP-TO-DATE
> Task :feature:reminders:extractDebugAnnotations UP-TO-DATE
> Task :feature:reminders:extractDeepLinksForAarDebug UP-TO-DATE
> Task :feature:reminders:mergeDebugShaders UP-TO-DATE
> Task :feature:reminders:compileDebugShaders NO-SOURCE
> Task :feature:reminders:generateDebugAssets UP-TO-DATE
> Task :feature:reminders:mergeDebugAssets UP-TO-DATE
> Task :feature:reminders:javaPreCompileDebug UP-TO-DATE
> Task :feature:reminders:compileDebugJavaWithJavac UP-TO-DATE
> Task :feature:reminders:transformDebugClassesWithAsm UP-TO-DATE
> Task :feature:reminders:mergeDebugGeneratedProguardFiles UP-TO-DATE
> Task :feature:reminders:mergeDebugConsumerProguardFiles UP-TO-DATE
> Task :feature:reminders:prepareDebugArtProfile UP-TO-DATE
> Task :feature:reminders:prepareLintJarForPublish UP-TO-DATE
> Task :feature:reminders:processDebugManifest UP-TO-DATE
> Task :feature:reminders:processDebugJavaRes UP-TO-DATE
> Task :feature:reminders:mergeDebugJavaResource UP-TO-DATE
> Task :feature:reminders:syncDebugLibJars UP-TO-DATE
> Task :feature:reminders:writeDebugAarMetadata UP-TO-DATE
> Task :feature:reminders:bundleDebugLocalLintAar
> Task :feature:appointments:preBuild UP-TO-DATE
> Task :feature:appointments:preDebugBuild UP-TO-DATE
> Task :feature:appointments:checkDebugAarMetadata UP-TO-DATE
> Task :feature:appointments:mergeDebugJniLibFolders UP-TO-DATE
> Task :feature:appointments:mergeDebugNativeLibs NO-SOURCE
> Task :feature:appointments:stripDebugDebugSymbols NO-SOURCE
> Task :feature:appointments:copyDebugJniLibsProjectAndLocalJars UP-TO-DATE
> Task :feature:appointments:checkKotlinGradlePluginConfigurationErrors SKIPPED
> Task :feature:appointments:generateDebugResValues UP-TO-DATE
> Task :feature:appointments:generateDebugResources UP-TO-DATE
> Task :feature:appointments:packageDebugResources UP-TO-DATE
> Task :feature:appointments:processDebugNavigationResources UP-TO-DATE
> Task :feature:appointments:parseDebugLocalResources UP-TO-DATE
> Task :feature:appointments:generateDebugRFile UP-TO-DATE
> Task :feature:appointments:compileDebugKotlin UP-TO-DATE
> Task :feature:appointments:extractDebugAnnotations UP-TO-DATE
> Task :feature:appointments:extractDeepLinksForAarDebug UP-TO-DATE
> Task :feature:appointments:mergeDebugShaders UP-TO-DATE
> Task :feature:appointments:compileDebugShaders NO-SOURCE
> Task :feature:appointments:generateDebugAssets UP-TO-DATE
> Task :feature:appointments:mergeDebugAssets UP-TO-DATE
> Task :feature:appointments:javaPreCompileDebug UP-TO-DATE
> Task :feature:appointments:compileDebugJavaWithJavac NO-SOURCE
> Task :feature:appointments:mergeDebugGeneratedProguardFiles UP-TO-DATE
> Task :feature:appointments:mergeDebugConsumerProguardFiles UP-TO-DATE
> Task :feature:appointments:prepareDebugArtProfile UP-TO-DATE
> Task :feature:appointments:prepareLintJarForPublish UP-TO-DATE
> Task :feature:appointments:processDebugManifest UP-TO-DATE
> Task :feature:appointments:processDebugJavaRes UP-TO-DATE
> Task :feature:appointments:mergeDebugJavaResource UP-TO-DATE
> Task :feature:appointments:syncDebugLibJars UP-TO-DATE
> Task :feature:appointments:writeDebugAarMetadata UP-TO-DATE
> Task :feature:appointments:bundleDebugLocalLintAar
> Task :feature:reports:preBuild UP-TO-DATE
> Task :feature:reports:preDebugBuild UP-TO-DATE
> Task :feature:reports:checkDebugAarMetadata UP-TO-DATE
> Task :feature:reports:mergeDebugJniLibFolders UP-TO-DATE
> Task :feature:reports:mergeDebugNativeLibs NO-SOURCE
> Task :feature:reports:stripDebugDebugSymbols NO-SOURCE
> Task :feature:reports:copyDebugJniLibsProjectAndLocalJars UP-TO-DATE
> Task :feature:reports:checkKotlinGradlePluginConfigurationErrors SKIPPED
> Task :feature:reports:generateDebugResValues UP-TO-DATE
> Task :feature:reports:generateDebugResources UP-TO-DATE
> Task :feature:reports:packageDebugResources UP-TO-DATE
> Task :feature:reports:processDebugNavigationResources UP-TO-DATE
> Task :feature:reports:parseDebugLocalResources UP-TO-DATE
> Task :feature:reports:generateDebugRFile UP-TO-DATE
> Task :feature:reports:compileDebugKotlin UP-TO-DATE
> Task :feature:reports:extractDebugAnnotations UP-TO-DATE
> Task :feature:reports:extractDeepLinksForAarDebug UP-TO-DATE
> Task :feature:reports:mergeDebugShaders UP-TO-DATE
> Task :feature:reports:compileDebugShaders NO-SOURCE
> Task :feature:reports:generateDebugAssets UP-TO-DATE
> Task :feature:reports:mergeDebugAssets UP-TO-DATE
> Task :feature:reports:javaPreCompileDebug UP-TO-DATE
> Task :feature:reports:compileDebugJavaWithJavac NO-SOURCE
> Task :feature:reports:mergeDebugGeneratedProguardFiles UP-TO-DATE
> Task :feature:reports:mergeDebugConsumerProguardFiles UP-TO-DATE
> Task :feature:reports:prepareDebugArtProfile UP-TO-DATE
> Task :feature:reports:prepareLintJarForPublish UP-TO-DATE
> Task :feature:reports:processDebugManifest UP-TO-DATE
> Task :feature:reports:processDebugJavaRes UP-TO-DATE
> Task :feature:reports:mergeDebugJavaResource UP-TO-DATE
> Task :feature:reports:syncDebugLibJars UP-TO-DATE
> Task :feature:reports:writeDebugAarMetadata UP-TO-DATE
> Task :feature:reports:bundleDebugLocalLintAar
> Task :feature:settings:preBuild UP-TO-DATE
> Task :feature:settings:preDebugBuild UP-TO-DATE
> Task :feature:settings:checkDebugAarMetadata UP-TO-DATE
> Task :feature:settings:mergeDebugJniLibFolders UP-TO-DATE
> Task :feature:settings:mergeDebugNativeLibs NO-SOURCE
> Task :feature:settings:stripDebugDebugSymbols NO-SOURCE
> Task :feature:settings:copyDebugJniLibsProjectAndLocalJars UP-TO-DATE
> Task :feature:settings:checkKotlinGradlePluginConfigurationErrors SKIPPED
> Task :feature:settings:generateDebugResValues UP-TO-DATE
> Task :feature:settings:generateDebugResources UP-TO-DATE
> Task :feature:settings:packageDebugResources UP-TO-DATE
> Task :feature:settings:processDebugNavigationResources UP-TO-DATE
> Task :feature:settings:parseDebugLocalResources UP-TO-DATE
> Task :feature:settings:generateDebugRFile UP-TO-DATE
> Task :feature:settings:compileDebugKotlin UP-TO-DATE
> Task :feature:settings:extractDebugAnnotations UP-TO-DATE
> Task :feature:settings:extractDeepLinksForAarDebug UP-TO-DATE
> Task :feature:settings:mergeDebugShaders UP-TO-DATE
> Task :feature:settings:compileDebugShaders NO-SOURCE
> Task :feature:settings:generateDebugAssets UP-TO-DATE
> Task :feature:settings:mergeDebugAssets UP-TO-DATE
> Task :feature:settings:javaPreCompileDebug UP-TO-DATE
> Task :feature:settings:compileDebugJavaWithJavac NO-SOURCE
> Task :feature:settings:mergeDebugGeneratedProguardFiles UP-TO-DATE
> Task :feature:settings:mergeDebugConsumerProguardFiles UP-TO-DATE
> Task :feature:settings:prepareDebugArtProfile UP-TO-DATE
> Task :feature:settings:prepareLintJarForPublish UP-TO-DATE
> Task :feature:settings:processDebugManifest UP-TO-DATE
> Task :feature:settings:processDebugJavaRes UP-TO-DATE
> Task :feature:settings:mergeDebugJavaResource UP-TO-DATE
> Task :feature:settings:syncDebugLibJars UP-TO-DATE
> Task :feature:settings:writeDebugAarMetadata UP-TO-DATE
> Task :feature:settings:bundleDebugLocalLintAar
> Task :app:checkKotlinGradlePluginConfigurationErrors SKIPPED
> Task :app:preBuild UP-TO-DATE
> Task :app:preDebugBuild UP-TO-DATE
> Task :app:checkDebugAarMetadata UP-TO-DATE
> Task :app:processDebugNavigationResources UP-TO-DATE
> Task :app:compileDebugNavigationResources UP-TO-DATE
> Task :app:generateDebugResValues UP-TO-DATE
> Task :app:mapDebugSourceSetPaths UP-TO-DATE
> Task :app:generateDebugResources UP-TO-DATE
> Task :app:mergeDebugResources UP-TO-DATE
> Task :app:packageDebugResources UP-TO-DATE
> Task :app:parseDebugLocalResources UP-TO-DATE
> Task :app:createDebugCompatibleScreenManifests UP-TO-DATE
> Task :app:extractDeepLinksDebug UP-TO-DATE
> Task :core:data:extractDeepLinksDebug UP-TO-DATE
> Task :core:database:extractDeepLinksDebug UP-TO-DATE
> Task :core:datastore:extractDeepLinksDebug UP-TO-DATE
> Task :core:designsystem:extractDeepLinksDebug UP-TO-DATE
> Task :core:files:extractDeepLinksDebug UP-TO-DATE
> Task :core:notifications:extractDeepLinksDebug UP-TO-DATE
> Task :core:security:extractDeepLinksDebug UP-TO-DATE
> Task :core:ui:extractDeepLinksDebug UP-TO-DATE
> Task :feature:appointments:extractDeepLinksDebug UP-TO-DATE
> Task :feature:dashboard:extractDeepLinksDebug UP-TO-DATE
> Task :feature:medications:extractDeepLinksDebug UP-TO-DATE
> Task :feature:onboarding:extractDeepLinksDebug UP-TO-DATE
> Task :feature:profile:extractDeepLinksDebug UP-TO-DATE
> Task :feature:records:extractDeepLinksDebug UP-TO-DATE
> Task :feature:reminders:extractDeepLinksDebug UP-TO-DATE
> Task :feature:reports:extractDeepLinksDebug UP-TO-DATE
> Task :feature:settings:extractDeepLinksDebug UP-TO-DATE
> Task :feature:symptoms:extractDeepLinksDebug UP-TO-DATE
> Task :feature:timeline:extractDeepLinksDebug UP-TO-DATE
> Task :app:processDebugMainManifest UP-TO-DATE
> Task :app:processDebugManifest UP-TO-DATE
> Task :app:processDebugManifestForPackage UP-TO-DATE
> Task :core:data:compileDebugLibraryResources UP-TO-DATE
> Task :core:database:compileDebugLibraryResources UP-TO-DATE
> Task :core:datastore:compileDebugLibraryResources UP-TO-DATE
> Task :core:designsystem:compileDebugLibraryResources UP-TO-DATE
> Task :core:files:compileDebugLibraryResources UP-TO-DATE
> Task :core:notifications:compileDebugLibraryResources UP-TO-DATE
> Task :core:security:compileDebugLibraryResources UP-TO-DATE
> Task :core:ui:compileDebugLibraryResources UP-TO-DATE
> Task :feature:appointments:compileDebugLibraryResources UP-TO-DATE
> Task :feature:dashboard:compileDebugLibraryResources UP-TO-DATE
> Task :feature:medications:compileDebugLibraryResources UP-TO-DATE
> Task :feature:onboarding:compileDebugLibraryResources UP-TO-DATE
> Task :feature:profile:compileDebugLibraryResources UP-TO-DATE
> Task :feature:records:compileDebugLibraryResources UP-TO-DATE
> Task :feature:reminders:compileDebugLibraryResources UP-TO-DATE
> Task :feature:reports:compileDebugLibraryResources UP-TO-DATE
> Task :feature:settings:compileDebugLibraryResources UP-TO-DATE
> Task :feature:symptoms:compileDebugLibraryResources UP-TO-DATE
> Task :feature:timeline:compileDebugLibraryResources UP-TO-DATE
> Task :app:processDebugResources UP-TO-DATE
> Task :core:data:bundleLibCompileToJarDebug UP-TO-DATE
> Task :feature:appointments:bundleLibCompileToJarDebug UP-TO-DATE
> Task :feature:dashboard:bundleLibCompileToJarDebug UP-TO-DATE
> Task :feature:medications:bundleLibCompileToJarDebug UP-TO-DATE
> Task :feature:onboarding:bundleLibCompileToJarDebug UP-TO-DATE
> Task :feature:profile:bundleLibCompileToJarDebug UP-TO-DATE
> Task :feature:records:bundleLibCompileToJarDebug UP-TO-DATE
> Task :feature:reminders:bundleLibCompileToJarDebug UP-TO-DATE
> Task :feature:reports:bundleLibCompileToJarDebug UP-TO-DATE
> Task :feature:settings:bundleLibCompileToJarDebug UP-TO-DATE
> Task :feature:symptoms:bundleLibCompileToJarDebug UP-TO-DATE
> Task :feature:timeline:bundleLibCompileToJarDebug UP-TO-DATE
> Task :app:kspDebugKotlin UP-TO-DATE
> Task :app:compileDebugKotlin UP-TO-DATE
> Task :app:javaPreCompileDebug UP-TO-DATE
> Task :app:compileDebugJavaWithJavac UP-TO-DATE
> Task :core:data:bundleLibRuntimeToJarDebug UP-TO-DATE
> Task :feature:profile:bundleLibRuntimeToJarDebug UP-TO-DATE
> Task :feature:reminders:bundleLibRuntimeToJarDebug UP-TO-DATE
> Task :feature:dashboard:bundleLibRuntimeToJarDebug UP-TO-DATE
> Task :feature:timeline:bundleLibRuntimeToJarDebug UP-TO-DATE
> Task :feature:records:bundleLibRuntimeToJarDebug UP-TO-DATE
> Task :feature:medications:bundleLibRuntimeToJarDebug UP-TO-DATE
> Task :feature:onboarding:bundleLibRuntimeToJarDebug UP-TO-DATE
> Task :feature:symptoms:bundleLibRuntimeToJarDebug UP-TO-DATE
> Task :feature:appointments:bundleLibRuntimeToJarDebug UP-TO-DATE
> Task :feature:reports:bundleLibRuntimeToJarDebug UP-TO-DATE
> Task :feature:settings:bundleLibRuntimeToJarDebug UP-TO-DATE
> Task :app:hiltAggregateDepsDebug UP-TO-DATE
> Task :app:hiltJavaCompileDebug UP-TO-DATE
> Task :app:bundleDebugClassesToCompileJar UP-TO-DATE
> Task :app:preDebugAndroidTestBuild SKIPPED
> Task :app:generateDebugAndroidTestResValues
> Task :core:data:createFullJarDebug
> Task :core:data:writeDebugLintModelMetadata
> Task :core:database:createFullJarDebug
> Task :core:database:writeDebugLintModelMetadata
> Task :core:datastore:createFullJarDebug
> Task :core:datastore:writeDebugLintModelMetadata
> Task :core:designsystem:createFullJarDebug
> Task :core:designsystem:writeDebugLintModelMetadata
> Task :core:files:createFullJarDebug
> Task :core:files:writeDebugLintModelMetadata
> Task :core:notifications:createFullJarDebug
> Task :core:notifications:writeDebugLintModelMetadata
> Task :core:security:createFullJarDebug
> Task :core:security:writeDebugLintModelMetadata
> Task :core:ui:createFullJarDebug
> Task :core:ui:writeDebugLintModelMetadata
> Task :feature:appointments:createFullJarDebug
> Task :feature:appointments:writeDebugLintModelMetadata
> Task :feature:dashboard:createFullJarDebug
> Task :feature:dashboard:writeDebugLintModelMetadata
> Task :feature:medications:createFullJarDebug
> Task :feature:medications:writeDebugLintModelMetadata
> Task :feature:onboarding:createFullJarDebug
> Task :feature:onboarding:writeDebugLintModelMetadata
> Task :feature:profile:createFullJarDebug
> Task :feature:profile:writeDebugLintModelMetadata
> Task :feature:records:createFullJarDebug
> Task :feature:records:writeDebugLintModelMetadata
> Task :feature:reminders:createFullJarDebug
> Task :feature:reminders:writeDebugLintModelMetadata
> Task :feature:reports:createFullJarDebug
> Task :feature:reports:writeDebugLintModelMetadata
> Task :feature:settings:createFullJarDebug
> Task :feature:settings:writeDebugLintModelMetadata
> Task :feature:symptoms:createFullJarDebug
> Task :feature:symptoms:writeDebugLintModelMetadata
> Task :feature:timeline:createFullJarDebug
> Task :feature:timeline:writeDebugLintModelMetadata
> Task :app:generateDebugAndroidTestLintModel
> Task :app:extractProguardFiles UP-TO-DATE
> Task :core:data:extractProguardFiles UP-TO-DATE
> Task :core:database:extractProguardFiles UP-TO-DATE
> Task :core:database:generateDebugLintModel
> Task :core:datastore:extractProguardFiles UP-TO-DATE
> Task :core:datastore:generateDebugLintModel
> Task :core:files:extractProguardFiles UP-TO-DATE
> Task :core:files:generateDebugLintModel
> Task :core:notifications:extractProguardFiles UP-TO-DATE
> Task :core:notifications:generateDebugLintModel
> Task :core:security:extractProguardFiles UP-TO-DATE
> Task :core:security:generateDebugLintModel
> Task :core:data:generateDebugLintModel
> Task :core:designsystem:extractProguardFiles UP-TO-DATE
> Task :core:designsystem:generateDebugLintModel
> Task :core:ui:extractProguardFiles UP-TO-DATE
> Task :core:ui:generateDebugLintModel
> Task :feature:appointments:extractProguardFiles UP-TO-DATE
> Task :feature:appointments:generateDebugLintModel
> Task :feature:dashboard:extractProguardFiles UP-TO-DATE
> Task :feature:dashboard:generateDebugLintModel
> Task :feature:medications:extractProguardFiles UP-TO-DATE
> Task :feature:medications:generateDebugLintModel
> Task :feature:onboarding:extractProguardFiles UP-TO-DATE
> Task :feature:onboarding:generateDebugLintModel
> Task :feature:profile:extractProguardFiles UP-TO-DATE
> Task :feature:profile:generateDebugLintModel
> Task :feature:records:extractProguardFiles UP-TO-DATE
> Task :feature:records:generateDebugLintModel
> Task :feature:reminders:extractProguardFiles UP-TO-DATE
> Task :feature:reminders:generateDebugLintModel
> Task :feature:reports:extractProguardFiles UP-TO-DATE
> Task :feature:reports:generateDebugLintModel
> Task :feature:settings:extractProguardFiles UP-TO-DATE
> Task :feature:settings:generateDebugLintModel
> Task :feature:symptoms:extractProguardFiles UP-TO-DATE
> Task :feature:symptoms:generateDebugLintModel
> Task :feature:timeline:extractProguardFiles UP-TO-DATE
> Task :feature:timeline:generateDebugLintModel
> Task :app:generateDebugLintReportModel
> Task :app:preDebugUnitTestBuild UP-TO-DATE
> Task :app:generateDebugUnitTestLintModel
> Task :core:database:lintAnalyzeDebug
> Task :core:datastore:lintAnalyzeDebug
> Task :core:files:lintAnalyzeDebug
> Task :core:notifications:lintAnalyzeDebug
> Task :core:security:lintAnalyzeDebug
> Task :core:data:lintAnalyzeDebug
> Task :core:designsystem:lintAnalyzeDebug
> Task :core:ui:lintAnalyzeDebug
> Task :feature:appointments:lintAnalyzeDebug
> Task :feature:dashboard:lintAnalyzeDebug
> Task :feature:medications:lintAnalyzeDebug
> Task :feature:onboarding:lintAnalyzeDebug
> Task :feature:profile:lintAnalyzeDebug
> Task :feature:records:lintAnalyzeDebug
> Task :feature:reminders:lintAnalyzeDebug
> Task :feature:reports:lintAnalyzeDebug
> Task :feature:settings:lintAnalyzeDebug
> Task :feature:symptoms:lintAnalyzeDebug
> Task :feature:timeline:lintAnalyzeDebug
> Task :app:lintAnalyzeDebug
> Task :app:lintAnalyzeDebugAndroidTest
> Task :app:lintAnalyzeDebugUnitTest
> Task :core:data:preDebugAndroidTestBuild UP-TO-DATE
> Task :core:data:generateDebugAndroidTestResValues
> Task :core:data:generateDebugAndroidTestLintModel
> Task :core:data:preDebugUnitTestBuild UP-TO-DATE
> Task :core:data:generateDebugUnitTestLintModel
> Task :core:data:lintAnalyzeDebugAndroidTest
> Task :core:data:lintAnalyzeDebugUnitTest
> Task :core:database:preDebugAndroidTestBuild UP-TO-DATE
> Task :core:database:generateDebugAndroidTestResValues
> Task :core:database:generateDebugAndroidTestLintModel
> Task :core:database:preDebugUnitTestBuild UP-TO-DATE
> Task :core:database:generateDebugUnitTestLintModel
> Task :core:database:lintAnalyzeDebugAndroidTest
> Task :core:database:lintAnalyzeDebugUnitTest
> Task :core:datastore:preDebugAndroidTestBuild UP-TO-DATE
> Task :core:datastore:generateDebugAndroidTestResValues
> Task :core:datastore:generateDebugAndroidTestLintModel
> Task :core:datastore:preDebugUnitTestBuild UP-TO-DATE
> Task :core:datastore:generateDebugUnitTestLintModel
> Task :core:datastore:lintAnalyzeDebugAndroidTest
> Task :core:datastore:lintAnalyzeDebugUnitTest
> Task :core:designsystem:preDebugAndroidTestBuild UP-TO-DATE
> Task :core:designsystem:generateDebugAndroidTestResValues
> Task :core:designsystem:generateDebugAndroidTestLintModel
> Task :core:designsystem:preDebugUnitTestBuild UP-TO-DATE
> Task :core:designsystem:generateDebugUnitTestLintModel
> Task :core:designsystem:lintAnalyzeDebugAndroidTest
> Task :core:designsystem:lintAnalyzeDebugUnitTest
> Task :core:files:preDebugAndroidTestBuild UP-TO-DATE
> Task :core:files:generateDebugAndroidTestResValues
> Task :core:files:generateDebugAndroidTestLintModel
> Task :core:files:preDebugUnitTestBuild UP-TO-DATE
> Task :core:files:generateDebugUnitTestLintModel
> Task :core:files:lintAnalyzeDebugAndroidTest
> Task :core:files:lintAnalyzeDebugUnitTest
> Task :core:notifications:preDebugAndroidTestBuild UP-TO-DATE
> Task :core:notifications:generateDebugAndroidTestResValues
> Task :core:notifications:generateDebugAndroidTestLintModel
> Task :core:notifications:preDebugUnitTestBuild UP-TO-DATE
> Task :core:notifications:generateDebugUnitTestLintModel
> Task :core:notifications:lintAnalyzeDebugAndroidTest
> Task :core:notifications:lintAnalyzeDebugUnitTest
> Task :core:security:preDebugAndroidTestBuild UP-TO-DATE
> Task :core:security:generateDebugAndroidTestResValues
> Task :core:security:generateDebugAndroidTestLintModel
> Task :core:security:preDebugUnitTestBuild UP-TO-DATE
> Task :core:security:generateDebugUnitTestLintModel
> Task :core:security:lintAnalyzeDebugAndroidTest
> Task :core:security:lintAnalyzeDebugUnitTest
> Task :core:ui:preDebugAndroidTestBuild UP-TO-DATE
> Task :core:ui:generateDebugAndroidTestResValues
> Task :core:ui:generateDebugAndroidTestLintModel
> Task :core:ui:preDebugUnitTestBuild UP-TO-DATE
> Task :core:ui:generateDebugUnitTestLintModel
> Task :core:ui:lintAnalyzeDebugAndroidTest
> Task :core:ui:lintAnalyzeDebugUnitTest
> Task :feature:appointments:preDebugAndroidTestBuild UP-TO-DATE
> Task :feature:appointments:generateDebugAndroidTestResValues
> Task :feature:appointments:generateDebugAndroidTestLintModel
> Task :feature:appointments:preDebugUnitTestBuild UP-TO-DATE
> Task :feature:appointments:generateDebugUnitTestLintModel
> Task :feature:appointments:lintAnalyzeDebugAndroidTest
> Task :feature:appointments:lintAnalyzeDebugUnitTest
> Task :feature:dashboard:preDebugAndroidTestBuild UP-TO-DATE
> Task :feature:dashboard:generateDebugAndroidTestResValues
> Task :feature:dashboard:generateDebugAndroidTestLintModel
> Task :feature:dashboard:preDebugUnitTestBuild UP-TO-DATE
> Task :feature:dashboard:generateDebugUnitTestLintModel
> Task :feature:dashboard:lintAnalyzeDebugAndroidTest
> Task :feature:dashboard:lintAnalyzeDebugUnitTest
> Task :feature:medications:preDebugAndroidTestBuild UP-TO-DATE
> Task :feature:medications:generateDebugAndroidTestResValues
> Task :feature:medications:generateDebugAndroidTestLintModel
> Task :feature:medications:preDebugUnitTestBuild UP-TO-DATE
> Task :feature:medications:generateDebugUnitTestLintModel
> Task :feature:medications:lintAnalyzeDebugAndroidTest
> Task :feature:medications:lintAnalyzeDebugUnitTest
> Task :feature:onboarding:preDebugAndroidTestBuild UP-TO-DATE
> Task :feature:onboarding:generateDebugAndroidTestResValues
> Task :feature:onboarding:generateDebugAndroidTestLintModel
> Task :feature:onboarding:preDebugUnitTestBuild UP-TO-DATE
> Task :feature:onboarding:generateDebugUnitTestLintModel
> Task :feature:onboarding:lintAnalyzeDebugAndroidTest
> Task :feature:onboarding:lintAnalyzeDebugUnitTest
> Task :feature:profile:preDebugAndroidTestBuild UP-TO-DATE
> Task :feature:profile:generateDebugAndroidTestResValues
> Task :feature:profile:generateDebugAndroidTestLintModel
> Task :feature:profile:preDebugUnitTestBuild UP-TO-DATE
> Task :feature:profile:generateDebugUnitTestLintModel
> Task :feature:profile:lintAnalyzeDebugAndroidTest
> Task :feature:profile:lintAnalyzeDebugUnitTest
> Task :feature:records:preDebugAndroidTestBuild UP-TO-DATE
> Task :feature:records:generateDebugAndroidTestResValues
> Task :feature:records:generateDebugAndroidTestLintModel
> Task :feature:records:preDebugUnitTestBuild UP-TO-DATE
> Task :feature:records:generateDebugUnitTestLintModel
> Task :feature:records:lintAnalyzeDebugAndroidTest
> Task :feature:records:lintAnalyzeDebugUnitTest
> Task :feature:reminders:preDebugAndroidTestBuild UP-TO-DATE
> Task :feature:reminders:generateDebugAndroidTestResValues
> Task :feature:reminders:generateDebugAndroidTestLintModel
> Task :feature:reminders:preDebugUnitTestBuild UP-TO-DATE
> Task :feature:reminders:generateDebugUnitTestLintModel
> Task :feature:reminders:lintAnalyzeDebugAndroidTest
> Task :feature:reminders:lintAnalyzeDebugUnitTest
> Task :feature:reports:preDebugAndroidTestBuild UP-TO-DATE
> Task :feature:reports:generateDebugAndroidTestResValues
> Task :feature:reports:generateDebugAndroidTestLintModel
> Task :feature:reports:preDebugUnitTestBuild UP-TO-DATE
> Task :feature:reports:generateDebugUnitTestLintModel
> Task :feature:reports:lintAnalyzeDebugAndroidTest
> Task :feature:reports:lintAnalyzeDebugUnitTest
> Task :feature:settings:preDebugAndroidTestBuild UP-TO-DATE
> Task :feature:settings:generateDebugAndroidTestResValues
> Task :feature:settings:generateDebugAndroidTestLintModel
> Task :feature:settings:preDebugUnitTestBuild UP-TO-DATE
> Task :feature:settings:generateDebugUnitTestLintModel
> Task :feature:settings:lintAnalyzeDebugAndroidTest
> Task :feature:settings:lintAnalyzeDebugUnitTest
> Task :feature:symptoms:preDebugAndroidTestBuild UP-TO-DATE
> Task :feature:symptoms:generateDebugAndroidTestResValues
> Task :feature:symptoms:generateDebugAndroidTestLintModel
> Task :feature:symptoms:preDebugUnitTestBuild UP-TO-DATE
> Task :feature:symptoms:generateDebugUnitTestLintModel
> Task :feature:symptoms:lintAnalyzeDebugAndroidTest
> Task :feature:symptoms:lintAnalyzeDebugUnitTest
> Task :feature:timeline:preDebugAndroidTestBuild UP-TO-DATE
> Task :feature:timeline:generateDebugAndroidTestResValues
> Task :feature:timeline:generateDebugAndroidTestLintModel
> Task :feature:timeline:preDebugUnitTestBuild UP-TO-DATE
> Task :feature:timeline:generateDebugUnitTestLintModel
> Task :feature:timeline:lintAnalyzeDebugAndroidTest
> Task :feature:timeline:lintAnalyzeDebugUnitTest

> Task :app:lintReportDebug
Wrote HTML report to file:///home/munaim/srv/apps/health/app/build/reports/lint-results-debug.html

> Task :app:lintDebug
> Task :app:lint
> Task :core:data:generateDebugLintReportModel
> Task :core:data:lintReportDebug
> Task :core:data:lintDebug
> Task :core:data:lint
> Task :core:database:generateDebugLintReportModel
> Task :core:database:lintReportDebug
> Task :core:database:lintDebug
> Task :core:database:lint
> Task :core:datastore:generateDebugLintReportModel
> Task :core:datastore:lintReportDebug
> Task :core:datastore:lintDebug
> Task :core:datastore:lint
> Task :core:designsystem:generateDebugLintReportModel

> Task :core:designsystem:lintReportDebug
Wrote HTML report to file:///home/munaim/srv/apps/health/core/designsystem/build/reports/lint-results-debug.html

> Task :core:designsystem:lintDebug
> Task :core:designsystem:lint
> Task :core:files:generateDebugLintReportModel
> Task :core:files:lintReportDebug
> Task :core:files:lintDebug
> Task :core:files:lint
> Task :core:notifications:generateDebugLintReportModel

> Task :core:notifications:lintReportDebug
Wrote HTML report to file:///home/munaim/srv/apps/health/core/notifications/build/reports/lint-results-debug.html

> Task :core:notifications:lintDebug
> Task :core:notifications:lint
> Task :core:security:generateDebugLintReportModel
> Task :core:security:lintReportDebug
> Task :core:security:lintDebug
> Task :core:security:lint
> Task :core:ui:generateDebugLintReportModel
> Task :core:ui:lintReportDebug
> Task :core:ui:lintDebug
> Task :core:ui:lint
> Task :feature:appointments:generateDebugLintReportModel
> Task :feature:appointments:lintReportDebug
> Task :feature:appointments:lintDebug
> Task :feature:appointments:lint
> Task :feature:dashboard:generateDebugLintReportModel
> Task :feature:dashboard:lintReportDebug
> Task :feature:dashboard:lintDebug
> Task :feature:dashboard:lint
> Task :feature:medications:generateDebugLintReportModel
> Task :feature:medications:lintReportDebug
> Task :feature:medications:lintDebug
> Task :feature:medications:lint
> Task :feature:onboarding:generateDebugLintReportModel
> Task :feature:onboarding:lintReportDebug
> Task :feature:onboarding:lintDebug
> Task :feature:onboarding:lint
> Task :feature:profile:generateDebugLintReportModel
> Task :feature:profile:lintReportDebug
> Task :feature:profile:lintDebug
> Task :feature:profile:lint
> Task :feature:records:generateDebugLintReportModel
> Task :feature:records:lintReportDebug
> Task :feature:records:lintDebug
> Task :feature:records:lint
> Task :feature:reminders:generateDebugLintReportModel
> Task :feature:reminders:lintReportDebug
> Task :feature:reminders:lintDebug
> Task :feature:reminders:lint
> Task :feature:reports:generateDebugLintReportModel
> Task :feature:reports:lintReportDebug
> Task :feature:reports:lintDebug
> Task :feature:reports:lint
> Task :feature:settings:generateDebugLintReportModel
> Task :feature:settings:lintReportDebug
> Task :feature:settings:lintDebug
> Task :feature:settings:lint
> Task :feature:symptoms:generateDebugLintReportModel
> Task :feature:symptoms:lintReportDebug
> Task :feature:symptoms:lintDebug
> Task :feature:symptoms:lint
> Task :feature:timeline:generateDebugLintReportModel
> Task :feature:timeline:lintReportDebug
> Task :feature:timeline:lintDebug
> Task :feature:timeline:lint

BUILD SUCCESSFUL in 4m 20s
856 actionable tasks: 256 executed, 600 up-to-date
